Archive member included to satisfy reference by file (symbol)

/Applications/ArmGNUToolchain/13.2.Rel1/arm-none-eabi/bin/../lib/gcc/arm-none-eabi/13.2.1/thumb/v6-m/nofp/libgcc.a(_dvmd_tls.o)
                              CMakeFiles/hw4_spi.dir/Users/jz/Desktop/Pico/pico-sdk/src/rp2_common/pico_divider/divider.S.obj (__aeabi_idiv0)
/Applications/ArmGNUToolchain/13.2.Rel1/arm-none-eabi/bin/../lib/gcc/arm-none-eabi/13.2.1/../../../../arm-none-eabi/lib/thumb/v6-m/nofp/libg.a(libc_a-calloc.o)
                              CMakeFiles/hw4_spi.dir/Users/jz/Desktop/Pico/pico-sdk/src/rp2_common/pico_malloc/pico_malloc.c.obj (calloc)
/Applications/ArmGNUToolchain/13.2.Rel1/arm-none-eabi/bin/../lib/gcc/arm-none-eabi/13.2.1/../../../../arm-none-eabi/lib/thumb/v6-m/nofp/libg.a(libc_a-callocr.o)
                              /Applications/ArmGNUToolchain/13.2.Rel1/arm-none-eabi/bin/../lib/gcc/arm-none-eabi/13.2.1/../../../../arm-none-eabi/lib/thumb/v6-m/nofp/libg.a(libc_a-calloc.o) (_calloc_r)
/Applications/ArmGNUToolchain/13.2.Rel1/arm-none-eabi/bin/../lib/gcc/arm-none-eabi/13.2.1/../../../../arm-none-eabi/lib/thumb/v6-m/nofp/libg.a(libc_a-malloc.o)
                              CMakeFiles/hw4_spi.dir/Users/jz/Desktop/Pico/pico-sdk/src/rp2_common/pico_malloc/pico_malloc.c.obj (malloc)
/Applications/ArmGNUToolchain/13.2.Rel1/arm-none-eabi/bin/../lib/gcc/arm-none-eabi/13.2.1/../../../../arm-none-eabi/lib/thumb/v6-m/nofp/libg.a(libc_a-mallocr.o)
                              /Applications/ArmGNUToolchain/13.2.Rel1/arm-none-eabi/bin/../lib/gcc/arm-none-eabi/13.2.1/../../../../arm-none-eabi/lib/thumb/v6-m/nofp/libg.a(libc_a-callocr.o) (_malloc_r)
/Applications/ArmGNUToolchain/13.2.Rel1/arm-none-eabi/bin/../lib/gcc/arm-none-eabi/13.2.1/../../../../arm-none-eabi/lib/thumb/v6-m/nofp/libg.a(libc_a-mlock.o)
                              /Applications/ArmGNUToolchain/13.2.Rel1/arm-none-eabi/bin/../lib/gcc/arm-none-eabi/13.2.1/../../../../arm-none-eabi/lib/thumb/v6-m/nofp/libg.a(libc_a-mallocr.o) (__malloc_lock)
/Applications/ArmGNUToolchain/13.2.Rel1/arm-none-eabi/bin/../lib/gcc/arm-none-eabi/13.2.1/../../../../arm-none-eabi/lib/thumb/v6-m/nofp/libg.a(libc_a-realloc.o)
                              CMakeFiles/hw4_spi.dir/Users/jz/Desktop/Pico/pico-sdk/src/rp2_common/pico_malloc/pico_malloc.c.obj (realloc)
/Applications/ArmGNUToolchain/13.2.Rel1/arm-none-eabi/bin/../lib/gcc/arm-none-eabi/13.2.1/../../../../arm-none-eabi/lib/thumb/v6-m/nofp/libg.a(libc_a-reallocr.o)
                              /Applications/ArmGNUToolchain/13.2.Rel1/arm-none-eabi/bin/../lib/gcc/arm-none-eabi/13.2.1/../../../../arm-none-eabi/lib/thumb/v6-m/nofp/libg.a(libc_a-realloc.o) (_realloc_r)
/Applications/ArmGNUToolchain/13.2.Rel1/arm-none-eabi/bin/../lib/gcc/arm-none-eabi/13.2.1/../../../../arm-none-eabi/lib/thumb/v6-m/nofp/libg.a(libc_a-memmove.o)
                              /Applications/ArmGNUToolchain/13.2.Rel1/arm-none-eabi/bin/../lib/gcc/arm-none-eabi/13.2.1/../../../../arm-none-eabi/lib/thumb/v6-m/nofp/libg.a(libc_a-reallocr.o) (memmove)
/Applications/ArmGNUToolchain/13.2.Rel1/arm-none-eabi/bin/../lib/gcc/arm-none-eabi/13.2.1/../../../../arm-none-eabi/lib/thumb/v6-m/nofp/libg.a(libc_a-impure.o)
                              /Applications/ArmGNUToolchain/13.2.Rel1/arm-none-eabi/bin/../lib/gcc/arm-none-eabi/13.2.1/../../../../arm-none-eabi/lib/thumb/v6-m/nofp/libg.a(libc_a-calloc.o) (_impure_ptr)
/Applications/ArmGNUToolchain/13.2.Rel1/arm-none-eabi/bin/../lib/gcc/arm-none-eabi/13.2.1/../../../../arm-none-eabi/lib/thumb/v6-m/nofp/libg.a(libc_a-sbrkr.o)
                              /Applications/ArmGNUToolchain/13.2.Rel1/arm-none-eabi/bin/../lib/gcc/arm-none-eabi/13.2.1/../../../../arm-none-eabi/lib/thumb/v6-m/nofp/libg.a(libc_a-mallocr.o) (_sbrk_r)
/Applications/ArmGNUToolchain/13.2.Rel1/arm-none-eabi/bin/../lib/gcc/arm-none-eabi/13.2.1/../../../../arm-none-eabi/lib/thumb/v6-m/nofp/libg.a(libc_a-errno.o)
                              /Applications/ArmGNUToolchain/13.2.Rel1/arm-none-eabi/bin/../lib/gcc/arm-none-eabi/13.2.1/../../../../arm-none-eabi/lib/thumb/v6-m/nofp/libg.a(libc_a-callocr.o) (__errno)
/Applications/ArmGNUToolchain/13.2.Rel1/arm-none-eabi/bin/../lib/gcc/arm-none-eabi/13.2.1/../../../../arm-none-eabi/lib/thumb/v6-m/nofp/libg.a(libc_a-sysconf.o)
                              /Applications/ArmGNUToolchain/13.2.Rel1/arm-none-eabi/bin/../lib/gcc/arm-none-eabi/13.2.1/../../../../arm-none-eabi/lib/thumb/v6-m/nofp/libg.a(libc_a-mallocr.o) (sysconf)
/Applications/ArmGNUToolchain/13.2.Rel1/arm-none-eabi/bin/../lib/gcc/arm-none-eabi/13.2.1/../../../../arm-none-eabi/lib/thumb/v6-m/nofp/libg.a(libc_a-init.o)
                              /Applications/ArmGNUToolchain/13.2.Rel1/arm-none-eabi/bin/../lib/gcc/arm-none-eabi/13.2.1/../../../../arm-none-eabi/lib/thumb/v6-m/nofp/crt0.o (__libc_init_array)
[...]
Memory Configuration

Name             Origin             Length             Attributes
FLASH            0x10000000         0x00200000         xr
RAM              0x20000000         0x00040000         xrw
SCRATCH_X        0x20040000         0x00001000         xrw
SCRATCH_Y        0x20041000         0x00001000         xrw
*default*        0x00000000         0xffffffff

Linker script and memory map

LOAD /Applications/ArmGNUToolchain/13.2.Rel1/arm-none-eabi/bin/../lib/gcc/arm-none-eabi/13.2.1/thumb/v6-m/nofp/crti.o
LOAD /Applications/ArmGNUToolchain/13.2.Rel1/arm-none-eabi/bin/../lib/gcc/arm-none-eabi/13.2.1/thumb/v6-m/nofp/crtbegin.o
LOAD /Applications/ArmGNUToolchain/13.2.Rel1/arm-none-eabi/bin/../lib/gcc/arm-none-eabi/13.2.1/../../../../arm-none-eabi/lib/thumb/v6-m/nofp/crt0.o

.flash_begin    0x10000000        0x0
                0x10000000                        __flash_binary_start = .

.boot2          0x10000000      0x100
                0x10000000                        __boot2_start__ = .
 *(.boot2)
 .boot2         0x10000000      0x100 /var/folders/5l/x6sm374s72vcxsmrpd28x1p00000gn/T//ccYqrcir.o
                0x10000100                        __boot2_end__ = .
                0x00000001                        ASSERT (((__boot2_end__ - __boot2_start__) == 0x100), ERROR: Pico second stage bootloader must be 256 bytes in size)

.text           0x10000100     0x7670
                0x10000100                        __logical_binary_start = .
 *(.vectors)
 .vectors       0x10000100       0xd4 CMakeFiles/hw4_spi.dir/Users/jz/Desktop/Pico/pico-sdk/src/rp2_common/pico_standard_link/crt0.S.obj
                0x10000100                __VECTOR_TABLE
                0x10000100                __vectors
                0x100001c0                __default_isrs_start
                0x100001c0                isr_invalid
                0x100001c2                isr_nmi
                0x100001c4                isr_hardfault
                0x100001c6                isr_svcall
                0x100001c8                isr_pendsv
                0x100001ca                isr_systick
                0x100001cc                isr_irq28
                0x100001cc                isr_irq19
                0x100001cc                isr_irq0
                0x100001cc                isr_irq6
                0x100001cc                isr_irq22
                0x100001cc                isr_irq17
                0x100001cc                isr_irq14
                0x100001cc                isr_irq2
                0x100001cc                isr_irq10
                0x100001cc                isr_irq8
                0x100001cc                isr_irq24
                0x100001cc                isr_irq1
                0x100001cc                isr_irq7
                0x100001cc                isr_irq21
                0x100001cc                isr_irq20
                0x100001cc                isr_irq15
                0x100001cc                isr_irq25
                0x100001cc                isr_irq4
                0x100001cc                isr_irq16
                0x100001cc                isr_irq29
                0x100001cc                isr_irq26
                0x100001cc                __default_isrs_end
                0x100001cc                isr_irq3
                0x100001cc                isr_irq9
                0x100001cc                __unhandled_user_irq
                0x100001cc                isr_irq13
                0x100001cc                isr_irq27
                0x100001cc                isr_irq31
                0x100001cc                isr_irq5
                0x100001cc                isr_irq11
                0x100001cc                isr_irq23
                0x100001cc                isr_irq18
                0x100001cc                isr_irq30
                0x100001cc                isr_irq12
                0x100001d2                unhandled_user_irq_num_in_r0
 *(.binary_info_header)
 .binary_info_header
                0x100001d4       0x14 CMakeFiles/hw4_spi.dir/Users/jz/Desktop/Pico/pico-sdk/src/rp2_common/pico_standard_link/crt0.S.obj
                0x100001e8                        __binary_info_header_end = .
 *(.reset)
 .reset         0x100001e8       0xa0 CMakeFiles/hw4_spi.dir/Users/jz/Desktop/Pico/pico-sdk/src/rp2_common/pico_standard_link/crt0.S.obj
                0x100001e8                _entry_point
 .reset         0x10000288       0x30 CMakeFiles/hw4_spi.dir/Users/jz/Desktop/Pico/pico-sdk/src/rp2_common/pico_standard_link/binary_info.c.obj
 *(.init)
 .init          0x100002b8        0x4 /Applications/ArmGNUToolchain/13.2.Rel1/arm-none-eabi/bin/../lib/gcc/arm-none-eabi/13.2.1/thumb/v6-m/nofp/crti.o
                0x100002b8                _init
 *(EXCLUDE_FILE(*libm.a: *libc.a:*lib_a-mem*.o *libgcc.a:) .text*)
 .text.register_tm_clones
                0x100002bc       0x28 /Applications/ArmGNUToolchain/13.2.Rel1/arm-none-eabi/bin/../lib/gcc/arm-none-eabi/13.2.1/thumb/v6-m/nofp/crtbegin.o
 .text.frame_dummy
                0x100002e4       0x24 /Applications/ArmGNUToolchain/13.2.Rel1/arm-none-eabi/bin/../lib/gcc/arm-none-eabi/13.2.1/thumb/v6-m/nofp/crtbegin.o
 .text.write_register
                0x10000308       0x58 CMakeFiles/hw4_spi.dir/hw4_spi.c.obj
 .text.main     0x10000360      0x128 CMakeFiles/hw4_spi.dir/hw4_spi.c.obj
                0x10000360                main
 .text.gpio_set_function
                0x10000488       0x30 CMakeFiles/hw4_spi.dir/Users/jz/Desktop/Pico/pico-sdk/src/rp2_common/hardware_gpio/gpio.c.obj
                0x10000488                gpio_set_function
 .text.gpio_init
                0x100004b8       0x16 CMakeFiles/hw4_spi.dir/Users/jz/Desktop/Pico/pico-sdk/src/rp2_common/hardware_gpio/gpio.c.obj
                0x100004b8                gpio_init
 *fill*         0x100004ce        0x2 
 .text.running_on_fpga
                0x100004d0       0x14 CMakeFiles/hw4_spi.dir/Users/jz/Desktop/Pico/pico-sdk/src/rp2_common/pico_platform/platform.c.obj
                0x100004d0                running_on_fpga
 .text.hw_claim_lock
                0x100004e4       0x18 CMakeFiles/hw4_spi.dir/Users/jz/Desktop/Pico/pico-sdk/src/rp2_common/hardware_claim/claim.c.obj
                0x100004e4                hw_claim_lock
 .text.hw_claim_unlock
                0x100004fc       0x14 CMakeFiles/hw4_spi.dir/Users/jz/Desktop/Pico/pico-sdk/src/rp2_common/hardware_claim/claim.c.obj
                0x100004fc                hw_claim_unlock
 .text.hw_claim_or_assert
                0x10000510       0x32 CMakeFiles/hw4_spi.dir/Users/jz/Desktop/Pico/pico-sdk/src/rp2_common/hardware_claim/claim.c.obj
                0x10000510                hw_claim_or_assert
 .text.hw_claim_unused_from_range
                0x10000542       0x50 CMakeFiles/hw4_spi.dir/Users/jz/Desktop/Pico/pico-sdk/src/rp2_common/hardware_claim/claim.c.obj
                0x10000542                hw_claim_unused_from_range
 *fill*         0x10000592        0x2 
 .text.spin_locks_reset
                0x10000594       0x20 CMakeFiles/hw4_spi.dir/Users/jz/Desktop/Pico/pico-sdk/src/rp2_common/hardware_sync/sync.c.obj
                0x10000594                spin_locks_reset
 .text.next_striped_spin_lock_num
                0x100005b4       0x1c CMakeFiles/hw4_spi.dir/Users/jz/Desktop/Pico/pico-sdk/src/rp2_common/hardware_sync/sync.c.obj
                0x100005b4                next_striped_spin_lock_num
 .text.spin_lock_claim_unused
                0x100005d0       0x24 CMakeFiles/hw4_spi.dir/Users/jz/Desktop/Pico/pico-sdk/src/rp2_common/hardware_sync/sync.c.obj
                0x100005d0                spin_lock_claim_unused
 .text.set_raw_irq_handler_and_unlock
                0x100005f4       0x28 CMakeFiles/hw4_spi.dir/Users/jz/Desktop/Pico/pico-sdk/src/rp2_common/hardware_irq/irq.c.obj
 .text.resolve_branch
                0x1000061c       0x30 CMakeFiles/hw4_spi.dir/Users/jz/Desktop/Pico/pico-sdk/src/rp2_common/hardware_irq/irq.c.obj
 .text.make_branch
                0x1000064c       0x48 CMakeFiles/hw4_spi.dir/Users/jz/Desktop/Pico/pico-sdk/src/rp2_common/hardware_irq/irq.c.obj
 .text.insert_branch_and_link
                0x10000694       0x40 CMakeFiles/hw4_spi.dir/Users/jz/Desktop/Pico/pico-sdk/src/rp2_common/hardware_irq/irq.c.obj
 .text.irq_is_enabled
                0x100006d4       0x18 CMakeFiles/hw4_spi.dir/Users/jz/Desktop/Pico/pico-sdk/src/rp2_common/hardware_irq/irq.c.obj
                0x100006d4                irq_is_enabled
 .text.irq_set_mask_enabled
                0x100006ec       0x20 CMakeFiles/hw4_spi.dir/Users/jz/Desktop/Pico/pico-sdk/src/rp2_common/hardware_irq/irq.c.obj
                0x100006ec                irq_set_mask_enabled
 .text.irq_set_enabled
                0x1000070c        0xe CMakeFiles/hw4_spi.dir/Users/jz/Desktop/Pico/pico-sdk/src/rp2_common/hardware_irq/irq.c.obj
                0x1000070c                irq_set_enabled
 *fill*         0x1000071a        0x2 
 .text.irq_set_pending
                0x1000071c       0x10 CMakeFiles/hw4_spi.dir/Users/jz/Desktop/Pico/pico-sdk/src/rp2_common/hardware_irq/irq.c.obj
                0x1000071c                irq_set_pending
 .text.irq_get_vtable_handler
                0x1000072c       0x10 CMakeFiles/hw4_spi.dir/Users/jz/Desktop/Pico/pico-sdk/src/rp2_common/hardware_irq/irq.c.obj
                0x1000072c                irq_get_vtable_handler
 .text.irq_has_shared_handler
                0x1000073c       0x24 CMakeFiles/hw4_spi.dir/Users/jz/Desktop/Pico/pico-sdk/src/rp2_common/hardware_irq/irq.c.obj
                0x1000073c                irq_has_shared_handler
 .text.irq_set_exclusive_handler
                0x10000760       0x54 CMakeFiles/hw4_spi.dir/Users/jz/Desktop/Pico/pico-sdk/src/rp2_common/hardware_irq/irq.c.obj
                0x10000760                irq_set_exclusive_handler
 .text.irq_add_shared_handler
                0x100007b4      0x210 CMakeFiles/hw4_spi.dir/Users/jz/Desktop/Pico/pico-sdk/src/rp2_common/hardware_irq/irq.c.obj
                0x100007b4                irq_add_shared_handler
 .text.irq_remove_handler
                0x100009c4      0x188 CMakeFiles/hw4_spi.dir/Users/jz/Desktop/Pico/pico-sdk/src/rp2_common/hardware_irq/irq.c.obj
                0x100009c4                irq_remove_handler
 .text.irq_add_tail_to_free_list
                0x10000b4c       0xf0 CMakeFiles/hw4_spi.dir/Users/jz/Desktop/Pico/pico-sdk/src/rp2_common/hardware_irq/irq.c.obj
                0x10000b4c                irq_add_tail_to_free_list
 .text.irq_init_priorities
                0x10000c3c       0x1c CMakeFiles/hw4_spi.dir/Users/jz/Desktop/Pico/pico-sdk/src/rp2_common/hardware_irq/irq.c.obj
                0x10000c3c                irq_init_priorities
 .text.user_irq_claim_unused
                0x10000c58       0x2c CMakeFiles/hw4_spi.dir/Users/jz/Desktop/Pico/pico-sdk/src/rp2_common/hardware_irq/irq.c.obj
                0x10000c58                user_irq_claim_unused
 .text.lock_init
                0x10000c84       0x10 CMakeFiles/hw4_spi.dir/Users/jz/Desktop/Pico/pico-sdk/src/common/pico_sync/lock_core.c.obj
                0x10000c84                lock_init
 .text.update_us_since_boot
                0x10000c94       0x24 CMakeFiles/hw4_spi.dir/Users/jz/Desktop/Pico/pico-sdk/src/common/pico_sync/mutex.c.obj
 .text.delayed_by_ms
                0x10000cb8       0x44 CMakeFiles/hw4_spi.dir/Users/jz/Desktop/Pico/pico-sdk/src/common/pico_sync/mutex.c.obj
 .text.get_absolute_time
                0x10000cfc       0x22 CMakeFiles/hw4_spi.dir/Users/jz/Desktop/Pico/pico-sdk/src/common/pico_sync/mutex.c.obj
 .text.make_timeout_time_ms
                0x10000d1e       0x20 CMakeFiles/hw4_spi.dir/Users/jz/Desktop/Pico/pico-sdk/src/common/pico_sync/mutex.c.obj
 .text.mutex_init
                0x10000d3e       0x1a CMakeFiles/hw4_spi.dir/Users/jz/Desktop/Pico/pico-sdk/src/common/pico_sync/mutex.c.obj
                0x10000d3e                mutex_init
 .text.recursive_mutex_init
                0x10000d58       0x1e CMakeFiles/hw4_spi.dir/Users/jz/Desktop/Pico/pico-sdk/src/common/pico_sync/mutex.c.obj
                0x10000d58                recursive_mutex_init
 *fill*         0x10000d76        0x2 
 .text.critical_section_init_with_lock_num
                0x10000d78       0x14 CMakeFiles/hw4_spi.dir/Users/jz/Desktop/Pico/pico-sdk/src/common/pico_sync/critical_section.c.obj
                0x10000d78                critical_section_init_with_lock_num
 .text.critical_section_init
                0x10000d8c       0x14 CMakeFiles/hw4_spi.dir/Users/jz/Desktop/Pico/pico-sdk/src/common/pico_sync/critical_section.c.obj
                0x10000d8c                critical_section_init
 .text.time_reached
                0x10000da0       0x28 CMakeFiles/hw4_spi.dir/Users/jz/Desktop/Pico/pico-sdk/src/common/pico_time/time.c.obj
 .text.get_entry
                0x10000dc8       0x38 CMakeFiles/hw4_spi.dir/Users/jz/Desktop/Pico/pico-sdk/src/common/pico_time/time.c.obj
 .text.timer_pool_entry_comparator
                0x10000e00       0x2e CMakeFiles/hw4_spi.dir/Users/jz/Desktop/Pico/pico-sdk/src/common/pico_time/time.c.obj
                0x10000e00                timer_pool_entry_comparator
 *fill*         0x10000e2e        0x2 
 .text.update_us_since_boot
                0x10000e30       0x24 CMakeFiles/hw4_spi.dir/Users/jz/Desktop/Pico/pico-sdk/src/common/pico_time/time.c.obj
 .text.delayed_by_us
                0x10000e54       0x34 CMakeFiles/hw4_spi.dir/Users/jz/Desktop/Pico/pico-sdk/src/common/pico_time/time.c.obj
 .text.ph_get_node
                0x10000e88       0x30 CMakeFiles/hw4_spi.dir/Users/jz/Desktop/Pico/pico-sdk/src/common/pico_time/time.c.obj
 .text.ph_contains_node
                0x10000eb8       0x1e CMakeFiles/hw4_spi.dir/Users/jz/Desktop/Pico/pico-sdk/src/common/pico_time/time.c.obj
 .text.ph_new_node
                0x10000ed6       0x28 CMakeFiles/hw4_spi.dir/Users/jz/Desktop/Pico/pico-sdk/src/common/pico_time/time.c.obj
 *fill*         0x10000efe        0x2 
 .text.ph_add_child_node
                0x10000f00       0x6c CMakeFiles/hw4_spi.dir/Users/jz/Desktop/Pico/pico-sdk/src/common/pico_time/time.c.obj
 .text.ph_merge_nodes
                0x10000f6c       0x3e CMakeFiles/hw4_spi.dir/Users/jz/Desktop/Pico/pico-sdk/src/common/pico_time/time.c.obj
 *fill*         0x10000faa        0x2 
 .text.ph_insert_node
                0x10000fac       0x3c CMakeFiles/hw4_spi.dir/Users/jz/Desktop/Pico/pico-sdk/src/common/pico_time/time.c.obj
 .text.ph_free_node
                0x10000fe8       0x5c CMakeFiles/hw4_spi.dir/Users/jz/Desktop/Pico/pico-sdk/src/common/pico_time/time.c.obj
 .text.get_entry_id_high
                0x10001044       0x30 CMakeFiles/hw4_spi.dir/Users/jz/Desktop/Pico/pico-sdk/src/common/pico_time/time.c.obj
 .text.alarm_pool_post_alloc_init
                0x10001074       0x40 CMakeFiles/hw4_spi.dir/Users/jz/Desktop/Pico/pico-sdk/src/common/pico_time/time.c.obj
 .text.sleep_until_callback
                0x100010b4       0x30 CMakeFiles/hw4_spi.dir/Users/jz/Desktop/Pico/pico-sdk/src/common/pico_time/time.c.obj
 .text.get_absolute_time
                0x100010e4       0x22 CMakeFiles/hw4_spi.dir/Users/jz/Desktop/Pico/pico-sdk/src/common/pico_time/time.c.obj
 .text.make_timeout_time_us
                0x10001106       0x24 CMakeFiles/hw4_spi.dir/Users/jz/Desktop/Pico/pico-sdk/src/common/pico_time/time.c.obj
 *fill*         0x1000112a        0x2 
 .text.add_alarm_under_lock
                0x1000112c       0x94 CMakeFiles/hw4_spi.dir/Users/jz/Desktop/Pico/pico-sdk/src/common/pico_time/time.c.obj
 .text.alarm_pool_alarm_callback
                0x100011c0      0x210 CMakeFiles/hw4_spi.dir/Users/jz/Desktop/Pico/pico-sdk/src/common/pico_time/time.c.obj
 .text.alarm_pool_init_default
                0x100013d0       0x40 CMakeFiles/hw4_spi.dir/Users/jz/Desktop/Pico/pico-sdk/src/common/pico_time/time.c.obj
                0x100013d0                alarm_pool_init_default
 .text.alarm_pool_get_default
                0x10001410       0x2c CMakeFiles/hw4_spi.dir/Users/jz/Desktop/Pico/pico-sdk/src/common/pico_time/time.c.obj
                0x10001410                alarm_pool_get_default
 .text.alarm_pool_add_alarm_at
                0x1000143c      0x10e CMakeFiles/hw4_spi.dir/Users/jz/Desktop/Pico/pico-sdk/src/common/pico_time/time.c.obj
                0x1000143c                alarm_pool_add_alarm_at
 .text.add_alarm_at
                0x1000154a       0x2e CMakeFiles/hw4_spi.dir/Users/jz/Desktop/Pico/pico-sdk/src/common/pico_time/time.c.obj
 .text.alarm_pool_cancel_alarm
                0x10001578       0xa8 CMakeFiles/hw4_spi.dir/Users/jz/Desktop/Pico/pico-sdk/src/common/pico_time/time.c.obj
                0x10001578                alarm_pool_cancel_alarm
 .text.cancel_alarm
                0x10001620       0x10 CMakeFiles/hw4_spi.dir/Users/jz/Desktop/Pico/pico-sdk/src/common/pico_time/time.c.obj
 .text.alarm_pool_core_num
                0x10001630        0x4 CMakeFiles/hw4_spi.dir/Users/jz/Desktop/Pico/pico-sdk/src/common/pico_time/time.c.obj
                0x10001630                alarm_pool_core_num
 .text.sleep_until
                0x10001634       0xb0 CMakeFiles/hw4_spi.dir/Users/jz/Desktop/Pico/pico-sdk/src/common/pico_time/time.c.obj
                0x10001634                sleep_until
 .text.sleep_us
                0x100016e4       0x1a CMakeFiles/hw4_spi.dir/Users/jz/Desktop/Pico/pico-sdk/src/common/pico_time/time.c.obj
                0x100016e4                sleep_us
 .text.sleep_ms
                0x100016fe       0x14 CMakeFiles/hw4_spi.dir/Users/jz/Desktop/Pico/pico-sdk/src/common/pico_time/time.c.obj
                0x100016fe                sleep_ms
 *fill*         0x10001712        0x2 
 .text.best_effort_wfe_or_timeout
                0x10001714       0x44 CMakeFiles/hw4_spi.dir/Users/jz/Desktop/Pico/pico-sdk/src/common/pico_time/time.c.obj
                0x10001714                best_effort_wfe_or_timeout
 .text.hardware_alarm_irq_handler
                0x10001758       0x8c CMakeFiles/hw4_spi.dir/Users/jz/Desktop/Pico/pico-sdk/src/rp2_common/hardware_timer/timer.c.obj
 .text.hardware_alarm_claim
                0x100017e4       0x18 CMakeFiles/hw4_spi.dir/Users/jz/Desktop/Pico/pico-sdk/src/rp2_common/hardware_timer/timer.c.obj
                0x100017e4                hardware_alarm_claim
 .text.time_us_64
                0x100017fc       0x18 CMakeFiles/hw4_spi.dir/Users/jz/Desktop/Pico/pico-sdk/src/rp2_common/hardware_timer/timer.c.obj
                0x100017fc                time_us_64
 .text.busy_wait_until
                0x10001814       0x28 CMakeFiles/hw4_spi.dir/Users/jz/Desktop/Pico/pico-sdk/src/rp2_common/hardware_timer/timer.c.obj
                0x10001814                busy_wait_until
 .text.hardware_alarm_set_callback
                0x1000183c       0x90 CMakeFiles/hw4_spi.dir/Users/jz/Desktop/Pico/pico-sdk/src/rp2_common/hardware_timer/timer.c.obj
                0x1000183c                hardware_alarm_set_callback
 .text.hardware_alarm_set_target
                0x100018cc       0xe8 CMakeFiles/hw4_spi.dir/Users/jz/Desktop/Pico/pico-sdk/src/rp2_common/hardware_timer/timer.c.obj
                0x100018cc                hardware_alarm_set_target
 .text.hardware_alarm_cancel
                0x100019b4       0x40 CMakeFiles/hw4_spi.dir/Users/jz/Desktop/Pico/pico-sdk/src/rp2_common/hardware_timer/timer.c.obj
                0x100019b4                hardware_alarm_cancel
 .text.ph_get_node
                0x100019f4       0x30 CMakeFiles/hw4_spi.dir/Users/jz/Desktop/Pico/pico-sdk/src/common/pico_util/pheap.c.obj
 .text.ph_add_child_node
                0x10001a24       0x6c CMakeFiles/hw4_spi.dir/Users/jz/Desktop/Pico/pico-sdk/src/common/pico_util/pheap.c.obj
 .text.ph_merge_nodes
                0x10001a90       0x3e CMakeFiles/hw4_spi.dir/Users/jz/Desktop/Pico/pico-sdk/src/common/pico_util/pheap.c.obj
 .text.ph_clear
                0x10001ace       0x34 CMakeFiles/hw4_spi.dir/Users/jz/Desktop/Pico/pico-sdk/src/common/pico_util/pheap.c.obj
                0x10001ace                ph_clear
 .text.ph_post_alloc_init
                0x10001b02        0xe CMakeFiles/hw4_spi.dir/Users/jz/Desktop/Pico/pico-sdk/src/common/pico_util/pheap.c.obj
                0x10001b02                ph_post_alloc_init
 .text.ph_merge_two_pass
                0x10001b10       0x5c CMakeFiles/hw4_spi.dir/Users/jz/Desktop/Pico/pico-sdk/src/common/pico_util/pheap.c.obj
                0x10001b10                ph_merge_two_pass
 .text.ph_remove_any_head
                0x10001b6c       0xc0 CMakeFiles/hw4_spi.dir/Users/jz/Desktop/Pico/pico-sdk/src/common/pico_util/pheap.c.obj
 .text.ph_remove_head
                0x10001c2c       0x14 CMakeFiles/hw4_spi.dir/Users/jz/Desktop/Pico/pico-sdk/src/common/pico_util/pheap.c.obj
                0x10001c2c                ph_remove_head
 .text.ph_remove_and_free_node
                0x10001c40       0xa0 CMakeFiles/hw4_spi.dir/Users/jz/Desktop/Pico/pico-sdk/src/common/pico_util/pheap.c.obj
                0x10001c40                ph_remove_and_free_node
 .text.clock_configure
                0x10001ce0      0x108 CMakeFiles/hw4_spi.dir/Users/jz/Desktop/Pico/pico-sdk/src/rp2_common/hardware_clocks/clocks.c.obj
                0x10001ce0                clock_configure
 .text.clocks_init
                0x10001de8      0x100 CMakeFiles/hw4_spi.dir/Users/jz/Desktop/Pico/pico-sdk/src/rp2_common/hardware_clocks/clocks.c.obj
                0x10001de8                clocks_init
 .text.clock_get_hz
                0x10001ee8        0xc CMakeFiles/hw4_spi.dir/Users/jz/Desktop/Pico/pico-sdk/src/rp2_common/hardware_clocks/clocks.c.obj
                0x10001ee8                clock_get_hz
 .text.pll_init
                0x10001ef4      0x120 CMakeFiles/hw4_spi.dir/Users/jz/Desktop/Pico/pico-sdk/src/rp2_common/hardware_pll/pll.c.obj
                0x10001ef4                pll_init
 .text.watchdog_start_tick
                0x10002014       0x10 CMakeFiles/hw4_spi.dir/Users/jz/Desktop/Pico/pico-sdk/src/rp2_common/hardware_watchdog/watchdog.c.obj
                0x10002014                watchdog_start_tick
 .text.watchdog_update
                0x10002024       0x14 CMakeFiles/hw4_spi.dir/Users/jz/Desktop/Pico/pico-sdk/src/rp2_common/hardware_watchdog/watchdog.c.obj
                0x10002024                watchdog_update
 .text._watchdog_enable
                0x10002038       0x78 CMakeFiles/hw4_spi.dir/Users/jz/Desktop/Pico/pico-sdk/src/rp2_common/hardware_watchdog/watchdog.c.obj
                0x10002038                _watchdog_enable
 .text.watchdog_reboot
                0x100020b0       0x48 CMakeFiles/hw4_spi.dir/Users/jz/Desktop/Pico/pico-sdk/src/rp2_common/hardware_watchdog/watchdog.c.obj
                0x100020b0                watchdog_reboot
 .text.xosc_init
                0x100020f8       0x28 CMakeFiles/hw4_spi.dir/Users/jz/Desktop/Pico/pico-sdk/src/rp2_common/hardware_xosc/xosc.c.obj
                0x100020f8                xosc_init
 .text._exit    0x10002120        0x4 CMakeFiles/hw4_spi.dir/Users/jz/Desktop/Pico/pico-sdk/src/rp2_common/pico_runtime/runtime.c.obj
                0x10002120                _exit
 .text.exit     0x10002124        0x6 CMakeFiles/hw4_spi.dir/Users/jz/Desktop/Pico/pico-sdk/src/rp2_common/pico_runtime/runtime.c.obj
                0x10002124                exit
 *fill*         0x1000212a        0x2 
 .text.__assert_func
                0x1000212c       0x38 CMakeFiles/hw4_spi.dir/Users/jz/Desktop/Pico/pico-sdk/src/rp2_common/pico_runtime/runtime.c.obj
                0x1000212c                __assert_func
 .text.runtime_init
                0x10002164       0xf8 CMakeFiles/hw4_spi.dir/Users/jz/Desktop/Pico/pico-sdk/src/rp2_common/pico_runtime/runtime.c.obj
                0x10002164                runtime_init
 .text.panic    0x1000225c       0x30 CMakeFiles/hw4_spi.dir/Users/jz/Desktop/Pico/pico-sdk/src/rp2_common/pico_runtime/runtime.c.obj
                0x1000225c                panic
 .text._out_null
                0x1000228c        0x2 CMakeFiles/hw4_spi.dir/Users/jz/Desktop/Pico/pico-sdk/src/rp2_common/pico_printf/printf.c.obj
 .text._out_fct
                0x1000228e        0xe CMakeFiles/hw4_spi.dir/Users/jz/Desktop/Pico/pico-sdk/src/rp2_common/pico_printf/printf.c.obj
 .text._atoi    0x1000229c       0x24 CMakeFiles/hw4_spi.dir/Users/jz/Desktop/Pico/pico-sdk/src/rp2_common/pico_printf/printf.c.obj
 .text._out_rev
                0x100022c0       0xae CMakeFiles/hw4_spi.dir/Users/jz/Desktop/Pico/pico-sdk/src/rp2_common/pico_printf/printf.c.obj
 .text._ntoa_format
                0x1000236e      0x110 CMakeFiles/hw4_spi.dir/Users/jz/Desktop/Pico/pico-sdk/src/rp2_common/pico_printf/printf.c.obj
 .text._ntoa_long
                0x1000247e       0xbc CMakeFiles/hw4_spi.dir/Users/jz/Desktop/Pico/pico-sdk/src/rp2_common/pico_printf/printf.c.obj
 .text._ntoa_long_long
                0x1000253a      0x10e CMakeFiles/hw4_spi.dir/Users/jz/Desktop/Pico/pico-sdk/src/rp2_common/pico_printf/printf.c.obj
 .text._etoa    0x10002648      0x420 CMakeFiles/hw4_spi.dir/Users/jz/Desktop/Pico/pico-sdk/src/rp2_common/pico_printf/printf.c.obj
 .text._ftoa    0x10002a68      0x354 CMakeFiles/hw4_spi.dir/Users/jz/Desktop/Pico/pico-sdk/src/rp2_common/pico_printf/printf.c.obj
 .text._vsnprintf
                0x10002dbc      0x668 CMakeFiles/hw4_spi.dir/Users/jz/Desktop/Pico/pico-sdk/src/rp2_common/pico_printf/printf.c.obj
 .text.vfctprintf
                0x10003424       0x20 CMakeFiles/hw4_spi.dir/Users/jz/Desktop/Pico/pico-sdk/src/rp2_common/pico_printf/printf.c.obj
                0x10003424                vfctprintf
 .text          0x10003444       0x10 CMakeFiles/hw4_spi.dir/Users/jz/Desktop/Pico/pico-sdk/src/rp2_common/pico_bit_ops/bit_ops_aeabi.S.obj
 .text.rom_func_lookup
                0x10003454       0x10 CMakeFiles/hw4_spi.dir/Users/jz/Desktop/Pico/pico-sdk/src/rp2_common/pico_bootrom/bootrom.c.obj
                0x10003454                rom_func_lookup
 .text.rom_data_lookup
                0x10003464       0x10 CMakeFiles/hw4_spi.dir/Users/jz/Desktop/Pico/pico-sdk/src/rp2_common/pico_bootrom/bootrom.c.obj
                0x10003464                rom_data_lookup
 .text.rom_funcs_lookup
                0x10003474       0x36 CMakeFiles/hw4_spi.dir/Users/jz/Desktop/Pico/pico-sdk/src/rp2_common/pico_bootrom/bootrom.c.obj
                0x10003474                rom_funcs_lookup
 *fill*         0x100034aa        0x2 
 .text.__wrap___aeabi_idiv
                0x100034ac       0x50 CMakeFiles/hw4_spi.dir/Users/jz/Desktop/Pico/pico-sdk/src/rp2_common/pico_divider/divider.S.obj
                0x100034ac                __wrap___aeabi_idivmod
                0x100034ac                divmod_s32s32
                0x100034ac                div_s32s32
                0x100034ac                __wrap___aeabi_idiv
                0x100034b4                divmod_s32s32_unsafe
                0x100034e0                divmod_s32s32_savestate
 .text.__wrap___aeabi_uidiv
                0x100034fc       0x4c CMakeFiles/hw4_spi.dir/Users/jz/Desktop/Pico/pico-sdk/src/rp2_common/pico_divider/divider.S.obj
                0x100034fc                __wrap___aeabi_uidiv
                0x100034fc                __wrap___aeabi_uidivmod
                0x100034fc                div_u32u32
                0x100034fc                divmod_u32u32
                0x10003504                divmod_u32u32_unsafe
                0x1000352c                divmod_u32u32_savestate
 .text.__wrap___aeabi_ldiv
                0x10003548      0x424 CMakeFiles/hw4_spi.dir/Users/jz/Desktop/Pico/pico-sdk/src/rp2_common/pico_divider/divider.S.obj
                0x10003548                __wrap___aeabi_ldivmod
                0x10003548                div_s64s64
                0x10003548                divmod_s64s64
                0x10003578                divmod_u64u64
                0x10003578                div_u64u64
                0x10003578                __wrap___aeabi_uldivmod
                0x10003588                divmod_u64u64_savestate
                0x100035a8                divmod_s64s64_unsafe
                0x10003630                divmod_u64u64_unsafe
 .text.push_r8_r11
                0x1000396c        0xc CMakeFiles/hw4_spi.dir/Users/jz/Desktop/Pico/pico-sdk/src/rp2_common/pico_double/double_aeabi.S.obj
                0x1000396c                push_r8_r11
 .text.pop_r8_r11
                0x10003978        0xc CMakeFiles/hw4_spi.dir/Users/jz/Desktop/Pico/pico-sdk/src/rp2_common/pico_double/double_aeabi.S.obj
                0x10003978                pop_r8_r11
 .text.__wrap___aeabi_darithmetic
                0x10003984       0x80 CMakeFiles/hw4_spi.dir/Users/jz/Desktop/Pico/pico-sdk/src/rp2_common/pico_double/double_aeabi.S.obj
                0x10003984                __wrap___aeabi_drsub
                0x1000398a                __wrap___aeabi_dsub
                0x1000399c                __wrap___aeabi_dadd
                0x100039ae                __wrap___aeabi_ddiv
                0x100039ea                __wrap___aeabi_dmul
 .text.__wrap___aeabi_cdcmple
                0x10003a04       0x6c CMakeFiles/hw4_spi.dir/Users/jz/Desktop/Pico/pico-sdk/src/rp2_common/pico_double/double_aeabi.S.obj
                0x10003a04                __wrap___aeabi_cdrcmple
                0x10003a14                __wrap___aeabi_cdcmple
                0x10003a14                __wrap___aeabi_cdcmpeq
 .text.__wrap___aeabi_dcmplt
                0x10003a70        0xc CMakeFiles/hw4_spi.dir/Users/jz/Desktop/Pico/pico-sdk/src/rp2_common/pico_double/double_aeabi.S.obj
                0x10003a70                __wrap___aeabi_dcmplt
 .text.__wrap___aeabi_dcmple
                0x10003a7c       0x10 CMakeFiles/hw4_spi.dir/Users/jz/Desktop/Pico/pico-sdk/src/rp2_common/pico_double/double_aeabi.S.obj
                0x10003a7c                __wrap___aeabi_dcmple
 .text.__wrap___aeabi_dcmpge
                0x10003a8c       0x10 CMakeFiles/hw4_spi.dir/Users/jz/Desktop/Pico/pico-sdk/src/rp2_common/pico_double/double_aeabi.S.obj
                0x10003a8c                __wrap___aeabi_dcmpge
 .text.__wrap___aeabi_dcmpgt
                0x10003a9c        0xa CMakeFiles/hw4_spi.dir/Users/jz/Desktop/Pico/pico-sdk/src/rp2_common/pico_double/double_aeabi.S.obj
                0x10003a9c                __wrap___aeabi_dcmpgt
 .text.__wrap___aeabi_dcmpun
                0x10003aa6       0x1c CMakeFiles/hw4_spi.dir/Users/jz/Desktop/Pico/pico-sdk/src/rp2_common/pico_double/double_aeabi.S.obj
                0x10003aa6                __wrap___aeabi_dcmpun
 *fill*         0x10003ac2        0x2 
 .text.__wrap___aeabi_i2d
                0x10003ac4       0x38 CMakeFiles/hw4_spi.dir/Users/jz/Desktop/Pico/pico-sdk/src/rp2_common/pico_double/double_aeabi.S.obj
                0x10003ac4                __wrap___aeabi_ui2d
                0x10003acc                __wrap___aeabi_i2d
 .text.__wrap___aeabi_d2iz
                0x10003afc       0x48 CMakeFiles/hw4_spi.dir/Users/jz/Desktop/Pico/pico-sdk/src/rp2_common/pico_double/double_aeabi.S.obj
                0x10003afc                __wrap___aeabi_d2iz
                0x10003afc                double2int_z
 .text.__wrap___aeabi_d2uiz
                0x10003b44       0x18 CMakeFiles/hw4_spi.dir/Users/jz/Desktop/Pico/pico-sdk/src/rp2_common/pico_double/double_aeabi.S.obj
                0x10003b44                double2uint
                0x10003b44                __wrap___aeabi_d2uiz
 .text.fix642double
                0x10003b5c       0x18 CMakeFiles/hw4_spi.dir/Users/jz/Desktop/Pico/pico-sdk/src/rp2_common/pico_double/double_aeabi.S.obj
                0x10003b5c                fix642double
 .text.__wrap___aeabi_d2f
                0x10003b74       0x18 CMakeFiles/hw4_spi.dir/Users/jz/Desktop/Pico/pico-sdk/src/rp2_common/pico_double/double_aeabi.S.obj
                0x10003b74                __wrap___aeabi_d2f
 .text.__wrap_sincostan_remainder
                0x10003b8c       0x14 CMakeFiles/hw4_spi.dir/Users/jz/Desktop/Pico/pico-sdk/src/rp2_common/pico_double/double_aeabi.S.obj
                0x10003b8c                sincostan_remainder
 .text.__wrap_sin
                0x10003ba0       0x2c CMakeFiles/hw4_spi.dir/Users/jz/Desktop/Pico/pico-sdk/src/rp2_common/pico_double/double_aeabi.S.obj
                0x10003ba0                __wrap_sin
 .text.__aeabi_double_init
                0x10003bcc       0xcc CMakeFiles/hw4_spi.dir/Users/jz/Desktop/Pico/pico-sdk/src/rp2_common/pico_double/double_init_rom.c.obj
                0x10003bcc                __aeabi_double_init
 .text.drem_0   0x10003c98      0x122 CMakeFiles/hw4_spi.dir/Users/jz/Desktop/Pico/pico-sdk/src/rp2_common/pico_double/double_math.c.obj
 *fill*         0x10003dba        0x2 
 .text.__wrap_remquo
                0x10003dbc      0x164 CMakeFiles/hw4_spi.dir/Users/jz/Desktop/Pico/pico-sdk/src/rp2_common/pico_double/double_math.c.obj
                0x10003dbc                __wrap_remquo
 .text.__wrap_remainder
                0x10003f20       0x10 CMakeFiles/hw4_spi.dir/Users/jz/Desktop/Pico/pico-sdk/src/rp2_common/pico_double/double_math.c.obj
                0x10003f20                __wrap_remainder
 .text.double_table_shim_on_use_helper
                0x10003f30       0x34 CMakeFiles/hw4_spi.dir/Users/jz/Desktop/Pico/pico-sdk/src/rp2_common/pico_double/double_v1_rom_shim.S.obj
                0x10003f30                double_table_shim_on_use_helper
 .text.__wrap___aeabi_dsub
                0x10003f64       0x10 CMakeFiles/hw4_spi.dir/Users/jz/Desktop/Pico/pico-sdk/src/rp2_common/pico_double/double_v1_rom_shim.S.obj
                0x10003f64                drsub_shim
                0x10003f6a                dsub_shim
 .text.dadd_shim
                0x10003f74      0x15c CMakeFiles/hw4_spi.dir/Users/jz/Desktop/Pico/pico-sdk/src/rp2_common/pico_double/double_v1_rom_shim.S.obj
                0x10003f74                dadd_shim
 .text.dmul_shim
                0x100040d0      0x15c CMakeFiles/hw4_spi.dir/Users/jz/Desktop/Pico/pico-sdk/src/rp2_common/pico_double/double_v1_rom_shim.S.obj
                0x100040d0                dmul_shim
 .text.ddiv_shim
                0x1000422c      0x1b0 CMakeFiles/hw4_spi.dir/Users/jz/Desktop/Pico/pico-sdk/src/rp2_common/pico_double/double_v1_rom_shim.S.obj
                0x1000422c                ddiv_shim
 .text.dcordic_vec_step
                0x100043dc        0xe CMakeFiles/hw4_spi.dir/Users/jz/Desktop/Pico/pico-sdk/src/rp2_common/pico_double/double_v1_rom_shim.S.obj
                0x100043dc                dcordic_vec_step
 .text.dcordic_rot_step
                0x100043ea       0x76 CMakeFiles/hw4_spi.dir/Users/jz/Desktop/Pico/pico-sdk/src/rp2_common/pico_double/double_v1_rom_shim.S.obj
                0x100043ea                dcordic_rot_step
 .text.double2uint_shim
                0x10004460        0xe CMakeFiles/hw4_spi.dir/Users/jz/Desktop/Pico/pico-sdk/src/rp2_common/pico_double/double_v1_rom_shim.S.obj
                0x10004460                double2uint_shim
                0x10004462                double2ufix_shim
 .text.double2int64_shim
                0x1000446e       0x1a CMakeFiles/hw4_spi.dir/Users/jz/Desktop/Pico/pico-sdk/src/rp2_common/pico_double/double_v1_rom_shim.S.obj
                0x1000446e                double2int64_shim
                0x10004470                double2fix64_shim
 .text.double2uint64_shim
                0x10004488       0x70 CMakeFiles/hw4_spi.dir/Users/jz/Desktop/Pico/pico-sdk/src/rp2_common/pico_double/double_v1_rom_shim.S.obj
                0x10004488                double2uint64_shim
                0x1000448a                double2ufix64_shim
                0x100044aa                d2fix_a
 .text.double2float_shim
                0x100044f8       0x5c CMakeFiles/hw4_spi.dir/Users/jz/Desktop/Pico/pico-sdk/src/rp2_common/pico_double/double_v1_rom_shim.S.obj
                0x100044f8                double2float_shim
 .text.x2double_shims
                0x10004554       0x90 CMakeFiles/hw4_spi.dir/Users/jz/Desktop/Pico/pico-sdk/src/rp2_common/pico_double/double_v1_rom_shim.S.obj
                0x10004554                uint2double_shim
                0x10004556                ufix2double_shim
                0x1000455c                int2double_shim
                0x1000455e                fix2double_shim
                0x10004564                uint642double_shim
                0x10004566                ufix642double_shim
                0x1000456c                int642double_shim
                0x1000456e                fix642double_shim
 .text.dunpacks
                0x100045e4       0x3c CMakeFiles/hw4_spi.dir/Users/jz/Desktop/Pico/pico-sdk/src/rp2_common/pico_double/double_v1_rom_shim.S.obj
                0x100045e4                dunpacks
 .text.dreduce  0x10004620       0x82 CMakeFiles/hw4_spi.dir/Users/jz/Desktop/Pico/pico-sdk/src/rp2_common/pico_double/double_v1_rom_shim.S.obj
                0x10004620                dreduce
 .text.dsin_shim
                0x100046a2       0x14 CMakeFiles/hw4_spi.dir/Users/jz/Desktop/Pico/pico-sdk/src/rp2_common/pico_double/double_v1_rom_shim.S.obj
                0x100046a2                dsin_shim
 *fill*         0x100046b6        0x2 
 .text.dtrig_guts
                0x100046b8      0x2ec CMakeFiles/hw4_spi.dir/Users/jz/Desktop/Pico/pico-sdk/src/rp2_common/pico_double/double_v1_rom_shim.S.obj
                0x10004790                datan2_shim
 .text.__aeabi_lmul
                0x100049a4       0x32 CMakeFiles/hw4_spi.dir/Users/jz/Desktop/Pico/pico-sdk/src/rp2_common/pico_int64_ops/pico_int64_ops_aeabi.S.obj
                0x100049a4                __wrap___aeabi_lmul
 *fill*         0x100049d6        0x2 
 .text.__wrap___aeabi_farithmetic
                0x100049d8       0x58 CMakeFiles/hw4_spi.dir/Users/jz/Desktop/Pico/pico-sdk/src/rp2_common/pico_float/float_aeabi.S.obj
                0x100049d8                __wrap___aeabi_frsub
                0x100049de                __wrap___aeabi_fsub
                0x100049e8                __wrap___aeabi_fadd
                0x100049f2                __wrap___aeabi_fdiv
                0x10004a1e                __wrap___aeabi_fmul
 .text.__wrap___aeabi_f2uiz
                0x10004a30       0x10 CMakeFiles/hw4_spi.dir/Users/jz/Desktop/Pico/pico-sdk/src/rp2_common/pico_float/float_aeabi.S.obj
                0x10004a30                __wrap___aeabi_f2uiz
 .text.__aeabi_float_init
                0x10004a40       0xfc CMakeFiles/hw4_spi.dir/Users/jz/Desktop/Pico/pico-sdk/src/rp2_common/pico_float/float_init_rom.c.obj
                0x10004a40                __aeabi_float_init
 .text.float_table_shim_on_use_helper
                0x10004b3c       0x34 CMakeFiles/hw4_spi.dir/Users/jz/Desktop/Pico/pico-sdk/src/rp2_common/pico_float/float_v1_rom_shim.S.obj
                0x10004b3c                float_table_shim_on_use_helper
 .text          0x10004b70       0x10 CMakeFiles/hw4_spi.dir/Users/jz/Desktop/Pico/pico-sdk/src/rp2_common/pico_mem_ops/mem_ops_aeabi.S.obj
                0x10004b70                __aeabi_mem_init
 .text.memset   0x10004b80        0xc CMakeFiles/hw4_spi.dir/Users/jz/Desktop/Pico/pico-sdk/src/rp2_common/pico_mem_ops/mem_ops_aeabi.S.obj
                0x10004b80                __wrap_memset
 .text.memcpy   0x10004b8c        0xc CMakeFiles/hw4_spi.dir/Users/jz/Desktop/Pico/pico-sdk/src/rp2_common/pico_mem_ops/mem_ops_aeabi.S.obj
                0x10004b8c                __wrap___aeabi_memcpy
                0x10004b8c                __wrap_memcpy
 .text.stdio_out_chars_no_crlf
                0x10004b98        0xe CMakeFiles/hw4_spi.dir/Users/jz/Desktop/Pico/pico-sdk/src/rp2_common/pico_stdio/stdio.c.obj
 *fill*         0x10004ba6        0x2 
 .text.stdio_out_chars_crlf
                0x10004ba8       0x80 CMakeFiles/hw4_spi.dir/Users/jz/Desktop/Pico/pico-sdk/src/rp2_common/pico_stdio/stdio.c.obj
 .text.stdio_stack_buffer_flush
                0x10004c28       0x44 CMakeFiles/hw4_spi.dir/Users/jz/Desktop/Pico/pico-sdk/src/rp2_common/pico_stdio/stdio.c.obj
 .text.stdio_buffered_printer
                0x10004c6c       0x20 CMakeFiles/hw4_spi.dir/Users/jz/Desktop/Pico/pico-sdk/src/rp2_common/pico_stdio/stdio.c.obj
 .text.update_us_since_boot
                0x10004c8c       0x24 CMakeFiles/hw4_spi.dir/Users/jz/Desktop/Pico/pico-sdk/src/rp2_common/pico_stdio/stdio.c.obj
 .text.get_absolute_time
                0x10004cb0       0x22 CMakeFiles/hw4_spi.dir/Users/jz/Desktop/Pico/pico-sdk/src/rp2_common/pico_stdio/stdio.c.obj
 *fill*         0x10004cd2        0x2 
 .text.delayed_by_ms
                0x10004cd4       0x44 CMakeFiles/hw4_spi.dir/Users/jz/Desktop/Pico/pico-sdk/src/rp2_common/pico_stdio/stdio.c.obj
 .text.make_timeout_time_ms
                0x10004d18       0x20 CMakeFiles/hw4_spi.dir/Users/jz/Desktop/Pico/pico-sdk/src/rp2_common/pico_stdio/stdio.c.obj
 .text.stdout_serialize_begin
                0x10004d38       0x20 CMakeFiles/hw4_spi.dir/Users/jz/Desktop/Pico/pico-sdk/src/rp2_common/pico_stdio/stdio.c.obj
                0x10004d38                stdout_serialize_begin
 .text.stdout_serialize_end
                0x10004d58       0x10 CMakeFiles/hw4_spi.dir/Users/jz/Desktop/Pico/pico-sdk/src/rp2_common/pico_stdio/stdio.c.obj
                0x10004d58                stdout_serialize_end
 .text.stdio_put_string
                0x10004d68       0x98 CMakeFiles/hw4_spi.dir/Users/jz/Desktop/Pico/pico-sdk/src/rp2_common/pico_stdio/stdio.c.obj
 .text.stdio_set_driver_enabled
                0x10004e00       0x2c CMakeFiles/hw4_spi.dir/Users/jz/Desktop/Pico/pico-sdk/src/rp2_common/pico_stdio/stdio.c.obj
                0x10004e00                stdio_set_driver_enabled
 .text.stdio_flush
                0x10004e2c       0x20 CMakeFiles/hw4_spi.dir/Users/jz/Desktop/Pico/pico-sdk/src/rp2_common/pico_stdio/stdio.c.obj
                0x10004e2c                stdio_flush
 .text.__wrap_puts
                0x10004e4c       0x1e CMakeFiles/hw4_spi.dir/Users/jz/Desktop/Pico/pico-sdk/src/rp2_common/pico_stdio/stdio.c.obj
                0x10004e4c                __wrap_puts
 *fill*         0x10004e6a        0x2 
 .text.__wrap_vprintf
                0x10004e6c       0x40 CMakeFiles/hw4_spi.dir/Users/jz/Desktop/Pico/pico-sdk/src/rp2_common/pico_stdio/stdio.c.obj
                0x10004e6c                __wrap_vprintf
 .text.__wrap_printf
                0x10004eac       0x18 CMakeFiles/hw4_spi.dir/Users/jz/Desktop/Pico/pico-sdk/src/rp2_common/pico_stdio/stdio.c.obj
                0x10004eac                __wrap_printf
 .text.stdio_init_all
                0x10004ec4        0x8 CMakeFiles/hw4_spi.dir/Users/jz/Desktop/Pico/pico-sdk/src/rp2_common/pico_stdio/stdio.c.obj
                0x10004ec4                stdio_init_all
 .text.resetd_init
                0x10004ecc        0x2 CMakeFiles/hw4_spi.dir/Users/jz/Desktop/Pico/pico-sdk/src/rp2_common/pico_stdio_usb/reset_interface.c.obj
 *fill*         0x10004ece        0x2 
 .text.resetd_reset
                0x10004ed0        0xc CMakeFiles/hw4_spi.dir/Users/jz/Desktop/Pico/pico-sdk/src/rp2_common/pico_stdio_usb/reset_interface.c.obj
 .text.resetd_open
                0x10004edc       0x34 CMakeFiles/hw4_spi.dir/Users/jz/Desktop/Pico/pico-sdk/src/rp2_common/pico_stdio_usb/reset_interface.c.obj
 .text.resetd_xfer_cb
                0x10004f10        0x4 CMakeFiles/hw4_spi.dir/Users/jz/Desktop/Pico/pico-sdk/src/rp2_common/pico_stdio_usb/reset_interface.c.obj
 .text.reset_usb_boot
                0x10004f14       0x18 CMakeFiles/hw4_spi.dir/Users/jz/Desktop/Pico/pico-sdk/src/rp2_common/pico_stdio_usb/reset_interface.c.obj
 .text.resetd_control_xfer_cb
                0x10004f2c       0x5c CMakeFiles/hw4_spi.dir/Users/jz/Desktop/Pico/pico-sdk/src/rp2_common/pico_stdio_usb/reset_interface.c.obj
 .text.usbd_app_driver_get_cb
                0x10004f88        0xc CMakeFiles/hw4_spi.dir/Users/jz/Desktop/Pico/pico-sdk/src/rp2_common/pico_stdio_usb/reset_interface.c.obj
                0x10004f88                usbd_app_driver_get_cb
 .text.tud_cdc_line_coding_cb
                0x10004f94       0x28 CMakeFiles/hw4_spi.dir/Users/jz/Desktop/Pico/pico-sdk/src/rp2_common/pico_stdio_usb/reset_interface.c.obj
                0x10004f94                tud_cdc_line_coding_cb
 .text.stdio_usb_set_chars_available_callback
                0x10004fbc       0x14 CMakeFiles/hw4_spi.dir/Users/jz/Desktop/Pico/pico-sdk/src/rp2_common/pico_stdio_usb/stdio_usb.c.obj
                0x10004fbc                stdio_usb_set_chars_available_callback
 .text.update_us_since_boot
                0x10004fd0       0x24 CMakeFiles/hw4_spi.dir/Users/jz/Desktop/Pico/pico-sdk/src/rp2_common/pico_stdio_usb/stdio_usb.c.obj
 .text.get_absolute_time
                0x10004ff4       0x22 CMakeFiles/hw4_spi.dir/Users/jz/Desktop/Pico/pico-sdk/src/rp2_common/pico_stdio_usb/stdio_usb.c.obj
 *fill*         0x10005016        0x2 
 .text.delayed_by_ms
                0x10005018       0x44 CMakeFiles/hw4_spi.dir/Users/jz/Desktop/Pico/pico-sdk/src/rp2_common/pico_stdio_usb/stdio_usb.c.obj
 .text.make_timeout_time_ms
                0x1000505c       0x20 CMakeFiles/hw4_spi.dir/Users/jz/Desktop/Pico/pico-sdk/src/rp2_common/pico_stdio_usb/stdio_usb.c.obj
 .text.delayed_by_us
                0x1000507c       0x34 CMakeFiles/hw4_spi.dir/Users/jz/Desktop/Pico/pico-sdk/src/rp2_common/pico_stdio_usb/stdio_usb.c.obj
 .text.usb_irq  0x100050b0       0x10 CMakeFiles/hw4_spi.dir/Users/jz/Desktop/Pico/pico-sdk/src/rp2_common/pico_stdio_usb/stdio_usb.c.obj
 .text.critical_section_enter_blocking
                0x100050c0       0x16 CMakeFiles/hw4_spi.dir/Users/jz/Desktop/Pico/pico-sdk/src/rp2_common/pico_stdio_usb/stdio_usb.c.obj
 *fill*         0x100050d6        0x2 
 .text.timer_task
                0x100050d8       0x4c CMakeFiles/hw4_spi.dir/Users/jz/Desktop/Pico/pico-sdk/src/rp2_common/pico_stdio_usb/stdio_usb.c.obj
 .text.alarm_pool_add_alarm_in_us
                0x10005124       0x3a CMakeFiles/hw4_spi.dir/Users/jz/Desktop/Pico/pico-sdk/src/rp2_common/pico_stdio_usb/stdio_usb.c.obj
 .text.add_alarm_in_us
                0x1000515e       0x2e CMakeFiles/hw4_spi.dir/Users/jz/Desktop/Pico/pico-sdk/src/rp2_common/pico_stdio_usb/stdio_usb.c.obj
 .text.low_priority_worker_irq
                0x1000518c       0x7c CMakeFiles/hw4_spi.dir/Users/jz/Desktop/Pico/pico-sdk/src/rp2_common/pico_stdio_usb/stdio_usb.c.obj
 .text.tud_cdc_rx_cb
                0x10005208       0x20 CMakeFiles/hw4_spi.dir/Users/jz/Desktop/Pico/pico-sdk/src/rp2_common/pico_stdio_usb/stdio_usb.c.obj
                0x10005208                tud_cdc_rx_cb
 .text.stdio_usb_init
                0x10005228       0xd0 CMakeFiles/hw4_spi.dir/Users/jz/Desktop/Pico/pico-sdk/src/rp2_common/pico_stdio_usb/stdio_usb.c.obj
                0x10005228                stdio_usb_init
 .text.stdio_usb_connected
                0x100052f8        0xa CMakeFiles/hw4_spi.dir/Users/jz/Desktop/Pico/pico-sdk/src/rp2_common/pico_stdio_usb/stdio_usb.c.obj
                0x100052f8                stdio_usb_connected
 *fill*         0x10005302        0x2 
 .text.stdio_usb_in_chars
                0x10005304       0x88 CMakeFiles/hw4_spi.dir/Users/jz/Desktop/Pico/pico-sdk/src/rp2_common/pico_stdio_usb/stdio_usb.c.obj
                0x10005304                stdio_usb_in_chars
 .text.stdio_usb_out_chars
                0x1000538c       0xd8 CMakeFiles/hw4_spi.dir/Users/jz/Desktop/Pico/pico-sdk/src/rp2_common/pico_stdio_usb/stdio_usb.c.obj
 .text.tud_descriptor_device_cb
                0x10005464        0x8 CMakeFiles/hw4_spi.dir/Users/jz/Desktop/Pico/pico-sdk/src/rp2_common/pico_stdio_usb/stdio_usb_descriptors.c.obj
                0x10005464                tud_descriptor_device_cb
 .text.tud_descriptor_configuration_cb
                0x1000546c        0x8 CMakeFiles/hw4_spi.dir/Users/jz/Desktop/Pico/pico-sdk/src/rp2_common/pico_stdio_usb/stdio_usb_descriptors.c.obj
                0x1000546c                tud_descriptor_configuration_cb
 .text.tud_descriptor_string_cb
                0x10005474       0x6c CMakeFiles/hw4_spi.dir/Users/jz/Desktop/Pico/pico-sdk/src/rp2_common/pico_stdio_usb/stdio_usb_descriptors.c.obj
                0x10005474                tud_descriptor_string_cb
 .text._retrieve_unique_id_on_boot
                0x100054e0       0x10 CMakeFiles/hw4_spi.dir/Users/jz/Desktop/Pico/pico-sdk/src/rp2_common/pico_unique_id/unique_id.c.obj
 .text.pico_get_unique_board_id_string
                0x100054f0       0x5c CMakeFiles/hw4_spi.dir/Users/jz/Desktop/Pico/pico-sdk/src/rp2_common/pico_unique_id/unique_id.c.obj
                0x100054f0                pico_get_unique_board_id_string
 .text.flash_get_unique_id
                0x1000554c       0x40 CMakeFiles/hw4_spi.dir/Users/jz/Desktop/Pico/pico-sdk/src/rp2_common/hardware_flash/flash.c.obj
                0x1000554c                flash_get_unique_id
 .text.hw_endpoint_get_by_addr
                0x1000558c       0x18 CMakeFiles/hw4_spi.dir/Users/jz/Desktop/Pico/pico-sdk/lib/tinyusb/src/portable/raspberrypi/rp2040/dcd_rp2040.c.obj
 .text._hw_endpoint_alloc
                0x100055a4       0x70 CMakeFiles/hw4_spi.dir/Users/jz/Desktop/Pico/pico-sdk/lib/tinyusb/src/portable/raspberrypi/rp2040/dcd_rp2040.c.obj
 .text.hw_endpoint_init
                0x10005614       0x88 CMakeFiles/hw4_spi.dir/Users/jz/Desktop/Pico/pico-sdk/lib/tinyusb/src/portable/raspberrypi/rp2040/dcd_rp2040.c.obj
 .text.dcd_event_sof
                0x1000569c       0x2c CMakeFiles/hw4_spi.dir/Users/jz/Desktop/Pico/pico-sdk/lib/tinyusb/src/portable/raspberrypi/rp2040/dcd_rp2040.c.obj
 .text.hw_endpoint_xfer
                0x100056c8       0x14 CMakeFiles/hw4_spi.dir/Users/jz/Desktop/Pico/pico-sdk/lib/tinyusb/src/portable/raspberrypi/rp2040/dcd_rp2040.c.obj
 .text.dcd_int_enable
                0x100056dc       0x2c CMakeFiles/hw4_spi.dir/Users/jz/Desktop/Pico/pico-sdk/lib/tinyusb/src/portable/raspberrypi/rp2040/dcd_rp2040.c.obj
                0x100056dc                dcd_int_enable
 .text.dcd_set_address
                0x10005708       0x2c CMakeFiles/hw4_spi.dir/Users/jz/Desktop/Pico/pico-sdk/lib/tinyusb/src/portable/raspberrypi/rp2040/dcd_rp2040.c.obj
                0x10005708                dcd_set_address
 .text.dcd_connect
                0x10005734       0x10 CMakeFiles/hw4_spi.dir/Users/jz/Desktop/Pico/pico-sdk/lib/tinyusb/src/portable/raspberrypi/rp2040/dcd_rp2040.c.obj
                0x10005734                dcd_connect
 .text.dcd_init
                0x10005744       0x80 CMakeFiles/hw4_spi.dir/Users/jz/Desktop/Pico/pico-sdk/lib/tinyusb/src/portable/raspberrypi/rp2040/dcd_rp2040.c.obj
                0x10005744                dcd_init
 .text.dcd_edpt0_status_complete
                0x100057c4       0x1c CMakeFiles/hw4_spi.dir/Users/jz/Desktop/Pico/pico-sdk/lib/tinyusb/src/portable/raspberrypi/rp2040/dcd_rp2040.c.obj
                0x100057c4                dcd_edpt0_status_complete
 .text.dcd_edpt_open
                0x100057e0       0x40 CMakeFiles/hw4_spi.dir/Users/jz/Desktop/Pico/pico-sdk/lib/tinyusb/src/portable/raspberrypi/rp2040/dcd_rp2040.c.obj
                0x100057e0                dcd_edpt_open
 .text.dcd_edpt_close_all
                0x10005820        0x8 CMakeFiles/hw4_spi.dir/Users/jz/Desktop/Pico/pico-sdk/lib/tinyusb/src/portable/raspberrypi/rp2040/dcd_rp2040.c.obj
                0x10005820                dcd_edpt_close_all
 .text.dcd_edpt_xfer
                0x10005828       0x34 CMakeFiles/hw4_spi.dir/Users/jz/Desktop/Pico/pico-sdk/lib/tinyusb/src/portable/raspberrypi/rp2040/dcd_rp2040.c.obj
                0x10005828                dcd_edpt_xfer
 .text.dcd_edpt_stall
                0x1000585c       0x2c CMakeFiles/hw4_spi.dir/Users/jz/Desktop/Pico/pico-sdk/lib/tinyusb/src/portable/raspberrypi/rp2040/dcd_rp2040.c.obj
                0x1000585c                dcd_edpt_stall
 .text.dcd_edpt_clear_stall
                0x10005888       0x20 CMakeFiles/hw4_spi.dir/Users/jz/Desktop/Pico/pico-sdk/lib/tinyusb/src/portable/raspberrypi/rp2040/dcd_rp2040.c.obj
                0x10005888                dcd_edpt_clear_stall
 .text.rp2040_usb_init
                0x100058a8       0x4c CMakeFiles/hw4_spi.dir/Users/jz/Desktop/Pico/pico-sdk/lib/tinyusb/src/portable/raspberrypi/rp2040/rp2040_usb.c.obj
                0x100058a8                rp2040_usb_init
 .text.hw_endpoint_xfer_start
                0x100058f4       0x50 CMakeFiles/hw4_spi.dir/Users/jz/Desktop/Pico/pico-sdk/lib/tinyusb/src/portable/raspberrypi/rp2040/rp2040_usb.c.obj
                0x100058f4                hw_endpoint_xfer_start
 .text.configuration_reset
                0x10005944       0x84 CMakeFiles/hw4_spi.dir/Users/jz/Desktop/Pico/pico-sdk/lib/tinyusb/src/device/usbd.c.obj
 .text.critical_section_enter_blocking
                0x100059c8       0x16 CMakeFiles/hw4_spi.dir/Users/jz/Desktop/Pico/pico-sdk/lib/tinyusb/src/device/usbd.c.obj
 .text.usbd_reset
                0x100059de        0xc CMakeFiles/hw4_spi.dir/Users/jz/Desktop/Pico/pico-sdk/lib/tinyusb/src/device/usbd.c.obj
 .text.invoke_class_control
                0x100059ea       0x1a CMakeFiles/hw4_spi.dir/Users/jz/Desktop/Pico/pico-sdk/lib/tinyusb/src/device/usbd.c.obj
 .text.process_set_config
                0x10005a04      0x178 CMakeFiles/hw4_spi.dir/Users/jz/Desktop/Pico/pico-sdk/lib/tinyusb/src/device/usbd.c.obj
 .text.process_get_descriptor
                0x10005b7c       0xdc CMakeFiles/hw4_spi.dir/Users/jz/Desktop/Pico/pico-sdk/lib/tinyusb/src/device/usbd.c.obj
 .text.tud_mounted
                0x10005c58       0x10 CMakeFiles/hw4_spi.dir/Users/jz/Desktop/Pico/pico-sdk/lib/tinyusb/src/device/usbd.c.obj
                0x10005c58                tud_mounted
 .text.tud_suspended
                0x10005c68       0x10 CMakeFiles/hw4_spi.dir/Users/jz/Desktop/Pico/pico-sdk/lib/tinyusb/src/device/usbd.c.obj
                0x10005c68                tud_suspended
 .text.tud_inited
                0x10005c78       0x14 CMakeFiles/hw4_spi.dir/Users/jz/Desktop/Pico/pico-sdk/lib/tinyusb/src/device/usbd.c.obj
                0x10005c78                tud_inited
 .text.tud_init
                0x10005c8c       0xcc CMakeFiles/hw4_spi.dir/Users/jz/Desktop/Pico/pico-sdk/lib/tinyusb/src/device/usbd.c.obj
                0x10005c8c                tud_init
 .text.usbd_defer_func
                0x10005d58       0x2a CMakeFiles/hw4_spi.dir/Users/jz/Desktop/Pico/pico-sdk/lib/tinyusb/src/device/usbd.c.obj
                0x10005d58                usbd_defer_func
 *fill*         0x10005d82        0x2 
 .text.usbd_edpt_open
                0x10005d84       0x34 CMakeFiles/hw4_spi.dir/Users/jz/Desktop/Pico/pico-sdk/lib/tinyusb/src/device/usbd.c.obj
                0x10005d84                usbd_edpt_open
 .text.usbd_open_edpt_pair
                0x10005db8       0x62 CMakeFiles/hw4_spi.dir/Users/jz/Desktop/Pico/pico-sdk/lib/tinyusb/src/device/usbd.c.obj
                0x10005db8                usbd_open_edpt_pair
 *fill*         0x10005e1a        0x2 
 .text.usbd_edpt_claim
                0x10005e1c       0x28 CMakeFiles/hw4_spi.dir/Users/jz/Desktop/Pico/pico-sdk/lib/tinyusb/src/device/usbd.c.obj
                0x10005e1c                usbd_edpt_claim
 .text.usbd_edpt_release
                0x10005e44       0x28 CMakeFiles/hw4_spi.dir/Users/jz/Desktop/Pico/pico-sdk/lib/tinyusb/src/device/usbd.c.obj
                0x10005e44                usbd_edpt_release
 .text.usbd_edpt_xfer
                0x10005e6c       0x78 CMakeFiles/hw4_spi.dir/Users/jz/Desktop/Pico/pico-sdk/lib/tinyusb/src/device/usbd.c.obj
                0x10005e6c                usbd_edpt_xfer
 .text.usbd_edpt_stall
                0x10005ee4       0x48 CMakeFiles/hw4_spi.dir/Users/jz/Desktop/Pico/pico-sdk/lib/tinyusb/src/device/usbd.c.obj
                0x10005ee4                usbd_edpt_stall
 .text.usbd_edpt_clear_stall
                0x10005f2c       0x48 CMakeFiles/hw4_spi.dir/Users/jz/Desktop/Pico/pico-sdk/lib/tinyusb/src/device/usbd.c.obj
                0x10005f2c                usbd_edpt_clear_stall
 .text.usbd_edpt_stalled
                0x10005f74       0x1c CMakeFiles/hw4_spi.dir/Users/jz/Desktop/Pico/pico-sdk/lib/tinyusb/src/device/usbd.c.obj
                0x10005f74                usbd_edpt_stalled
 .text.process_control_request
                0x10005f90      0x374 CMakeFiles/hw4_spi.dir/Users/jz/Desktop/Pico/pico-sdk/lib/tinyusb/src/device/usbd.c.obj
 .text.tud_task_ext
                0x10006304      0x1a8 CMakeFiles/hw4_spi.dir/Users/jz/Desktop/Pico/pico-sdk/lib/tinyusb/src/device/usbd.c.obj
                0x10006304                tud_task_ext
 .text._status_stage_xact
                0x100064ac       0x1a CMakeFiles/hw4_spi.dir/Users/jz/Desktop/Pico/pico-sdk/lib/tinyusb/src/device/usbd_control.c.obj
 *fill*         0x100064c6        0x2 
 .text._data_stage_xact
                0x100064c8       0x58 CMakeFiles/hw4_spi.dir/Users/jz/Desktop/Pico/pico-sdk/lib/tinyusb/src/device/usbd_control.c.obj
 .text.tud_control_status
                0x10006520       0x28 CMakeFiles/hw4_spi.dir/Users/jz/Desktop/Pico/pico-sdk/lib/tinyusb/src/device/usbd_control.c.obj
                0x10006520                tud_control_status
 .text.tud_control_xfer
                0x10006548       0x68 CMakeFiles/hw4_spi.dir/Users/jz/Desktop/Pico/pico-sdk/lib/tinyusb/src/device/usbd_control.c.obj
                0x10006548                tud_control_xfer
 .text.usbd_control_reset
                0x100065b0       0x14 CMakeFiles/hw4_spi.dir/Users/jz/Desktop/Pico/pico-sdk/lib/tinyusb/src/device/usbd_control.c.obj
                0x100065b0                usbd_control_reset
 .text.usbd_control_set_complete_callback
                0x100065c4        0xc CMakeFiles/hw4_spi.dir/Users/jz/Desktop/Pico/pico-sdk/lib/tinyusb/src/device/usbd_control.c.obj
                0x100065c4                usbd_control_set_complete_callback
 .text.usbd_control_set_request
                0x100065d0       0x1c CMakeFiles/hw4_spi.dir/Users/jz/Desktop/Pico/pico-sdk/lib/tinyusb/src/device/usbd_control.c.obj
                0x100065d0                usbd_control_set_request
 .text.usbd_control_xfer_cb
                0x100065ec       0xbc CMakeFiles/hw4_spi.dir/Users/jz/Desktop/Pico/pico-sdk/lib/tinyusb/src/device/usbd_control.c.obj
                0x100065ec                usbd_control_xfer_cb
 .text._prep_out_transaction
                0x100066a8       0x4a CMakeFiles/hw4_spi.dir/Users/jz/Desktop/Pico/pico-sdk/lib/tinyusb/src/class/cdc/cdc_device.c.obj
 *fill*         0x100066f2        0x2 
 .text.tud_cdc_n_connected
                0x100066f4       0x38 CMakeFiles/hw4_spi.dir/Users/jz/Desktop/Pico/pico-sdk/lib/tinyusb/src/class/cdc/cdc_device.c.obj
                0x100066f4                tud_cdc_n_connected
 .text.tud_cdc_n_available
                0x1000672c       0x18 CMakeFiles/hw4_spi.dir/Users/jz/Desktop/Pico/pico-sdk/lib/tinyusb/src/class/cdc/cdc_device.c.obj
                0x1000672c                tud_cdc_n_available
 .text.tud_cdc_n_read
                0x10006744       0x28 CMakeFiles/hw4_spi.dir/Users/jz/Desktop/Pico/pico-sdk/lib/tinyusb/src/class/cdc/cdc_device.c.obj
                0x10006744                tud_cdc_n_read
 .text.tud_cdc_n_write_flush
                0x1000676c       0xb8 CMakeFiles/hw4_spi.dir/Users/jz/Desktop/Pico/pico-sdk/lib/tinyusb/src/class/cdc/cdc_device.c.obj
                0x1000676c                tud_cdc_n_write_flush
 .text.tud_cdc_n_write
                0x10006824       0x38 CMakeFiles/hw4_spi.dir/Users/jz/Desktop/Pico/pico-sdk/lib/tinyusb/src/class/cdc/cdc_device.c.obj
                0x10006824                tud_cdc_n_write
 .text.tud_cdc_n_write_available
                0x1000685c       0x1c CMakeFiles/hw4_spi.dir/Users/jz/Desktop/Pico/pico-sdk/lib/tinyusb/src/class/cdc/cdc_device.c.obj
                0x1000685c                tud_cdc_n_write_available
 .text.cdcd_init
                0x10006878       0xbc CMakeFiles/hw4_spi.dir/Users/jz/Desktop/Pico/pico-sdk/lib/tinyusb/src/class/cdc/cdc_device.c.obj
                0x10006878                cdcd_init
 .text.cdcd_reset
                0x10006934       0x44 CMakeFiles/hw4_spi.dir/Users/jz/Desktop/Pico/pico-sdk/lib/tinyusb/src/class/cdc/cdc_device.c.obj
                0x10006934                cdcd_reset
 .text.cdcd_open
                0x10006978       0xc4 CMakeFiles/hw4_spi.dir/Users/jz/Desktop/Pico/pico-sdk/lib/tinyusb/src/class/cdc/cdc_device.c.obj
                0x10006978                cdcd_open
 .text.cdcd_control_xfer_cb
                0x10006a3c      0x134 CMakeFiles/hw4_spi.dir/Users/jz/Desktop/Pico/pico-sdk/lib/tinyusb/src/class/cdc/cdc_device.c.obj
                0x10006a3c                cdcd_control_xfer_cb
 .text.cdcd_xfer_cb
                0x10006b70      0x130 CMakeFiles/hw4_spi.dir/Users/jz/Desktop/Pico/pico-sdk/lib/tinyusb/src/class/cdc/cdc_device.c.obj
                0x10006b70                cdcd_xfer_cb
 .text.tusb_init
                0x10006ca0        0xa CMakeFiles/hw4_spi.dir/Users/jz/Desktop/Pico/pico-sdk/lib/tinyusb/src/tusb.c.obj
                0x10006ca0                tusb_init
 .text.tusb_inited
                0x10006caa        0xe CMakeFiles/hw4_spi.dir/Users/jz/Desktop/Pico/pico-sdk/lib/tinyusb/src/tusb.c.obj
                0x10006caa                tusb_inited
 .text.tu_edpt_claim
                0x10006cb8       0x50 CMakeFiles/hw4_spi.dir/Users/jz/Desktop/Pico/pico-sdk/lib/tinyusb/src/tusb.c.obj
                0x10006cb8                tu_edpt_claim
 .text.tu_edpt_release
                0x10006d08       0x38 CMakeFiles/hw4_spi.dir/Users/jz/Desktop/Pico/pico-sdk/lib/tinyusb/src/tusb.c.obj
                0x10006d08                tu_edpt_release
 .text.tu_edpt_validate
                0x10006d40       0x78 CMakeFiles/hw4_spi.dir/Users/jz/Desktop/Pico/pico-sdk/lib/tinyusb/src/tusb.c.obj
                0x10006d40                tu_edpt_validate
 .text.tu_edpt_bind_driver
                0x10006db8       0x26 CMakeFiles/hw4_spi.dir/Users/jz/Desktop/Pico/pico-sdk/lib/tinyusb/src/tusb.c.obj
                0x10006db8                tu_edpt_bind_driver
 .text.advance_index
                0x10006dde       0x1a CMakeFiles/hw4_spi.dir/Users/jz/Desktop/Pico/pico-sdk/lib/tinyusb/src/common/tusb_fifo.c.obj
 .text._tu_fifo_peek
                0x10006df8       0x56 CMakeFiles/hw4_spi.dir/Users/jz/Desktop/Pico/pico-sdk/lib/tinyusb/src/common/tusb_fifo.c.obj
 .text._ff_pull_const_addr
                0x10006e4e       0x4c CMakeFiles/hw4_spi.dir/Users/jz/Desktop/Pico/pico-sdk/lib/tinyusb/src/common/tusb_fifo.c.obj
 .text._ff_pull_n
                0x10006e9a      0x110 CMakeFiles/hw4_spi.dir/Users/jz/Desktop/Pico/pico-sdk/lib/tinyusb/src/common/tusb_fifo.c.obj
 .text._tu_fifo_peek_n
                0x10006faa       0x6a CMakeFiles/hw4_spi.dir/Users/jz/Desktop/Pico/pico-sdk/lib/tinyusb/src/common/tusb_fifo.c.obj
 .text._tu_fifo_read_n
                0x10007014       0x4e CMakeFiles/hw4_spi.dir/Users/jz/Desktop/Pico/pico-sdk/lib/tinyusb/src/common/tusb_fifo.c.obj
 .text._ff_push_const_addr
                0x10007062       0x40 CMakeFiles/hw4_spi.dir/Users/jz/Desktop/Pico/pico-sdk/lib/tinyusb/src/common/tusb_fifo.c.obj
 .text._ff_push_n
                0x100070a2      0x10c CMakeFiles/hw4_spi.dir/Users/jz/Desktop/Pico/pico-sdk/lib/tinyusb/src/common/tusb_fifo.c.obj
 .text._tu_fifo_write_n
                0x100071ae       0xf0 CMakeFiles/hw4_spi.dir/Users/jz/Desktop/Pico/pico-sdk/lib/tinyusb/src/common/tusb_fifo.c.obj
 .text.tu_fifo_config
                0x1000729e       0x7c CMakeFiles/hw4_spi.dir/Users/jz/Desktop/Pico/pico-sdk/lib/tinyusb/src/common/tusb_fifo.c.obj
                0x1000729e                tu_fifo_config
 .text.tu_fifo_count
                0x1000731a       0x2a CMakeFiles/hw4_spi.dir/Users/jz/Desktop/Pico/pico-sdk/lib/tinyusb/src/common/tusb_fifo.c.obj
                0x1000731a                tu_fifo_count
 .text.tu_fifo_empty
                0x10007344        0xe CMakeFiles/hw4_spi.dir/Users/jz/Desktop/Pico/pico-sdk/lib/tinyusb/src/common/tusb_fifo.c.obj
                0x10007344                tu_fifo_empty
 .text.tu_fifo_full
                0x10007352       0x28 CMakeFiles/hw4_spi.dir/Users/jz/Desktop/Pico/pico-sdk/lib/tinyusb/src/common/tusb_fifo.c.obj
                0x10007352                tu_fifo_full
 .text.tu_fifo_remaining
                0x1000737a       0x2c CMakeFiles/hw4_spi.dir/Users/jz/Desktop/Pico/pico-sdk/lib/tinyusb/src/common/tusb_fifo.c.obj
                0x1000737a                tu_fifo_remaining
 .text.tu_fifo_read
                0x100073a6       0x42 CMakeFiles/hw4_spi.dir/Users/jz/Desktop/Pico/pico-sdk/lib/tinyusb/src/common/tusb_fifo.c.obj
                0x100073a6                tu_fifo_read
 .text.tu_fifo_read_n
                0x100073e8        0xa CMakeFiles/hw4_spi.dir/Users/jz/Desktop/Pico/pico-sdk/lib/tinyusb/src/common/tusb_fifo.c.obj
                0x100073e8                tu_fifo_read_n
 .text.tu_fifo_write
                0x100073f2       0x64 CMakeFiles/hw4_spi.dir/Users/jz/Desktop/Pico/pico-sdk/lib/tinyusb/src/common/tusb_fifo.c.obj
                0x100073f2                tu_fifo_write
 .text.tu_fifo_write_n
                0x10007456        0xa CMakeFiles/hw4_spi.dir/Users/jz/Desktop/Pico/pico-sdk/lib/tinyusb/src/common/tusb_fifo.c.obj
                0x10007456                tu_fifo_write_n
 .text.tu_fifo_clear
                0x10007460       0x3e CMakeFiles/hw4_spi.dir/Users/jz/Desktop/Pico/pico-sdk/lib/tinyusb/src/common/tusb_fifo.c.obj
                0x10007460                tu_fifo_clear
 .text.tu_fifo_set_overwritable
                0x1000749e       0x46 CMakeFiles/hw4_spi.dir/Users/jz/Desktop/Pico/pico-sdk/lib/tinyusb/src/common/tusb_fifo.c.obj
                0x1000749e                tu_fifo_set_overwritable
 .text.spi_set_baudrate
                0x100074e4       0xc2 CMakeFiles/hw4_spi.dir/Users/jz/Desktop/Pico/pico-sdk/src/rp2_common/hardware_spi/spi.c.obj
                0x100074e4                spi_set_baudrate
 *fill*         0x100075a6        0x2 
 .text.spi_init
                0x100075a8       0x74 CMakeFiles/hw4_spi.dir/Users/jz/Desktop/Pico/pico-sdk/src/rp2_common/hardware_spi/spi.c.obj
                0x100075a8                spi_init
 .text.strlen   0x1000761c       0x5c /Applications/ArmGNUToolchain/13.2.Rel1/arm-none-eabi/bin/../lib/gcc/arm-none-eabi/13.2.1/../../../../arm-none-eabi/lib/thumb/v6-m/nofp/libg.a(libc_a-strlen-stub.o)
                0x1000761c                strlen
 *(.fini)
 .fini          0x10007678        0x4 /Applications/ArmGNUToolchain/13.2.Rel1/arm-none-eabi/bin/../lib/gcc/arm-none-eabi/13.2.1/thumb/v6-m/nofp/crti.o
                0x10007678                _fini
 *fill*         0x1000767c        0x4 
 .fini.__stub   0x10007680       0xf0 linker stubs
 *crtbegin.o(.ctors)
 *crtbegin?.o(.ctors)
 *(EXCLUDE_FILE(*crtend.o *crtend?.o) .ctors)
 *(SORT_BY_NAME(.ctors.*))
 *(.ctors)
 *crtbegin.o(.dtors)
 *crtbegin?.o(.dtors)
 *(EXCLUDE_FILE(*crtend.o *crtend?.o) .dtors)
 *(SORT_BY_NAME(.dtors.*))
 *(.dtors)
 *(.eh_frame*)
 .eh_frame      0x10007770        0x0 /Applications/ArmGNUToolchain/13.2.Rel1/arm-none-eabi/bin/../lib/gcc/arm-none-eabi/13.2.1/thumb/v6-m/nofp/crtbegin.o
                0x10007770                        . = ALIGN (0x4)

.glue_7         0x10007770        0x0
 .glue_7        0x10007770        0x0 linker stubs

.glue_7t        0x10007770        0x0
 .glue_7t       0x10007770        0x0 linker stubs

.vfp11_veneer   0x10007770        0x0
 .vfp11_veneer  0x10007770        0x0 linker stubs

.v4_bx          0x10007770        0x0
 .v4_bx         0x10007770        0x0 linker stubs

.iplt           0x10007770        0x0
 .iplt          0x10007770        0x0 /Applications/ArmGNUToolchain/13.2.Rel1/arm-none-eabi/bin/../lib/gcc/arm-none-eabi/13.2.1/thumb/v6-m/nofp/crtbegin.o

.rodata         0x10007770     0x1590
 *(EXCLUDE_FILE(*libm.a: *libc.a:*lib_a-mem*.o *libgcc.a:) .rodata*)
 .rodata.main.str1.4
                0x10007770      0xee7 CMakeFiles/hw4_spi.dir/hw4_spi.c.obj
                                 0x3b (size before relaxing)
 .rodata.spin_lock_claim_unused.str1.4
                0x10008657       0x1b CMakeFiles/hw4_spi.dir/Users/jz/Desktop/Pico/pico-sdk/src/rp2_common/hardware_sync/sync.c.obj
 .rodata.resolve_branch.str1.4
                0x10008657       0x5a CMakeFiles/hw4_spi.dir/Users/jz/Desktop/Pico/pico-sdk/src/rp2_common/hardware_irq/irq.c.obj
 .rodata.make_branch.str1.4
                0x10008657       0x30 CMakeFiles/hw4_spi.dir/Users/jz/Desktop/Pico/pico-sdk/src/rp2_common/hardware_irq/irq.c.obj
 .rodata.insert_branch_and_link.str1.4
                0x10008657       0x10 CMakeFiles/hw4_spi.dir/Users/jz/Desktop/Pico/pico-sdk/src/rp2_common/hardware_irq/irq.c.obj
 .rodata.irq_set_exclusive_handler.str1.4
                0x10008657       0x36 CMakeFiles/hw4_spi.dir/Users/jz/Desktop/Pico/pico-sdk/src/rp2_common/hardware_irq/irq.c.obj
 .rodata.irq_add_shared_handler.str1.4
                0x10008657       0xc2 CMakeFiles/hw4_spi.dir/Users/jz/Desktop/Pico/pico-sdk/src/rp2_common/hardware_irq/irq.c.obj
 .rodata.irq_remove_handler.str1.4
                0x10008657       0x3a CMakeFiles/hw4_spi.dir/Users/jz/Desktop/Pico/pico-sdk/src/rp2_common/hardware_irq/irq.c.obj
 .rodata.irq_add_tail_to_free_list.str1.4
                0x10008657       0x3a CMakeFiles/hw4_spi.dir/Users/jz/Desktop/Pico/pico-sdk/src/rp2_common/hardware_irq/irq.c.obj
 .rodata.user_irq_claim_unused.str1.4
                0x10008657       0x1b CMakeFiles/hw4_spi.dir/Users/jz/Desktop/Pico/pico-sdk/src/rp2_common/hardware_irq/irq.c.obj
 *fill*         0x10008657        0x1 
 .rodata.__func__.0
                0x10008658       0x1a CMakeFiles/hw4_spi.dir/Users/jz/Desktop/Pico/pico-sdk/src/rp2_common/hardware_irq/irq.c.obj
 *fill*         0x10008672        0x2 
 .rodata.__func__.1
                0x10008674       0x17 CMakeFiles/hw4_spi.dir/Users/jz/Desktop/Pico/pico-sdk/src/rp2_common/hardware_irq/irq.c.obj
 *fill*         0x1000868b        0x1 
 .rodata.__func__.2
                0x1000868c       0x13 CMakeFiles/hw4_spi.dir/Users/jz/Desktop/Pico/pico-sdk/src/rp2_common/hardware_irq/irq.c.obj
 *fill*         0x1000869f        0x1 
 .rodata.__func__.3
                0x100086a0        0xc CMakeFiles/hw4_spi.dir/Users/jz/Desktop/Pico/pico-sdk/src/rp2_common/hardware_irq/irq.c.obj
 .rodata.__func__.4
                0x100086ac        0xf CMakeFiles/hw4_spi.dir/Users/jz/Desktop/Pico/pico-sdk/src/rp2_common/hardware_irq/irq.c.obj
 *fill*         0x100086bb        0x1 
 .rodata.__func__.5
                0x100086bc       0x17 CMakeFiles/hw4_spi.dir/Users/jz/Desktop/Pico/pico-sdk/src/rp2_common/hardware_irq/irq.c.obj
 *fill*         0x100086d3        0x1 
 .rodata.__func__.6
                0x100086d4       0x1a CMakeFiles/hw4_spi.dir/Users/jz/Desktop/Pico/pico-sdk/src/rp2_common/hardware_irq/irq.c.obj
 .rodata.update_us_since_boot.str1.4
                0x100086ee       0x66 CMakeFiles/hw4_spi.dir/Users/jz/Desktop/Pico/pico-sdk/src/common/pico_sync/mutex.c.obj
 .rodata.str1.4
                0x100086ee       0x91 CMakeFiles/hw4_spi.dir/Users/jz/Desktop/Pico/pico-sdk/src/common/pico_sync/mutex.c.obj
 *fill*         0x100086ee        0x2 
 .rodata.__func__.1
                0x100086f0        0xb CMakeFiles/hw4_spi.dir/Users/jz/Desktop/Pico/pico-sdk/src/common/pico_sync/mutex.c.obj
 *fill*         0x100086fb        0x1 
 .rodata.__func__.3
                0x100086fc       0x18 CMakeFiles/hw4_spi.dir/Users/jz/Desktop/Pico/pico-sdk/src/common/pico_sync/mutex.c.obj
 .rodata.__func__.4
                0x10008714       0x15 CMakeFiles/hw4_spi.dir/Users/jz/Desktop/Pico/pico-sdk/src/common/pico_sync/mutex.c.obj
 .rodata.get_entry.str1.4
                0x10008729       0x60 CMakeFiles/hw4_spi.dir/Users/jz/Desktop/Pico/pico-sdk/src/common/pico_time/time.c.obj
 .rodata.update_us_since_boot.str1.4
                0x10008729       0x66 CMakeFiles/hw4_spi.dir/Users/jz/Desktop/Pico/pico-sdk/src/common/pico_time/time.c.obj
 .rodata.ph_get_node.str1.4
                0x10008729       0x6b CMakeFiles/hw4_spi.dir/Users/jz/Desktop/Pico/pico-sdk/src/common/pico_time/time.c.obj
 .rodata.ph_add_child_node.str1.4
                0x10008729       0x2e CMakeFiles/hw4_spi.dir/Users/jz/Desktop/Pico/pico-sdk/src/common/pico_time/time.c.obj
 .rodata.ph_insert_node.str1.4
                0x10008729        0x3 CMakeFiles/hw4_spi.dir/Users/jz/Desktop/Pico/pico-sdk/src/common/pico_time/time.c.obj
 .rodata.ph_free_node.str1.4
                0x10008729       0x38 CMakeFiles/hw4_spi.dir/Users/jz/Desktop/Pico/pico-sdk/src/common/pico_time/time.c.obj
 .rodata.add_alarm_under_lock.str1.4
                0x10008729       0x28 CMakeFiles/hw4_spi.dir/Users/jz/Desktop/Pico/pico-sdk/src/common/pico_time/time.c.obj
 .rodata.alarm_pool_alarm_callback.str1.4
                0x10008729       0x60 CMakeFiles/hw4_spi.dir/Users/jz/Desktop/Pico/pico-sdk/src/common/pico_time/time.c.obj
 .rodata.alarm_pool_get_default.str1.4
                0x10008729       0x21 CMakeFiles/hw4_spi.dir/Users/jz/Desktop/Pico/pico-sdk/src/common/pico_time/time.c.obj
 .rodata.alarm_pool_cancel_alarm.str1.4
                0x10008729       0x27 CMakeFiles/hw4_spi.dir/Users/jz/Desktop/Pico/pico-sdk/src/common/pico_time/time.c.obj
 .rodata.sleep_until.str1.4
                0x10008729       0x4d CMakeFiles/hw4_spi.dir/Users/jz/Desktop/Pico/pico-sdk/src/common/pico_time/time.c.obj
 *fill*         0x10008729        0x3 
 .rodata.__func__.1
                0x1000872c       0x18 CMakeFiles/hw4_spi.dir/Users/jz/Desktop/Pico/pico-sdk/src/common/pico_time/time.c.obj
 .rodata.__func__.3
                0x10008744       0x17 CMakeFiles/hw4_spi.dir/Users/jz/Desktop/Pico/pico-sdk/src/common/pico_time/time.c.obj
 *fill*         0x1000875b        0x1 
 .rodata.__func__.4
                0x1000875c       0x12 CMakeFiles/hw4_spi.dir/Users/jz/Desktop/Pico/pico-sdk/src/common/pico_time/time.c.obj
 *fill*         0x1000876e        0x2 
 .rodata.__func__.5
                0x10008770        0xd CMakeFiles/hw4_spi.dir/Users/jz/Desktop/Pico/pico-sdk/src/common/pico_time/time.c.obj
 *fill*         0x1000877d        0x3 
 .rodata.__func__.6
                0x10008780       0x12 CMakeFiles/hw4_spi.dir/Users/jz/Desktop/Pico/pico-sdk/src/common/pico_time/time.c.obj
 *fill*         0x10008792        0x2 
 .rodata.__func__.7
                0x10008794        0xf CMakeFiles/hw4_spi.dir/Users/jz/Desktop/Pico/pico-sdk/src/common/pico_time/time.c.obj
 *fill*         0x100087a3        0x1 
 .rodata.__func__.8
                0x100087a4        0xc CMakeFiles/hw4_spi.dir/Users/jz/Desktop/Pico/pico-sdk/src/common/pico_time/time.c.obj
 .rodata.__func__.9
                0x100087b0       0x15 CMakeFiles/hw4_spi.dir/Users/jz/Desktop/Pico/pico-sdk/src/common/pico_time/time.c.obj
 *fill*         0x100087c5        0x3 
 .rodata.__func__.10
                0x100087c8       0x15 CMakeFiles/hw4_spi.dir/Users/jz/Desktop/Pico/pico-sdk/src/common/pico_time/time.c.obj
 *fill*         0x100087dd        0x3 
 .rodata.__func__.11
                0x100087e0       0x1a CMakeFiles/hw4_spi.dir/Users/jz/Desktop/Pico/pico-sdk/src/common/pico_time/time.c.obj
 *fill*         0x100087fa        0x2 
 .rodata.__func__.12
                0x100087fc        0xa CMakeFiles/hw4_spi.dir/Users/jz/Desktop/Pico/pico-sdk/src/common/pico_time/time.c.obj
 .rodata.hardware_alarm_claim.str1.4
                0x10008806       0x22 CMakeFiles/hw4_spi.dir/Users/jz/Desktop/Pico/pico-sdk/src/rp2_common/hardware_timer/timer.c.obj
 .rodata.hardware_alarm_set_target.str1.4
                0x10008806       0x6a CMakeFiles/hw4_spi.dir/Users/jz/Desktop/Pico/pico-sdk/src/rp2_common/hardware_timer/timer.c.obj
 *fill*         0x10008806        0x2 
 .rodata.__func__.0
                0x10008808       0x1a CMakeFiles/hw4_spi.dir/Users/jz/Desktop/Pico/pico-sdk/src/rp2_common/hardware_timer/timer.c.obj
 .rodata.ph_get_node.str1.4
                0x10008822       0x6b CMakeFiles/hw4_spi.dir/Users/jz/Desktop/Pico/pico-sdk/src/common/pico_util/pheap.c.obj
 .rodata.ph_add_child_node.str1.4
                0x10008822       0x2e CMakeFiles/hw4_spi.dir/Users/jz/Desktop/Pico/pico-sdk/src/common/pico_util/pheap.c.obj
 .rodata.ph_remove_any_head.str1.4
                0x10008822       0xa8 CMakeFiles/hw4_spi.dir/Users/jz/Desktop/Pico/pico-sdk/src/common/pico_util/pheap.c.obj
 .rodata.ph_remove_and_free_node.str1.4
                0x10008822       0x26 CMakeFiles/hw4_spi.dir/Users/jz/Desktop/Pico/pico-sdk/src/common/pico_util/pheap.c.obj
 *fill*         0x10008822        0x2 
 .rodata.__func__.0
                0x10008824       0x18 CMakeFiles/hw4_spi.dir/Users/jz/Desktop/Pico/pico-sdk/src/common/pico_util/pheap.c.obj
 .rodata.__func__.1
                0x1000883c       0x13 CMakeFiles/hw4_spi.dir/Users/jz/Desktop/Pico/pico-sdk/src/common/pico_util/pheap.c.obj
 *fill*         0x1000884f        0x1 
 .rodata.__func__.2
                0x10008850       0x12 CMakeFiles/hw4_spi.dir/Users/jz/Desktop/Pico/pico-sdk/src/common/pico_util/pheap.c.obj
 *fill*         0x10008862        0x2 
 .rodata.__func__.3
                0x10008864        0xc CMakeFiles/hw4_spi.dir/Users/jz/Desktop/Pico/pico-sdk/src/common/pico_util/pheap.c.obj
 .rodata.clock_configure.str1.4
                0x10008870       0x5c CMakeFiles/hw4_spi.dir/Users/jz/Desktop/Pico/pico-sdk/src/rp2_common/hardware_clocks/clocks.c.obj
 .rodata.__func__.1
                0x10008870       0x10 CMakeFiles/hw4_spi.dir/Users/jz/Desktop/Pico/pico-sdk/src/rp2_common/hardware_clocks/clocks.c.obj
 .rodata.pll_init.str1.4
                0x10008880      0x128 CMakeFiles/hw4_spi.dir/Users/jz/Desktop/Pico/pico-sdk/src/rp2_common/hardware_pll/pll.c.obj
 .rodata.__func__.0
                0x10008880        0x9 CMakeFiles/hw4_spi.dir/Users/jz/Desktop/Pico/pico-sdk/src/rp2_common/hardware_pll/pll.c.obj
 .rodata.__assert_func.str1.4
                0x10008889       0x43 CMakeFiles/hw4_spi.dir/Users/jz/Desktop/Pico/pico-sdk/src/rp2_common/pico_runtime/runtime.c.obj
 .rodata.runtime_init.str1.4
                0x10008889       0x66 CMakeFiles/hw4_spi.dir/Users/jz/Desktop/Pico/pico-sdk/src/rp2_common/pico_runtime/runtime.c.obj
 .rodata.panic.str1.4
                0x10008889       0x12 CMakeFiles/hw4_spi.dir/Users/jz/Desktop/Pico/pico-sdk/src/rp2_common/pico_runtime/runtime.c.obj
 *fill*         0x10008889        0x3 
 .rodata.__func__.2
                0x1000888c        0xd CMakeFiles/hw4_spi.dir/Users/jz/Desktop/Pico/pico-sdk/src/rp2_common/pico_runtime/runtime.c.obj
 .rodata._ftoa.str1.4
                0x10008899       0x15 CMakeFiles/hw4_spi.dir/Users/jz/Desktop/Pico/pico-sdk/src/rp2_common/pico_printf/printf.c.obj
 *fill*         0x10008899        0x3 
 .rodata._vsnprintf
                0x1000889c      0x19c CMakeFiles/hw4_spi.dir/Users/jz/Desktop/Pico/pico-sdk/src/rp2_common/pico_printf/printf.c.obj
 .rodata.pow10.0
                0x10008a38       0x50 CMakeFiles/hw4_spi.dir/Users/jz/Desktop/Pico/pico-sdk/src/rp2_common/pico_printf/printf.c.obj
 .rodata.__aeabi_double_init.str1.4
                0x10008a88       0xa1 CMakeFiles/hw4_spi.dir/Users/jz/Desktop/Pico/pico-sdk/src/rp2_common/pico_double/double_init_rom.c.obj
 .rodata.__func__.0
                0x10008a88       0x14 CMakeFiles/hw4_spi.dir/Users/jz/Desktop/Pico/pico-sdk/src/rp2_common/pico_double/double_init_rom.c.obj
 .rodata.__aeabi_float_init.str1.4
                0x10008a9c       0x83 CMakeFiles/hw4_spi.dir/Users/jz/Desktop/Pico/pico-sdk/src/rp2_common/pico_float/float_init_rom.c.obj
 .rodata.__func__.0
                0x10008a9c       0x13 CMakeFiles/hw4_spi.dir/Users/jz/Desktop/Pico/pico-sdk/src/rp2_common/pico_float/float_init_rom.c.obj
 .rodata.str1.4
                0x10008aaf       0x3c CMakeFiles/hw4_spi.dir/Users/jz/Desktop/Pico/pico-sdk/src/rp2_common/pico_standard_link/binary_info.c.obj
 *fill*         0x10008aaf        0x1 
 .rodata.__bi_81
                0x10008ab0        0xc CMakeFiles/hw4_spi.dir/Users/jz/Desktop/Pico/pico-sdk/src/rp2_common/pico_standard_link/binary_info.c.obj
 .rodata.__bi_75
                0x10008abc        0xc CMakeFiles/hw4_spi.dir/Users/jz/Desktop/Pico/pico-sdk/src/rp2_common/pico_standard_link/binary_info.c.obj
 .rodata.__bi_44
                0x10008ac8        0xc CMakeFiles/hw4_spi.dir/Users/jz/Desktop/Pico/pico-sdk/src/rp2_common/pico_standard_link/binary_info.c.obj
 .rodata.update_us_since_boot.str1.4
                0x10008ad4       0x66 CMakeFiles/hw4_spi.dir/Users/jz/Desktop/Pico/pico-sdk/src/rp2_common/pico_stdio/stdio.c.obj
 .rodata.crlf_str.2
                0x10008ad4        0x2 CMakeFiles/hw4_spi.dir/Users/jz/Desktop/Pico/pico-sdk/src/rp2_common/pico_stdio/stdio.c.obj
 *fill*         0x10008ad6        0x2 
 .rodata.__func__.3
                0x10008ad8       0x15 CMakeFiles/hw4_spi.dir/Users/jz/Desktop/Pico/pico-sdk/src/rp2_common/pico_stdio/stdio.c.obj
 *fill*         0x10008aed        0x3 
 .rodata._resetd_driver
                0x10008af0       0x18 CMakeFiles/hw4_spi.dir/Users/jz/Desktop/Pico/pico-sdk/src/rp2_common/pico_stdio_usb/reset_interface.c.obj
 .rodata.update_us_since_boot.str1.4
                0x10008b08       0x66 CMakeFiles/hw4_spi.dir/Users/jz/Desktop/Pico/pico-sdk/src/rp2_common/pico_stdio_usb/stdio_usb.c.obj
 .rodata.stdio_usb_init.str1.4
                0x10008b08       0x52 CMakeFiles/hw4_spi.dir/Users/jz/Desktop/Pico/pico-sdk/src/rp2_common/pico_stdio_usb/stdio_usb.c.obj
 .rodata.str1.4
                0x10008b08       0x13 CMakeFiles/hw4_spi.dir/Users/jz/Desktop/Pico/pico-sdk/src/rp2_common/pico_stdio_usb/stdio_usb.c.obj
 .rodata.__bi_182.0
                0x10008b08        0xc CMakeFiles/hw4_spi.dir/Users/jz/Desktop/Pico/pico-sdk/src/rp2_common/pico_stdio_usb/stdio_usb.c.obj
 .rodata.__func__.1
                0x10008b14        0xf CMakeFiles/hw4_spi.dir/Users/jz/Desktop/Pico/pico-sdk/src/rp2_common/pico_stdio_usb/stdio_usb.c.obj
 *fill*         0x10008b23        0x1 
 .rodata.__func__.3
                0x10008b24       0x15 CMakeFiles/hw4_spi.dir/Users/jz/Desktop/Pico/pico-sdk/src/rp2_common/pico_stdio_usb/stdio_usb.c.obj
 .rodata.str1.4
                0x10008b39       0x2a CMakeFiles/hw4_spi.dir/Users/jz/Desktop/Pico/pico-sdk/src/rp2_common/pico_stdio_usb/stdio_usb_descriptors.c.obj
 *fill*         0x10008b39        0x3 
 .rodata.usbd_desc_str
                0x10008b3c       0x18 CMakeFiles/hw4_spi.dir/Users/jz/Desktop/Pico/pico-sdk/src/rp2_common/pico_stdio_usb/stdio_usb_descriptors.c.obj
 .rodata.usbd_desc_cfg
                0x10008b54       0x54 CMakeFiles/hw4_spi.dir/Users/jz/Desktop/Pico/pico-sdk/src/rp2_common/pico_stdio_usb/stdio_usb_descriptors.c.obj
 .rodata.usbd_desc_device
                0x10008ba8       0x12 CMakeFiles/hw4_spi.dir/Users/jz/Desktop/Pico/pico-sdk/src/rp2_common/pico_stdio_usb/stdio_usb_descriptors.c.obj
 .rodata.pico_get_unique_board_id_string.str1.4
                0x10008bba       0x52 CMakeFiles/hw4_spi.dir/Users/jz/Desktop/Pico/pico-sdk/src/rp2_common/pico_unique_id/unique_id.c.obj
 *fill*         0x10008bba        0x2 
 .rodata.__func__.0
                0x10008bbc       0x20 CMakeFiles/hw4_spi.dir/Users/jz/Desktop/Pico/pico-sdk/src/rp2_common/pico_unique_id/unique_id.c.obj
 .rodata.str1.4
                0x10008bdc      0x15e CMakeFiles/hw4_spi.dir/Users/jz/Desktop/Pico/pico-sdk/src/rp2_common/hardware_flash/flash.c.obj
 .rodata.__func__.0
                0x10008bdc        0xd CMakeFiles/hw4_spi.dir/Users/jz/Desktop/Pico/pico-sdk/src/rp2_common/hardware_flash/flash.c.obj
 .rodata._hw_endpoint_alloc.str1.4
                0x10008be9       0xbd CMakeFiles/hw4_spi.dir/Users/jz/Desktop/Pico/pico-sdk/lib/tinyusb/src/portable/raspberrypi/rp2040/dcd_rp2040.c.obj
 .rodata.str1.4
                0x10008be9       0x14 CMakeFiles/hw4_spi.dir/Users/jz/Desktop/Pico/pico-sdk/lib/tinyusb/src/portable/raspberrypi/rp2040/dcd_rp2040.c.obj
 .rodata.dcd_int_enable.str1.4
                0x10008be9        0xc CMakeFiles/hw4_spi.dir/Users/jz/Desktop/Pico/pico-sdk/lib/tinyusb/src/portable/raspberrypi/rp2040/dcd_rp2040.c.obj
 *fill*         0x10008be9        0x3 
 .rodata.__func__.0
                0x10008bec        0xe CMakeFiles/hw4_spi.dir/Users/jz/Desktop/Pico/pico-sdk/lib/tinyusb/src/portable/raspberrypi/rp2040/dcd_rp2040.c.obj
 *fill*         0x10008bfa        0x2 
 .rodata.__func__.1
                0x10008bfc        0xe CMakeFiles/hw4_spi.dir/Users/jz/Desktop/Pico/pico-sdk/lib/tinyusb/src/portable/raspberrypi/rp2040/dcd_rp2040.c.obj
 *fill*         0x10008c0a        0x2 
 .rodata.__func__.3
                0x10008c0c       0x10 CMakeFiles/hw4_spi.dir/Users/jz/Desktop/Pico/pico-sdk/lib/tinyusb/src/portable/raspberrypi/rp2040/dcd_rp2040.c.obj
 .rodata.__func__.5
                0x10008c1c        0xf CMakeFiles/hw4_spi.dir/Users/jz/Desktop/Pico/pico-sdk/lib/tinyusb/src/portable/raspberrypi/rp2040/dcd_rp2040.c.obj
 *fill*         0x10008c2b        0x1 
 .rodata.__func__.6
                0x10008c2c       0x13 CMakeFiles/hw4_spi.dir/Users/jz/Desktop/Pico/pico-sdk/lib/tinyusb/src/portable/raspberrypi/rp2040/dcd_rp2040.c.obj
 *fill*         0x10008c3f        0x1 
 .rodata.__func__.7
                0x10008c40        0x9 CMakeFiles/hw4_spi.dir/Users/jz/Desktop/Pico/pico-sdk/lib/tinyusb/src/portable/raspberrypi/rp2040/dcd_rp2040.c.obj
 .rodata.str1.4
                0x10008c49       0xef CMakeFiles/hw4_spi.dir/Users/jz/Desktop/Pico/pico-sdk/lib/tinyusb/src/portable/raspberrypi/rp2040/rp2040_usb.c.obj
 *fill*         0x10008c49        0x3 
 .rodata.__func__.0
                0x10008c4c        0xf CMakeFiles/hw4_spi.dir/Users/jz/Desktop/Pico/pico-sdk/lib/tinyusb/src/portable/raspberrypi/rp2040/rp2040_usb.c.obj
 *fill*         0x10008c5b        0x1 
 .rodata.process_get_descriptor
                0x10008c5c       0x40 CMakeFiles/hw4_spi.dir/Users/jz/Desktop/Pico/pico-sdk/lib/tinyusb/src/device/usbd.c.obj
 .rodata.process_control_request
                0x10008c9c       0x28 CMakeFiles/hw4_spi.dir/Users/jz/Desktop/Pico/pico-sdk/lib/tinyusb/src/device/usbd.c.obj
 .rodata.tud_task_ext
                0x10008cc4       0x24 CMakeFiles/hw4_spi.dir/Users/jz/Desktop/Pico/pico-sdk/lib/tinyusb/src/device/usbd.c.obj
 .rodata._usbd_driver
                0x10008ce8       0x18 CMakeFiles/hw4_spi.dir/Users/jz/Desktop/Pico/pico-sdk/lib/tinyusb/src/device/usbd.c.obj
                0x10008d00                        . = ALIGN (0x4)
 *(SORT_BY_ALIGNMENT(SORT_BY_NAME(.flashdata*)))
                0x10008d00                        . = ALIGN (0x4)

.ARM.extab
 *(.ARM.extab* .gnu.linkonce.armextab.*)
                0x10008d00                        __exidx_start = .

.ARM.exidx
 *(.ARM.exidx* .gnu.linkonce.armexidx.*)
                0x10008d00                        __exidx_end = .
                0x10008d00                        . = ALIGN (0x4)
                0x10008d00                        __binary_info_start = .

.binary_info    0x10008d00       0x20
 *(.binary_info.keep.*)
 .binary_info.keep.__bi_ptr81
                0x10008d00        0x4 CMakeFiles/hw4_spi.dir/Users/jz/Desktop/Pico/pico-sdk/src/rp2_common/pico_standard_link/binary_info.c.obj
 .binary_info.keep.__bi_ptr75
                0x10008d04        0x4 CMakeFiles/hw4_spi.dir/Users/jz/Desktop/Pico/pico-sdk/src/rp2_common/pico_standard_link/binary_info.c.obj
 .binary_info.keep.__bi_ptr50
                0x10008d08        0x4 CMakeFiles/hw4_spi.dir/Users/jz/Desktop/Pico/pico-sdk/src/rp2_common/pico_standard_link/binary_info.c.obj
 .binary_info.keep.__bi_ptr44
                0x10008d0c        0x4 CMakeFiles/hw4_spi.dir/Users/jz/Desktop/Pico/pico-sdk/src/rp2_common/pico_standard_link/binary_info.c.obj
 .binary_info.keep.__bi_ptr38
                0x10008d10        0x4 CMakeFiles/hw4_spi.dir/Users/jz/Desktop/Pico/pico-sdk/src/rp2_common/pico_standard_link/binary_info.c.obj
 .binary_info.keep.__bi_ptr30
                0x10008d14        0x4 CMakeFiles/hw4_spi.dir/Users/jz/Desktop/Pico/pico-sdk/src/rp2_common/pico_standard_link/binary_info.c.obj
 .binary_info.keep.__bi_ptr22
                0x10008d18        0x4 CMakeFiles/hw4_spi.dir/Users/jz/Desktop/Pico/pico-sdk/src/rp2_common/pico_standard_link/binary_info.c.obj
 *(.binary_info.*)
 .binary_info.__bi_ptr182
                0x10008d1c        0x4 CMakeFiles/hw4_spi.dir/Users/jz/Desktop/Pico/pico-sdk/src/rp2_common/pico_stdio_usb/stdio_usb.c.obj
                0x10008d20                        __binary_info_end = .

.rel.dyn        0x10008d20        0x0
 .rel.iplt      0x10008d20        0x0 /Applications/ArmGNUToolchain/13.2.Rel1/arm-none-eabi/bin/../lib/gcc/arm-none-eabi/13.2.1/thumb/v6-m/nofp/crtbegin.o
                0x10008d20                        . = ALIGN (0x4)

.ram_vector_table
                0x20000000       0xc0
 *(.ram_vector_table)
 .ram_vector_table
                0x20000000       0xc0 CMakeFiles/hw4_spi.dir/Users/jz/Desktop/Pico/pico-sdk/src/rp2_common/pico_runtime/runtime.c.obj
                0x20000000                ram_vector_table

.data           0x200000c0      0xb80 load address 0x10008d20
                0x200000c0                        __data_start__ = .
 *(vtable)
 *(.time_critical*)
 .time_critical.mutex_try_enter
                0x200000c0       0x46 CMakeFiles/hw4_spi.dir/Users/jz/Desktop/Pico/pico-sdk/src/common/pico_sync/mutex.c.obj
                0x200000c0                mutex_try_enter
 *fill*         0x20000106        0x2 
 .time_critical.mutex_enter_block_until
                0x20000108       0x8c CMakeFiles/hw4_spi.dir/Users/jz/Desktop/Pico/pico-sdk/src/common/pico_sync/mutex.c.obj
                0x20000108                mutex_enter_block_until
 .time_critical.mutex_try_enter_block_until
                0x20000194       0x34 CMakeFiles/hw4_spi.dir/Users/jz/Desktop/Pico/pico-sdk/src/common/pico_sync/mutex.c.obj
                0x20000194                mutex_try_enter_block_until
 .time_critical.mutex_enter_timeout_ms
                0x200001c8       0x1a CMakeFiles/hw4_spi.dir/Users/jz/Desktop/Pico/pico-sdk/src/common/pico_sync/mutex.c.obj
                0x200001c8                mutex_enter_timeout_ms
 *fill*         0x200001e2        0x2 
 .time_critical.mutex_exit
                0x200001e4       0x4c CMakeFiles/hw4_spi.dir/Users/jz/Desktop/Pico/pico-sdk/src/common/pico_sync/mutex.c.obj
                0x200001e4                mutex_exit
 .time_critical.flash_init_boot2_copyout
                0x20000230       0x30 CMakeFiles/hw4_spi.dir/Users/jz/Desktop/Pico/pico-sdk/src/rp2_common/hardware_flash/flash.c.obj
 .time_critical.flash_enable_xip_via_boot2
                0x20000260        0xc CMakeFiles/hw4_spi.dir/Users/jz/Desktop/Pico/pico-sdk/src/rp2_common/hardware_flash/flash.c.obj
 .time_critical.flash_cs_force
                0x2000026c       0x28 CMakeFiles/hw4_spi.dir/Users/jz/Desktop/Pico/pico-sdk/src/rp2_common/hardware_flash/flash.c.obj
 .time_critical.flash_do_cmd
                0x20000294       0xd8 CMakeFiles/hw4_spi.dir/Users/jz/Desktop/Pico/pico-sdk/src/rp2_common/hardware_flash/flash.c.obj
                0x20000294                flash_do_cmd
 .time_critical.reset_non_control_endpoints
                0x2000036c       0x40 CMakeFiles/hw4_spi.dir/Users/jz/Desktop/Pico/pico-sdk/lib/tinyusb/src/portable/raspberrypi/rp2040/dcd_rp2040.c.obj
 .time_critical.hw_handle_buff_status
                0x200003ac       0xa4 CMakeFiles/hw4_spi.dir/Users/jz/Desktop/Pico/pico-sdk/lib/tinyusb/src/portable/raspberrypi/rp2040/dcd_rp2040.c.obj
 .time_critical.dcd_rp2040_irq
                0x20000450      0x1b8 CMakeFiles/hw4_spi.dir/Users/jz/Desktop/Pico/pico-sdk/lib/tinyusb/src/portable/raspberrypi/rp2040/dcd_rp2040.c.obj
 .time_critical.e15_is_bulkin_ep
                0x20000608       0x2c CMakeFiles/hw4_spi.dir/Users/jz/Desktop/Pico/pico-sdk/lib/tinyusb/src/portable/raspberrypi/rp2040/rp2040_usb.c.obj
 .time_critical.e15_is_critical_frame_period
                0x20000634       0x30 CMakeFiles/hw4_spi.dir/Users/jz/Desktop/Pico/pico-sdk/lib/tinyusb/src/portable/raspberrypi/rp2040/rp2040_usb.c.obj
 .time_critical.prepare_ep_buffer
                0x20000664       0x6c CMakeFiles/hw4_spi.dir/Users/jz/Desktop/Pico/pico-sdk/lib/tinyusb/src/portable/raspberrypi/rp2040/rp2040_usb.c.obj
 .time_critical.sync_ep_buffer
                0x200006d0       0x7c CMakeFiles/hw4_spi.dir/Users/jz/Desktop/Pico/pico-sdk/lib/tinyusb/src/portable/raspberrypi/rp2040/rp2040_usb.c.obj
 .time_critical._hw_endpoint_xfer_sync
                0x2000074c       0x28 CMakeFiles/hw4_spi.dir/Users/jz/Desktop/Pico/pico-sdk/lib/tinyusb/src/portable/raspberrypi/rp2040/rp2040_usb.c.obj
 .time_critical.hw_endpoint_reset_transfer
                0x20000774        0xc CMakeFiles/hw4_spi.dir/Users/jz/Desktop/Pico/pico-sdk/lib/tinyusb/src/portable/raspberrypi/rp2040/rp2040_usb.c.obj
                0x20000774                hw_endpoint_reset_transfer
 .time_critical._hw_endpoint_buffer_control_update32
                0x20000780       0x58 CMakeFiles/hw4_spi.dir/Users/jz/Desktop/Pico/pico-sdk/lib/tinyusb/src/portable/raspberrypi/rp2040/rp2040_usb.c.obj
                0x20000780                _hw_endpoint_buffer_control_update32
 .time_critical.hw_endpoint_start_next_buffer
                0x200007d8       0x88 CMakeFiles/hw4_spi.dir/Users/jz/Desktop/Pico/pico-sdk/lib/tinyusb/src/portable/raspberrypi/rp2040/rp2040_usb.c.obj
                0x200007d8                hw_endpoint_start_next_buffer
 .time_critical.hw_endpoint_xfer_continue
                0x20000860       0x50 CMakeFiles/hw4_spi.dir/Users/jz/Desktop/Pico/pico-sdk/lib/tinyusb/src/portable/raspberrypi/rp2040/rp2040_usb.c.obj
                0x20000860                hw_endpoint_xfer_continue
 .time_critical.tinyusb
                0x200008b0      0x1ac CMakeFiles/hw4_spi.dir/Users/jz/Desktop/Pico/pico-sdk/lib/tinyusb/src/device/usbd.c.obj
                0x200008b0                dcd_event_handler
 .time_critical.spi_write_blocking
                0x20000a5c       0x3a CMakeFiles/hw4_spi.dir/Users/jz/Desktop/Pico/pico-sdk/src/rp2_common/hardware_spi/spi.c.obj
                0x20000a5c                spi_write_blocking
 *(.text*)
 *fill*         0x20000a96        0x2 
 .text          0x20000a98        0x4 /Applications/ArmGNUToolchain/13.2.Rel1/arm-none-eabi/bin/../lib/gcc/arm-none-eabi/13.2.1/thumb/v6-m/nofp/libgcc.a(_dvmd_tls.o)
                0x20000a98                __aeabi_ldiv0
                0x20000a98                __aeabi_idiv0
 *fill*         0x20000a9c        0x4 
 .text.__stub   0x20000aa0       0xa0 linker stubs
                0x20000b40                        . = ALIGN (0x4)
 *(.rodata*)