Archive member included to satisfy reference by file (symbol)

/Applications/ArmGNUToolchain/13.2.Rel1/arm-none-eabi/bin/../lib/gcc/arm-none-eabi/13.2.1/thumb/v6-m/nofp/libgcc.a(_dvmd_tls.o)
                              CMakeFiles/hw3.dir/Users/jz/Desktop/Pico/pico-sdk/src/rp2_common/pico_divider/divider.S.obj (__aeabi_idiv0)
/Applications/ArmGNUToolchain/13.2.Rel1/arm-none-eabi/bin/../lib/gcc/arm-none-eabi/13.2.1/../../../../arm-none-eabi/lib/thumb/v6-m/nofp/libg.a(libc_a-calloc.o)
                              CMakeFiles/hw3.dir/Users/jz/Desktop/Pico/pico-sdk/src/rp2_common/pico_malloc/pico_malloc.c.obj (calloc)
/Applications/ArmGNUToolchain/13.2.Rel1/arm-none-eabi/bin/../lib/gcc/arm-none-eabi/13.2.1/../../../../arm-none-eabi/lib/thumb/v6-m/nofp/libg.a(libc_a-callocr.o)
                              /Applications/ArmGNUToolchain/13.2.Rel1/arm-none-eabi/bin/../lib/gcc/arm-none-eabi/13.2.1/../../../../arm-none-eabi/lib/thumb/v6-m/nofp/libg.a(libc_a-calloc.o) (_calloc_r)
/Applications/ArmGNUToolchain/13.2.Rel1/arm-none-eabi/bin/../lib/gcc/arm-none-eabi/13.2.1/../../../../arm-none-eabi/lib/thumb/v6-m/nofp/libg.a(libc_a-malloc.o)
                              CMakeFiles/hw3.dir/Users/jz/Desktop/Pico/pico-sdk/src/rp2_common/pico_malloc/pico_malloc.c.obj (malloc)
/Applications/ArmGNUToolchain/13.2.Rel1/arm-none-eabi/bin/../lib/gcc/arm-none-eabi/13.2.1/../../../../arm-none-eabi/lib/thumb/v6-m/nofp/libg.a(libc_a-mallocr.o)
                              /Applications/ArmGNUToolchain/13.2.Rel1/arm-none-eabi/bin/../lib/gcc/arm-none-eabi/13.2.1/../../../../arm-none-eabi/lib/thumb/v6-m/nofp/libg.a(libc_a-callocr.o) (_malloc_r)
/Applications/ArmGNUToolchain/13.2.Rel1/arm-none-eabi/bin/../lib/gcc/arm-none-eabi/13.2.1/../../../../arm-none-eabi/lib/thumb/v6-m/nofp/libg.a(libc_a-mlock.o)
                              /Applications/ArmGNUToolchain/13.2.Rel1/arm-none-eabi/bin/../lib/gcc/arm-none-eabi/13.2.1/../../../../arm-none-eabi/lib/thumb/v6-m/nofp/libg.a(libc_a-mallocr.o) (__malloc_lock)
/Applications/ArmGNUToolchain/13.2.Rel1/arm-none-eabi/bin/../lib/gcc/arm-none-eabi/13.2.1/../../../../arm-none-eabi/lib/thumb/v6-m/nofp/libg.a(libc_a-realloc.o)
                              CMakeFiles/hw3.dir/Users/jz/Desktop/Pico/pico-sdk/src/rp2_common/pico_malloc/pico_malloc.c.obj (realloc)
/Applications/ArmGNUToolchain/13.2.Rel1/arm-none-eabi/bin/../lib/gcc/arm-none-eabi/13.2.1/../../../../arm-none-eabi/lib/thumb/v6-m/nofp/libg.a(libc_a-scanf.o)
                              CMakeFiles/hw3.dir/hw3.c.obj (scanf)
/Applications/ArmGNUToolchain/13.2.Rel1/arm-none-eabi/bin/../lib/gcc/arm-none-eabi/13.2.1/../../../../arm-none-eabi/lib/thumb/v6-m/nofp/libg.a(libc_a-reallocr.o)
                              /Applications/ArmGNUToolchain/13.2.Rel1/arm-none-eabi/bin/../lib/gcc/arm-none-eabi/13.2.1/../../../../arm-none-eabi/lib/thumb/v6-m/nofp/libg.a(libc_a-realloc.o) (_realloc_r)
/Applications/ArmGNUToolchain/13.2.Rel1/arm-none-eabi/bin/../lib/gcc/arm-none-eabi/13.2.1/../../../../arm-none-eabi/lib/thumb/v6-m/nofp/libg.a(libc_a-memmove.o)
                              /Applications/ArmGNUToolchain/13.2.Rel1/arm-none-eabi/bin/../lib/gcc/arm-none-eabi/13.2.1/../../../../arm-none-eabi/lib/thumb/v6-m/nofp/libg.a(libc_a-reallocr.o) (memmove)
/Applications/ArmGNUToolchain/13.2.Rel1/arm-none-eabi/bin/../lib/gcc/arm-none-eabi/13.2.1/../../../../arm-none-eabi/lib/thumb/v6-m/nofp/libg.a(libc_a-impure.o)
                              /Applications/ArmGNUToolchain/13.2.Rel1/arm-none-eabi/bin/../lib/gcc/arm-none-eabi/13.2.1/../../../../arm-none-eabi/lib/thumb/v6-m/nofp/libg.a(libc_a-calloc.o) (_impure_ptr)
/Applications/ArmGNUToolchain/13.2.Rel1/arm-none-eabi/bin/../lib/gcc/arm-none-eabi/13.2.1/../../../../arm-none-eabi/lib/thumb/v6-m/nofp/libg.a(libc_a-sbrkr.o)
                              /Applications/ArmGNUToolchain/13.2.Rel1/arm-none-eabi/bin/../lib/gcc/arm-none-eabi/13.2.1/../../../../arm-none-eabi/lib/thumb/v6-m/nofp/libg.a(libc_a-mallocr.o) (_sbrk_r)
/Applications/ArmGNUToolchain/13.2.Rel1/arm-none-eabi/bin/../lib/gcc/arm-none-eabi/13.2.1/../../../../arm-none-eabi/lib/thumb/v6-m/nofp/libg.a(libc_a-errno.o)
                              /Applications/ArmGNUToolchain/13.2.Rel1/arm-none-eabi/bin/../lib/gcc/arm-none-eabi/13.2.1/../../../../arm-none-eabi/lib/thumb/v6-m/nofp/libg.a(libc_a-callocr.o) (__errno)
/Applications/ArmGNUToolchain/13.2.Rel1/arm-none-eabi/bin/../lib/gcc/arm-none-eabi/13.2.1/../../../../arm-none-eabi/lib/thumb/v6-m/nofp/libg.a(libc_a-sysconf.o)
                              /Applications/ArmGNUToolchain/13.2.Rel1/arm-none-eabi/bin/../lib/gcc/arm-none-eabi/13.2.1/../../../../arm-none-eabi/lib/thumb/v6-m/nofp/libg.a(libc_a-mallocr.o) (sysconf)
/Applications/ArmGNUToolchain/13.2.Rel1/arm-none-eabi/bin/../lib/gcc/arm-none-eabi/13.2.1/../../../../arm-none-eabi/lib/thumb/v6-m/nofp/libg.a(libc_a-init.o)
[...]
Memory Configuration

Name             Origin             Length             Attributes
FLASH            0x10000000         0x00200000         xr
RAM              0x20000000         0x00040000         xrw
SCRATCH_X        0x20040000         0x00001000         xrw
SCRATCH_Y        0x20041000         0x00001000         xrw
*default*        0x00000000         0xffffffff

Linker script and memory map

LOAD /Applications/ArmGNUToolchain/13.2.Rel1/arm-none-eabi/bin/../lib/gcc/arm-none-eabi/13.2.1/thumb/v6-m/nofp/crti.o
LOAD /Applications/ArmGNUToolchain/13.2.Rel1/arm-none-eabi/bin/../lib/gcc/arm-none-eabi/13.2.1/thumb/v6-m/nofp/crtbegin.o
LOAD /Applications/ArmGNUToolchain/13.2.Rel1/arm-none-eabi/bin/../lib/gcc/arm-none-eabi/13.2.1/../../../../arm-none-eabi/lib/thumb/v6-m/nofp/crt0.o

.flash_begin    0x10000000        0x0
                0x10000000                        __flash_binary_start = .

.boot2          0x10000000      0x100
                0x10000000                        __boot2_start__ = .
 *(.boot2)
 .boot2         0x10000000      0x100 /var/folders/5l/x6sm374s72vcxsmrpd28x1p00000gn/T//cchtNbiW.o
                0x10000100                        __boot2_end__ = .
                0x00000001                        ASSERT (((__boot2_end__ - __boot2_start__) == 0x100), ERROR: Pico second stage bootloader must be 256 bytes in size)

.text           0x10000100     0xd098
                0x10000100                        __logical_binary_start = .
 *(.vectors)
 .vectors       0x10000100       0xd4 CMakeFiles/hw3.dir/Users/jz/Desktop/Pico/pico-sdk/src/rp2_common/pico_standard_link/crt0.S.obj
                0x10000100                __VECTOR_TABLE
                0x10000100                __vectors
                0x100001c0                __default_isrs_start
                0x100001c0                isr_invalid
                0x100001c2                isr_nmi
                0x100001c4                isr_hardfault
                0x100001c6                isr_svcall
                0x100001c8                isr_pendsv
                0x100001ca                isr_systick
                0x100001cc                isr_irq28
                0x100001cc                isr_irq19
                0x100001cc                isr_irq0
                0x100001cc                isr_irq6
                0x100001cc                isr_irq22
                0x100001cc                isr_irq17
                0x100001cc                isr_irq14
                0x100001cc                isr_irq2
                0x100001cc                isr_irq10
                0x100001cc                isr_irq8
                0x100001cc                isr_irq24
                0x100001cc                isr_irq1
                0x100001cc                isr_irq7
                0x100001cc                isr_irq21
                0x100001cc                isr_irq20
                0x100001cc                isr_irq15
                0x100001cc                isr_irq25
                0x100001cc                isr_irq4
                0x100001cc                isr_irq16
                0x100001cc                isr_irq29
                0x100001cc                isr_irq26
                0x100001cc                __default_isrs_end
                0x100001cc                isr_irq3
                0x100001cc                isr_irq9
                0x100001cc                __unhandled_user_irq
                0x100001cc                isr_irq13
                0x100001cc                isr_irq27
                0x100001cc                isr_irq31
                0x100001cc                isr_irq5
                0x100001cc                isr_irq11
                0x100001cc                isr_irq23
                0x100001cc                isr_irq18
                0x100001cc                isr_irq30
                0x100001cc                isr_irq12
                0x100001d2                unhandled_user_irq_num_in_r0
 *(.binary_info_header)
 .binary_info_header
                0x100001d4       0x14 CMakeFiles/hw3.dir/Users/jz/Desktop/Pico/pico-sdk/src/rp2_common/pico_standard_link/crt0.S.obj
                0x100001e8                        __binary_info_header_end = .
 *(.reset)
 .reset         0x100001e8       0xa0 CMakeFiles/hw3.dir/Users/jz/Desktop/Pico/pico-sdk/src/rp2_common/pico_standard_link/crt0.S.obj
                0x100001e8                _entry_point
 .reset         0x10000288       0x30 CMakeFiles/hw3.dir/Users/jz/Desktop/Pico/pico-sdk/src/rp2_common/pico_standard_link/binary_info.c.obj
 *(.init)
 .init          0x100002b8        0x4 /Applications/ArmGNUToolchain/13.2.Rel1/arm-none-eabi/bin/../lib/gcc/arm-none-eabi/13.2.1/thumb/v6-m/nofp/crti.o
                0x100002b8                _init
 *(EXCLUDE_FILE(*libm.a: *libc.a:*lib_a-mem*.o *libgcc.a:) .text*)
 .text.register_tm_clones
                0x100002bc       0x28 /Applications/ArmGNUToolchain/13.2.Rel1/arm-none-eabi/bin/../lib/gcc/arm-none-eabi/13.2.1/thumb/v6-m/nofp/crtbegin.o
 .text.frame_dummy
                0x100002e4       0x24 /Applications/ArmGNUToolchain/13.2.Rel1/arm-none-eabi/bin/../lib/gcc/arm-none-eabi/13.2.1/thumb/v6-m/nofp/crtbegin.o
 .text.adc_gpio_init
                0x10000308       0x1e CMakeFiles/hw3.dir/hw3.c.obj
 *fill*         0x10000326        0x2 
 .text.main     0x10000328      0x10c CMakeFiles/hw3.dir/hw3.c.obj
                0x10000328                main
 .text.gpio_set_function
                0x10000434       0x30 CMakeFiles/hw3.dir/Users/jz/Desktop/Pico/pico-sdk/src/rp2_common/hardware_gpio/gpio.c.obj
                0x10000434                gpio_set_function
 .text.gpio_set_pulls
                0x10000464       0x34 CMakeFiles/hw3.dir/Users/jz/Desktop/Pico/pico-sdk/src/rp2_common/hardware_gpio/gpio.c.obj
                0x10000464                gpio_set_pulls
 .text.gpio_set_input_enabled
                0x10000498       0x30 CMakeFiles/hw3.dir/Users/jz/Desktop/Pico/pico-sdk/src/rp2_common/hardware_gpio/gpio.c.obj
                0x10000498                gpio_set_input_enabled
 .text.gpio_init
                0x100004c8       0x16 CMakeFiles/hw3.dir/Users/jz/Desktop/Pico/pico-sdk/src/rp2_common/hardware_gpio/gpio.c.obj
                0x100004c8                gpio_init
 *fill*         0x100004de        0x2 
 .text.running_on_fpga
                0x100004e0       0x14 CMakeFiles/hw3.dir/Users/jz/Desktop/Pico/pico-sdk/src/rp2_common/pico_platform/platform.c.obj
                0x100004e0                running_on_fpga
 .text.hw_claim_lock
                0x100004f4       0x18 CMakeFiles/hw3.dir/Users/jz/Desktop/Pico/pico-sdk/src/rp2_common/hardware_claim/claim.c.obj
                0x100004f4                hw_claim_lock
 .text.hw_claim_unlock
                0x1000050c       0x14 CMakeFiles/hw3.dir/Users/jz/Desktop/Pico/pico-sdk/src/rp2_common/hardware_claim/claim.c.obj
                0x1000050c                hw_claim_unlock
 .text.hw_claim_or_assert
                0x10000520       0x32 CMakeFiles/hw3.dir/Users/jz/Desktop/Pico/pico-sdk/src/rp2_common/hardware_claim/claim.c.obj
                0x10000520                hw_claim_or_assert
 .text.hw_claim_unused_from_range
                0x10000552       0x50 CMakeFiles/hw3.dir/Users/jz/Desktop/Pico/pico-sdk/src/rp2_common/hardware_claim/claim.c.obj
                0x10000552                hw_claim_unused_from_range
 *fill*         0x100005a2        0x2 
 .text.spin_locks_reset
                0x100005a4       0x20 CMakeFiles/hw3.dir/Users/jz/Desktop/Pico/pico-sdk/src/rp2_common/hardware_sync/sync.c.obj
                0x100005a4                spin_locks_reset
 .text.next_striped_spin_lock_num
                0x100005c4       0x1c CMakeFiles/hw3.dir/Users/jz/Desktop/Pico/pico-sdk/src/rp2_common/hardware_sync/sync.c.obj
                0x100005c4                next_striped_spin_lock_num
 .text.spin_lock_claim_unused
                0x100005e0       0x24 CMakeFiles/hw3.dir/Users/jz/Desktop/Pico/pico-sdk/src/rp2_common/hardware_sync/sync.c.obj
                0x100005e0                spin_lock_claim_unused
 .text.set_raw_irq_handler_and_unlock
                0x10000604       0x28 CMakeFiles/hw3.dir/Users/jz/Desktop/Pico/pico-sdk/src/rp2_common/hardware_irq/irq.c.obj
 .text.resolve_branch
                0x1000062c       0x30 CMakeFiles/hw3.dir/Users/jz/Desktop/Pico/pico-sdk/src/rp2_common/hardware_irq/irq.c.obj
 .text.make_branch
                0x1000065c       0x48 CMakeFiles/hw3.dir/Users/jz/Desktop/Pico/pico-sdk/src/rp2_common/hardware_irq/irq.c.obj
 .text.insert_branch_and_link
                0x100006a4       0x40 CMakeFiles/hw3.dir/Users/jz/Desktop/Pico/pico-sdk/src/rp2_common/hardware_irq/irq.c.obj
 .text.irq_is_enabled
                0x100006e4       0x18 CMakeFiles/hw3.dir/Users/jz/Desktop/Pico/pico-sdk/src/rp2_common/hardware_irq/irq.c.obj
                0x100006e4                irq_is_enabled
 .text.irq_set_mask_enabled
                0x100006fc       0x20 CMakeFiles/hw3.dir/Users/jz/Desktop/Pico/pico-sdk/src/rp2_common/hardware_irq/irq.c.obj
                0x100006fc                irq_set_mask_enabled
 .text.irq_set_enabled
                0x1000071c        0xe CMakeFiles/hw3.dir/Users/jz/Desktop/Pico/pico-sdk/src/rp2_common/hardware_irq/irq.c.obj
                0x1000071c                irq_set_enabled
 *fill*         0x1000072a        0x2 
 .text.irq_set_pending
                0x1000072c       0x10 CMakeFiles/hw3.dir/Users/jz/Desktop/Pico/pico-sdk/src/rp2_common/hardware_irq/irq.c.obj
                0x1000072c                irq_set_pending
 .text.irq_get_vtable_handler
                0x1000073c       0x10 CMakeFiles/hw3.dir/Users/jz/Desktop/Pico/pico-sdk/src/rp2_common/hardware_irq/irq.c.obj
                0x1000073c                irq_get_vtable_handler
 .text.irq_has_shared_handler
                0x1000074c       0x24 CMakeFiles/hw3.dir/Users/jz/Desktop/Pico/pico-sdk/src/rp2_common/hardware_irq/irq.c.obj
                0x1000074c                irq_has_shared_handler
 .text.irq_set_exclusive_handler
                0x10000770       0x54 CMakeFiles/hw3.dir/Users/jz/Desktop/Pico/pico-sdk/src/rp2_common/hardware_irq/irq.c.obj
                0x10000770                irq_set_exclusive_handler
 .text.irq_add_shared_handler
                0x100007c4      0x210 CMakeFiles/hw3.dir/Users/jz/Desktop/Pico/pico-sdk/src/rp2_common/hardware_irq/irq.c.obj
                0x100007c4                irq_add_shared_handler
 .text.irq_remove_handler
                0x100009d4      0x188 CMakeFiles/hw3.dir/Users/jz/Desktop/Pico/pico-sdk/src/rp2_common/hardware_irq/irq.c.obj
                0x100009d4                irq_remove_handler
 .text.irq_add_tail_to_free_list
                0x10000b5c       0xf0 CMakeFiles/hw3.dir/Users/jz/Desktop/Pico/pico-sdk/src/rp2_common/hardware_irq/irq.c.obj
                0x10000b5c                irq_add_tail_to_free_list
 .text.irq_init_priorities
                0x10000c4c       0x1c CMakeFiles/hw3.dir/Users/jz/Desktop/Pico/pico-sdk/src/rp2_common/hardware_irq/irq.c.obj
                0x10000c4c                irq_init_priorities
 .text.user_irq_claim_unused
                0x10000c68       0x2c CMakeFiles/hw3.dir/Users/jz/Desktop/Pico/pico-sdk/src/rp2_common/hardware_irq/irq.c.obj
                0x10000c68                user_irq_claim_unused
 .text.lock_init
                0x10000c94       0x10 CMakeFiles/hw3.dir/Users/jz/Desktop/Pico/pico-sdk/src/common/pico_sync/lock_core.c.obj
                0x10000c94                lock_init
 .text.update_us_since_boot
                0x10000ca4       0x24 CMakeFiles/hw3.dir/Users/jz/Desktop/Pico/pico-sdk/src/common/pico_sync/mutex.c.obj
 .text.delayed_by_ms
                0x10000cc8       0x44 CMakeFiles/hw3.dir/Users/jz/Desktop/Pico/pico-sdk/src/common/pico_sync/mutex.c.obj
 .text.get_absolute_time
                0x10000d0c       0x22 CMakeFiles/hw3.dir/Users/jz/Desktop/Pico/pico-sdk/src/common/pico_sync/mutex.c.obj
 .text.make_timeout_time_ms
                0x10000d2e       0x20 CMakeFiles/hw3.dir/Users/jz/Desktop/Pico/pico-sdk/src/common/pico_sync/mutex.c.obj
 .text.mutex_init
                0x10000d4e       0x1a CMakeFiles/hw3.dir/Users/jz/Desktop/Pico/pico-sdk/src/common/pico_sync/mutex.c.obj
                0x10000d4e                mutex_init
 .text.recursive_mutex_init
                0x10000d68       0x1e CMakeFiles/hw3.dir/Users/jz/Desktop/Pico/pico-sdk/src/common/pico_sync/mutex.c.obj
                0x10000d68                recursive_mutex_init
 *fill*         0x10000d86        0x2 
 .text.critical_section_init_with_lock_num
                0x10000d88       0x14 CMakeFiles/hw3.dir/Users/jz/Desktop/Pico/pico-sdk/src/common/pico_sync/critical_section.c.obj
                0x10000d88                critical_section_init_with_lock_num
 .text.critical_section_init
                0x10000d9c       0x14 CMakeFiles/hw3.dir/Users/jz/Desktop/Pico/pico-sdk/src/common/pico_sync/critical_section.c.obj
                0x10000d9c                critical_section_init
 .text.time_reached
                0x10000db0       0x28 CMakeFiles/hw3.dir/Users/jz/Desktop/Pico/pico-sdk/src/common/pico_time/time.c.obj
 .text.get_entry
                0x10000dd8       0x38 CMakeFiles/hw3.dir/Users/jz/Desktop/Pico/pico-sdk/src/common/pico_time/time.c.obj
 .text.timer_pool_entry_comparator
                0x10000e10       0x2e CMakeFiles/hw3.dir/Users/jz/Desktop/Pico/pico-sdk/src/common/pico_time/time.c.obj
                0x10000e10                timer_pool_entry_comparator
 *fill*         0x10000e3e        0x2 
 .text.update_us_since_boot
                0x10000e40       0x24 CMakeFiles/hw3.dir/Users/jz/Desktop/Pico/pico-sdk/src/common/pico_time/time.c.obj
 .text.delayed_by_us
                0x10000e64       0x34 CMakeFiles/hw3.dir/Users/jz/Desktop/Pico/pico-sdk/src/common/pico_time/time.c.obj
 .text.ph_get_node
                0x10000e98       0x30 CMakeFiles/hw3.dir/Users/jz/Desktop/Pico/pico-sdk/src/common/pico_time/time.c.obj
 .text.ph_contains_node
                0x10000ec8       0x1e CMakeFiles/hw3.dir/Users/jz/Desktop/Pico/pico-sdk/src/common/pico_time/time.c.obj
 .text.ph_new_node
                0x10000ee6       0x28 CMakeFiles/hw3.dir/Users/jz/Desktop/Pico/pico-sdk/src/common/pico_time/time.c.obj
 *fill*         0x10000f0e        0x2 
 .text.ph_add_child_node
                0x10000f10       0x6c CMakeFiles/hw3.dir/Users/jz/Desktop/Pico/pico-sdk/src/common/pico_time/time.c.obj
 .text.ph_merge_nodes
                0x10000f7c       0x3e CMakeFiles/hw3.dir/Users/jz/Desktop/Pico/pico-sdk/src/common/pico_time/time.c.obj
 *fill*         0x10000fba        0x2 
 .text.ph_insert_node
                0x10000fbc       0x3c CMakeFiles/hw3.dir/Users/jz/Desktop/Pico/pico-sdk/src/common/pico_time/time.c.obj
 .text.ph_free_node
                0x10000ff8       0x5c CMakeFiles/hw3.dir/Users/jz/Desktop/Pico/pico-sdk/src/common/pico_time/time.c.obj
 .text.get_entry_id_high
                0x10001054       0x30 CMakeFiles/hw3.dir/Users/jz/Desktop/Pico/pico-sdk/src/common/pico_time/time.c.obj
 .text.alarm_pool_post_alloc_init
                0x10001084       0x40 CMakeFiles/hw3.dir/Users/jz/Desktop/Pico/pico-sdk/src/common/pico_time/time.c.obj
 .text.sleep_until_callback
                0x100010c4       0x30 CMakeFiles/hw3.dir/Users/jz/Desktop/Pico/pico-sdk/src/common/pico_time/time.c.obj
 .text.get_absolute_time
                0x100010f4       0x22 CMakeFiles/hw3.dir/Users/jz/Desktop/Pico/pico-sdk/src/common/pico_time/time.c.obj
 .text.make_timeout_time_us
                0x10001116       0x24 CMakeFiles/hw3.dir/Users/jz/Desktop/Pico/pico-sdk/src/common/pico_time/time.c.obj
 *fill*         0x1000113a        0x2 
 .text.add_alarm_under_lock
                0x1000113c       0x94 CMakeFiles/hw3.dir/Users/jz/Desktop/Pico/pico-sdk/src/common/pico_time/time.c.obj
 .text.alarm_pool_alarm_callback
                0x100011d0      0x210 CMakeFiles/hw3.dir/Users/jz/Desktop/Pico/pico-sdk/src/common/pico_time/time.c.obj
 .text.alarm_pool_init_default
                0x100013e0       0x40 CMakeFiles/hw3.dir/Users/jz/Desktop/Pico/pico-sdk/src/common/pico_time/time.c.obj
                0x100013e0                alarm_pool_init_default
 .text.alarm_pool_get_default
                0x10001420       0x2c CMakeFiles/hw3.dir/Users/jz/Desktop/Pico/pico-sdk/src/common/pico_time/time.c.obj
                0x10001420                alarm_pool_get_default
 .text.alarm_pool_add_alarm_at
                0x1000144c      0x10e CMakeFiles/hw3.dir/Users/jz/Desktop/Pico/pico-sdk/src/common/pico_time/time.c.obj
                0x1000144c                alarm_pool_add_alarm_at
 .text.add_alarm_at
                0x1000155a       0x2e CMakeFiles/hw3.dir/Users/jz/Desktop/Pico/pico-sdk/src/common/pico_time/time.c.obj
 .text.alarm_pool_cancel_alarm
                0x10001588       0xa8 CMakeFiles/hw3.dir/Users/jz/Desktop/Pico/pico-sdk/src/common/pico_time/time.c.obj
                0x10001588                alarm_pool_cancel_alarm
 .text.cancel_alarm
                0x10001630       0x10 CMakeFiles/hw3.dir/Users/jz/Desktop/Pico/pico-sdk/src/common/pico_time/time.c.obj
 .text.alarm_pool_core_num
                0x10001640        0x4 CMakeFiles/hw3.dir/Users/jz/Desktop/Pico/pico-sdk/src/common/pico_time/time.c.obj
                0x10001640                alarm_pool_core_num
 .text.sleep_until
                0x10001644       0xb0 CMakeFiles/hw3.dir/Users/jz/Desktop/Pico/pico-sdk/src/common/pico_time/time.c.obj
                0x10001644                sleep_until
 .text.sleep_us
                0x100016f4       0x1a CMakeFiles/hw3.dir/Users/jz/Desktop/Pico/pico-sdk/src/common/pico_time/time.c.obj
                0x100016f4                sleep_us
 .text.sleep_ms
                0x1000170e       0x14 CMakeFiles/hw3.dir/Users/jz/Desktop/Pico/pico-sdk/src/common/pico_time/time.c.obj
                0x1000170e                sleep_ms
 *fill*         0x10001722        0x2 
 .text.best_effort_wfe_or_timeout
                0x10001724       0x44 CMakeFiles/hw3.dir/Users/jz/Desktop/Pico/pico-sdk/src/common/pico_time/time.c.obj
                0x10001724                best_effort_wfe_or_timeout
 .text.update_us_since_boot
                0x10001768       0x24 CMakeFiles/hw3.dir/Users/jz/Desktop/Pico/pico-sdk/src/rp2_common/hardware_timer/timer.c.obj
 .text.hardware_alarm_irq_handler
                0x1000178c       0x8c CMakeFiles/hw3.dir/Users/jz/Desktop/Pico/pico-sdk/src/rp2_common/hardware_timer/timer.c.obj
 .text.hardware_alarm_claim
                0x10001818       0x18 CMakeFiles/hw3.dir/Users/jz/Desktop/Pico/pico-sdk/src/rp2_common/hardware_timer/timer.c.obj
                0x10001818                hardware_alarm_claim
 .text.time_us_64
                0x10001830       0x18 CMakeFiles/hw3.dir/Users/jz/Desktop/Pico/pico-sdk/src/rp2_common/hardware_timer/timer.c.obj
                0x10001830                time_us_64
 .text.busy_wait_until
                0x10001848       0x28 CMakeFiles/hw3.dir/Users/jz/Desktop/Pico/pico-sdk/src/rp2_common/hardware_timer/timer.c.obj
                0x10001848                busy_wait_until
 .text.busy_wait_us
                0x10001870       0x3a CMakeFiles/hw3.dir/Users/jz/Desktop/Pico/pico-sdk/src/rp2_common/hardware_timer/timer.c.obj
                0x10001870                busy_wait_us
 *fill*         0x100018aa        0x2 
 .text.hardware_alarm_set_callback
                0x100018ac       0x90 CMakeFiles/hw3.dir/Users/jz/Desktop/Pico/pico-sdk/src/rp2_common/hardware_timer/timer.c.obj
                0x100018ac                hardware_alarm_set_callback
 .text.hardware_alarm_set_target
                0x1000193c       0xe8 CMakeFiles/hw3.dir/Users/jz/Desktop/Pico/pico-sdk/src/rp2_common/hardware_timer/timer.c.obj
                0x1000193c                hardware_alarm_set_target
 .text.hardware_alarm_cancel
                0x10001a24       0x40 CMakeFiles/hw3.dir/Users/jz/Desktop/Pico/pico-sdk/src/rp2_common/hardware_timer/timer.c.obj
                0x10001a24                hardware_alarm_cancel
 .text.ph_get_node
                0x10001a64       0x30 CMakeFiles/hw3.dir/Users/jz/Desktop/Pico/pico-sdk/src/common/pico_util/pheap.c.obj
 .text.ph_add_child_node
                0x10001a94       0x6c CMakeFiles/hw3.dir/Users/jz/Desktop/Pico/pico-sdk/src/common/pico_util/pheap.c.obj
 .text.ph_merge_nodes
                0x10001b00       0x3e CMakeFiles/hw3.dir/Users/jz/Desktop/Pico/pico-sdk/src/common/pico_util/pheap.c.obj
 .text.ph_clear
                0x10001b3e       0x34 CMakeFiles/hw3.dir/Users/jz/Desktop/Pico/pico-sdk/src/common/pico_util/pheap.c.obj
                0x10001b3e                ph_clear
 .text.ph_post_alloc_init
                0x10001b72        0xe CMakeFiles/hw3.dir/Users/jz/Desktop/Pico/pico-sdk/src/common/pico_util/pheap.c.obj
                0x10001b72                ph_post_alloc_init
 .text.ph_merge_two_pass
                0x10001b80       0x5c CMakeFiles/hw3.dir/Users/jz/Desktop/Pico/pico-sdk/src/common/pico_util/pheap.c.obj
                0x10001b80                ph_merge_two_pass
 .text.ph_remove_any_head
                0x10001bdc       0xc0 CMakeFiles/hw3.dir/Users/jz/Desktop/Pico/pico-sdk/src/common/pico_util/pheap.c.obj
 .text.ph_remove_head
                0x10001c9c       0x14 CMakeFiles/hw3.dir/Users/jz/Desktop/Pico/pico-sdk/src/common/pico_util/pheap.c.obj
                0x10001c9c                ph_remove_head
 .text.ph_remove_and_free_node
                0x10001cb0       0xa0 CMakeFiles/hw3.dir/Users/jz/Desktop/Pico/pico-sdk/src/common/pico_util/pheap.c.obj
                0x10001cb0                ph_remove_and_free_node
 .text.clock_configure
                0x10001d50      0x108 CMakeFiles/hw3.dir/Users/jz/Desktop/Pico/pico-sdk/src/rp2_common/hardware_clocks/clocks.c.obj
                0x10001d50                clock_configure
 .text.clocks_init
                0x10001e58      0x100 CMakeFiles/hw3.dir/Users/jz/Desktop/Pico/pico-sdk/src/rp2_common/hardware_clocks/clocks.c.obj
                0x10001e58                clocks_init
 .text.pll_init
                0x10001f58      0x120 CMakeFiles/hw3.dir/Users/jz/Desktop/Pico/pico-sdk/src/rp2_common/hardware_pll/pll.c.obj
                0x10001f58                pll_init
 .text.watchdog_start_tick
                0x10002078       0x10 CMakeFiles/hw3.dir/Users/jz/Desktop/Pico/pico-sdk/src/rp2_common/hardware_watchdog/watchdog.c.obj
                0x10002078                watchdog_start_tick
 .text.watchdog_update
                0x10002088       0x14 CMakeFiles/hw3.dir/Users/jz/Desktop/Pico/pico-sdk/src/rp2_common/hardware_watchdog/watchdog.c.obj
                0x10002088                watchdog_update
 .text._watchdog_enable
                0x1000209c       0x78 CMakeFiles/hw3.dir/Users/jz/Desktop/Pico/pico-sdk/src/rp2_common/hardware_watchdog/watchdog.c.obj
                0x1000209c                _watchdog_enable
 .text.watchdog_reboot
                0x10002114       0x48 CMakeFiles/hw3.dir/Users/jz/Desktop/Pico/pico-sdk/src/rp2_common/hardware_watchdog/watchdog.c.obj
                0x10002114                watchdog_reboot
 .text.xosc_init
                0x1000215c       0x28 CMakeFiles/hw3.dir/Users/jz/Desktop/Pico/pico-sdk/src/rp2_common/hardware_xosc/xosc.c.obj
                0x1000215c                xosc_init
 .text._exit    0x10002184        0x4 CMakeFiles/hw3.dir/Users/jz/Desktop/Pico/pico-sdk/src/rp2_common/pico_runtime/runtime.c.obj
                0x10002184                _exit
 .text._sbrk    0x10002188       0x38 CMakeFiles/hw3.dir/Users/jz/Desktop/Pico/pico-sdk/src/rp2_common/pico_runtime/runtime.c.obj
                0x10002188                _sbrk
 .text.exit     0x100021c0        0x6 CMakeFiles/hw3.dir/Users/jz/Desktop/Pico/pico-sdk/src/rp2_common/pico_runtime/runtime.c.obj
                0x100021c0                exit
 *fill*         0x100021c6        0x2 
 .text.__assert_func
                0x100021c8       0x38 CMakeFiles/hw3.dir/Users/jz/Desktop/Pico/pico-sdk/src/rp2_common/pico_runtime/runtime.c.obj
                0x100021c8                __assert_func
 .text.runtime_init
                0x10002200       0xf8 CMakeFiles/hw3.dir/Users/jz/Desktop/Pico/pico-sdk/src/rp2_common/pico_runtime/runtime.c.obj
                0x10002200                runtime_init
 .text.panic    0x100022f8       0x30 CMakeFiles/hw3.dir/Users/jz/Desktop/Pico/pico-sdk/src/rp2_common/pico_runtime/runtime.c.obj
                0x100022f8                panic
 .text._out_buffer
                0x10002328        0x8 CMakeFiles/hw3.dir/Users/jz/Desktop/Pico/pico-sdk/src/rp2_common/pico_printf/printf.c.obj
 .text._out_null
                0x10002330        0x2 CMakeFiles/hw3.dir/Users/jz/Desktop/Pico/pico-sdk/src/rp2_common/pico_printf/printf.c.obj
 .text._out_fct
                0x10002332        0xe CMakeFiles/hw3.dir/Users/jz/Desktop/Pico/pico-sdk/src/rp2_common/pico_printf/printf.c.obj
 .text._atoi    0x10002340       0x24 CMakeFiles/hw3.dir/Users/jz/Desktop/Pico/pico-sdk/src/rp2_common/pico_printf/printf.c.obj
 .text._out_rev
                0x10002364       0xae CMakeFiles/hw3.dir/Users/jz/Desktop/Pico/pico-sdk/src/rp2_common/pico_printf/printf.c.obj
 .text._ntoa_format
                0x10002412      0x110 CMakeFiles/hw3.dir/Users/jz/Desktop/Pico/pico-sdk/src/rp2_common/pico_printf/printf.c.obj
 .text._ntoa_long
                0x10002522       0xbc CMakeFiles/hw3.dir/Users/jz/Desktop/Pico/pico-sdk/src/rp2_common/pico_printf/printf.c.obj
 .text._ntoa_long_long
                0x100025de      0x10e CMakeFiles/hw3.dir/Users/jz/Desktop/Pico/pico-sdk/src/rp2_common/pico_printf/printf.c.obj
 .text._etoa    0x100026ec      0x420 CMakeFiles/hw3.dir/Users/jz/Desktop/Pico/pico-sdk/src/rp2_common/pico_printf/printf.c.obj
 .text._ftoa    0x10002b0c      0x354 CMakeFiles/hw3.dir/Users/jz/Desktop/Pico/pico-sdk/src/rp2_common/pico_printf/printf.c.obj
 .text._vsnprintf
                0x10002e60      0x668 CMakeFiles/hw3.dir/Users/jz/Desktop/Pico/pico-sdk/src/rp2_common/pico_printf/printf.c.obj
 .text.__wrap_sprintf
                0x100034c8       0x2c CMakeFiles/hw3.dir/Users/jz/Desktop/Pico/pico-sdk/src/rp2_common/pico_printf/printf.c.obj
                0x100034c8                __wrap_sprintf
 .text.vfctprintf
                0x100034f4       0x20 CMakeFiles/hw3.dir/Users/jz/Desktop/Pico/pico-sdk/src/rp2_common/pico_printf/printf.c.obj
                0x100034f4                vfctprintf
 .text          0x10003514       0x10 CMakeFiles/hw3.dir/Users/jz/Desktop/Pico/pico-sdk/src/rp2_common/pico_bit_ops/bit_ops_aeabi.S.obj
 .text.rom_func_lookup
                0x10003524       0x10 CMakeFiles/hw3.dir/Users/jz/Desktop/Pico/pico-sdk/src/rp2_common/pico_bootrom/bootrom.c.obj
                0x10003524                rom_func_lookup
 .text.rom_data_lookup
                0x10003534       0x10 CMakeFiles/hw3.dir/Users/jz/Desktop/Pico/pico-sdk/src/rp2_common/pico_bootrom/bootrom.c.obj
                0x10003534                rom_data_lookup
 .text.rom_funcs_lookup
                0x10003544       0x36 CMakeFiles/hw3.dir/Users/jz/Desktop/Pico/pico-sdk/src/rp2_common/pico_bootrom/bootrom.c.obj
                0x10003544                rom_funcs_lookup
 *fill*         0x1000357a        0x2 
 .text.__wrap___aeabi_idiv
                0x1000357c       0x50 CMakeFiles/hw3.dir/Users/jz/Desktop/Pico/pico-sdk/src/rp2_common/pico_divider/divider.S.obj
                0x1000357c                __wrap___aeabi_idivmod
                0x1000357c                divmod_s32s32
                0x1000357c                div_s32s32
                0x1000357c                __wrap___aeabi_idiv
                0x10003584                divmod_s32s32_unsafe
                0x100035b0                divmod_s32s32_savestate
 .text.__wrap___aeabi_uidiv
                0x100035cc       0x4c CMakeFiles/hw3.dir/Users/jz/Desktop/Pico/pico-sdk/src/rp2_common/pico_divider/divider.S.obj
                0x100035cc                __wrap___aeabi_uidiv
                0x100035cc                __wrap___aeabi_uidivmod
                0x100035cc                div_u32u32
                0x100035cc                divmod_u32u32
                0x100035d4                divmod_u32u32_unsafe
                0x100035fc                divmod_u32u32_savestate
 .text.__wrap___aeabi_ldiv
                0x10003618      0x424 CMakeFiles/hw3.dir/Users/jz/Desktop/Pico/pico-sdk/src/rp2_common/pico_divider/divider.S.obj
                0x10003618                __wrap___aeabi_ldivmod
                0x10003618                div_s64s64
                0x10003618                divmod_s64s64
                0x10003648                divmod_u64u64
                0x10003648                div_u64u64
                0x10003648                __wrap___aeabi_uldivmod
                0x10003658                divmod_u64u64_savestate
                0x10003678                divmod_s64s64_unsafe
                0x10003700                divmod_u64u64_unsafe
 .text.__wrap___aeabi_darithmetic
                0x10003a3c       0x80 CMakeFiles/hw3.dir/Users/jz/Desktop/Pico/pico-sdk/src/rp2_common/pico_double/double_aeabi.S.obj
                0x10003a3c                __wrap___aeabi_drsub
                0x10003a42                __wrap___aeabi_dsub
                0x10003a54                __wrap___aeabi_dadd
                0x10003a66                __wrap___aeabi_ddiv
                0x10003aa2                __wrap___aeabi_dmul
 .text.__wrap___aeabi_cdcmple
                0x10003abc       0x6c CMakeFiles/hw3.dir/Users/jz/Desktop/Pico/pico-sdk/src/rp2_common/pico_double/double_aeabi.S.obj
                0x10003abc                __wrap___aeabi_cdrcmple
                0x10003acc                __wrap___aeabi_cdcmple
                0x10003acc                __wrap___aeabi_cdcmpeq
 .text.__wrap___aeabi_dcmpeq
                0x10003b28       0x10 CMakeFiles/hw3.dir/Users/jz/Desktop/Pico/pico-sdk/src/rp2_common/pico_double/double_aeabi.S.obj
                0x10003b28                __wrap___aeabi_dcmpeq
 .text.__wrap___aeabi_dcmplt
                0x10003b38        0xc CMakeFiles/hw3.dir/Users/jz/Desktop/Pico/pico-sdk/src/rp2_common/pico_double/double_aeabi.S.obj
                0x10003b38                __wrap___aeabi_dcmplt
 .text.__wrap___aeabi_dcmple
                0x10003b44       0x10 CMakeFiles/hw3.dir/Users/jz/Desktop/Pico/pico-sdk/src/rp2_common/pico_double/double_aeabi.S.obj
                0x10003b44                __wrap___aeabi_dcmple
 .text.__wrap___aeabi_dcmpge
                0x10003b54       0x10 CMakeFiles/hw3.dir/Users/jz/Desktop/Pico/pico-sdk/src/rp2_common/pico_double/double_aeabi.S.obj
                0x10003b54                __wrap___aeabi_dcmpge
 .text.__wrap___aeabi_dcmpgt
                0x10003b64        0xa CMakeFiles/hw3.dir/Users/jz/Desktop/Pico/pico-sdk/src/rp2_common/pico_double/double_aeabi.S.obj
                0x10003b64                __wrap___aeabi_dcmpgt
 .text.__wrap___aeabi_dcmpun
                0x10003b6e       0x1c CMakeFiles/hw3.dir/Users/jz/Desktop/Pico/pico-sdk/src/rp2_common/pico_double/double_aeabi.S.obj
                0x10003b6e                __wrap___aeabi_dcmpun
 *fill*         0x10003b8a        0x2 
 .text.__wrap___aeabi_i2d
                0x10003b8c       0x38 CMakeFiles/hw3.dir/Users/jz/Desktop/Pico/pico-sdk/src/rp2_common/pico_double/double_aeabi.S.obj
                0x10003b8c                __wrap___aeabi_ui2d
                0x10003b94                __wrap___aeabi_i2d
 .text.__wrap___aeabi_d2iz
                0x10003bc4       0x48 CMakeFiles/hw3.dir/Users/jz/Desktop/Pico/pico-sdk/src/rp2_common/pico_double/double_aeabi.S.obj
                0x10003bc4                __wrap___aeabi_d2iz
                0x10003bc4                double2int_z
 .text.__wrap___aeabi_d2uiz
                0x10003c0c       0x18 CMakeFiles/hw3.dir/Users/jz/Desktop/Pico/pico-sdk/src/rp2_common/pico_double/double_aeabi.S.obj
                0x10003c0c                double2uint
                0x10003c0c                __wrap___aeabi_d2uiz
 .text.__wrap___aeabi_l2d
                0x10003c24       0x18 CMakeFiles/hw3.dir/Users/jz/Desktop/Pico/pico-sdk/src/rp2_common/pico_double/double_aeabi.S.obj
                0x10003c24                __wrap___aeabi_l2d
 .text.__wrap___aeabi_d2lz
                0x10003c3c       0x26 CMakeFiles/hw3.dir/Users/jz/Desktop/Pico/pico-sdk/src/rp2_common/pico_double/double_aeabi.S.obj
                0x10003c3c                __wrap___aeabi_d2lz
                0x10003c3c                double2int64_z
 *fill*         0x10003c62        0x2 
 .text.double2int64
                0x10003c64       0x18 CMakeFiles/hw3.dir/Users/jz/Desktop/Pico/pico-sdk/src/rp2_common/pico_double/double_aeabi.S.obj
                0x10003c64                double2int64
 .text.double2ufix64
                0x10003c7c       0x18 CMakeFiles/hw3.dir/Users/jz/Desktop/Pico/pico-sdk/src/rp2_common/pico_double/double_aeabi.S.obj
                0x10003c7c                double2ufix64
 .text.__wrap___aeabi_d2f
                0x10003c94       0x18 CMakeFiles/hw3.dir/Users/jz/Desktop/Pico/pico-sdk/src/rp2_common/pico_double/double_aeabi.S.obj
                0x10003c94                __wrap___aeabi_d2f
 .text.__aeabi_double_init
                0x10003cac       0xcc CMakeFiles/hw3.dir/Users/jz/Desktop/Pico/pico-sdk/src/rp2_common/pico_double/double_init_rom.c.obj
                0x10003cac                __aeabi_double_init
 .text.double_table_shim_on_use_helper
                0x10003d78       0x34 CMakeFiles/hw3.dir/Users/jz/Desktop/Pico/pico-sdk/src/rp2_common/pico_double/double_v1_rom_shim.S.obj
                0x10003d78                double_table_shim_on_use_helper
 .text.__wrap___aeabi_dsub
                0x10003dac       0x10 CMakeFiles/hw3.dir/Users/jz/Desktop/Pico/pico-sdk/src/rp2_common/pico_double/double_v1_rom_shim.S.obj
                0x10003dac                drsub_shim
                0x10003db2                dsub_shim
 .text.dadd_shim
                0x10003dbc      0x15c CMakeFiles/hw3.dir/Users/jz/Desktop/Pico/pico-sdk/src/rp2_common/pico_double/double_v1_rom_shim.S.obj
                0x10003dbc                dadd_shim
 .text.dmul_shim
                0x10003f18      0x15c CMakeFiles/hw3.dir/Users/jz/Desktop/Pico/pico-sdk/src/rp2_common/pico_double/double_v1_rom_shim.S.obj
                0x10003f18                dmul_shim
 .text.ddiv_shim
                0x10004074      0x1b0 CMakeFiles/hw3.dir/Users/jz/Desktop/Pico/pico-sdk/src/rp2_common/pico_double/double_v1_rom_shim.S.obj
                0x10004074                ddiv_shim
 .text.double2uint_shim
                0x10004224        0xe CMakeFiles/hw3.dir/Users/jz/Desktop/Pico/pico-sdk/src/rp2_common/pico_double/double_v1_rom_shim.S.obj
                0x10004224                double2uint_shim
                0x10004226                double2ufix_shim
 .text.double2int64_shim
                0x10004232       0x1a CMakeFiles/hw3.dir/Users/jz/Desktop/Pico/pico-sdk/src/rp2_common/pico_double/double_v1_rom_shim.S.obj
                0x10004232                double2int64_shim
                0x10004234                double2fix64_shim
 .text.double2uint64_shim
                0x1000424c       0x70 CMakeFiles/hw3.dir/Users/jz/Desktop/Pico/pico-sdk/src/rp2_common/pico_double/double_v1_rom_shim.S.obj
                0x1000424c                double2uint64_shim
                0x1000424e                double2ufix64_shim
                0x1000426e                d2fix_a
 .text.double2float_shim
                0x100042bc       0x5c CMakeFiles/hw3.dir/Users/jz/Desktop/Pico/pico-sdk/src/rp2_common/pico_double/double_v1_rom_shim.S.obj
                0x100042bc                double2float_shim
 .text.x2double_shims
                0x10004318       0x90 CMakeFiles/hw3.dir/Users/jz/Desktop/Pico/pico-sdk/src/rp2_common/pico_double/double_v1_rom_shim.S.obj
                0x10004318                uint2double_shim
                0x1000431a                ufix2double_shim
                0x10004320                int2double_shim
                0x10004322                fix2double_shim
                0x10004328                uint642double_shim
                0x1000432a                ufix642double_shim
                0x10004330                int642double_shim
                0x10004332                fix642double_shim
 .text.dunpacks
                0x100043a8       0x3c CMakeFiles/hw3.dir/Users/jz/Desktop/Pico/pico-sdk/src/rp2_common/pico_double/double_v1_rom_shim.S.obj
                0x100043a8                dunpacks
 .text.__aeabi_lmul
                0x100043e4       0x32 CMakeFiles/hw3.dir/Users/jz/Desktop/Pico/pico-sdk/src/rp2_common/pico_int64_ops/pico_int64_ops_aeabi.S.obj
                0x100043e4                __wrap___aeabi_lmul
 *fill*         0x10004416        0x2 
 .text.__wrap___aeabi_f2d
                0x10004418       0x14 CMakeFiles/hw3.dir/Users/jz/Desktop/Pico/pico-sdk/src/rp2_common/pico_float/float_aeabi.S.obj
                0x10004418                __wrap___aeabi_f2d
 .text.__aeabi_float_init
                0x1000442c       0xfc CMakeFiles/hw3.dir/Users/jz/Desktop/Pico/pico-sdk/src/rp2_common/pico_float/float_init_rom.c.obj
                0x1000442c                __aeabi_float_init
 .text.float_table_shim_on_use_helper
                0x10004528       0x34 CMakeFiles/hw3.dir/Users/jz/Desktop/Pico/pico-sdk/src/rp2_common/pico_float/float_v1_rom_shim.S.obj
                0x10004528                float_table_shim_on_use_helper
 .text.float2double_shim
                0x1000455c       0x30 CMakeFiles/hw3.dir/Users/jz/Desktop/Pico/pico-sdk/src/rp2_common/pico_float/float_v1_rom_shim.S.obj
                0x1000455c                float2double_shim
 .text.check_alloc
                0x1000458c       0x20 CMakeFiles/hw3.dir/Users/jz/Desktop/Pico/pico-sdk/src/rp2_common/pico_malloc/pico_malloc.c.obj
 .text.__wrap_malloc
                0x100045ac       0x14 CMakeFiles/hw3.dir/Users/jz/Desktop/Pico/pico-sdk/src/rp2_common/pico_malloc/pico_malloc.c.obj
                0x100045ac                __wrap_malloc
 .text.__wrap_realloc
                0x100045c0       0x14 CMakeFiles/hw3.dir/Users/jz/Desktop/Pico/pico-sdk/src/rp2_common/pico_malloc/pico_malloc.c.obj
                0x100045c0                __wrap_realloc
 .text.__wrap_free
                0x100045d4        0x8 CMakeFiles/hw3.dir/Users/jz/Desktop/Pico/pico-sdk/src/rp2_common/pico_malloc/pico_malloc.c.obj
                0x100045d4                __wrap_free
 .text          0x100045dc       0x10 CMakeFiles/hw3.dir/Users/jz/Desktop/Pico/pico-sdk/src/rp2_common/pico_mem_ops/mem_ops_aeabi.S.obj
                0x100045dc                __aeabi_mem_init
 .text.memset   0x100045ec        0xc CMakeFiles/hw3.dir/Users/jz/Desktop/Pico/pico-sdk/src/rp2_common/pico_mem_ops/mem_ops_aeabi.S.obj
                0x100045ec                __wrap_memset
 .text.memcpy   0x100045f8        0xc CMakeFiles/hw3.dir/Users/jz/Desktop/Pico/pico-sdk/src/rp2_common/pico_mem_ops/mem_ops_aeabi.S.obj
                0x100045f8                __wrap___aeabi_memcpy
                0x100045f8                __wrap_memcpy
 .text.time_reached
                0x10004604       0x28 CMakeFiles/hw3.dir/Users/jz/Desktop/Pico/pico-sdk/src/rp2_common/pico_stdio/stdio.c.obj
 .text.stdio_out_chars_no_crlf
                0x1000462c        0xe CMakeFiles/hw3.dir/Users/jz/Desktop/Pico/pico-sdk/src/rp2_common/pico_stdio/stdio.c.obj
 *fill*         0x1000463a        0x2 
 .text.stdio_out_chars_crlf
                0x1000463c       0x80 CMakeFiles/hw3.dir/Users/jz/Desktop/Pico/pico-sdk/src/rp2_common/pico_stdio/stdio.c.obj
 .text.stdio_stack_buffer_flush
                0x100046bc       0x44 CMakeFiles/hw3.dir/Users/jz/Desktop/Pico/pico-sdk/src/rp2_common/pico_stdio/stdio.c.obj
 .text.stdio_buffered_printer
                0x10004700       0x20 CMakeFiles/hw3.dir/Users/jz/Desktop/Pico/pico-sdk/src/rp2_common/pico_stdio/stdio.c.obj
 .text.update_us_since_boot
                0x10004720       0x24 CMakeFiles/hw3.dir/Users/jz/Desktop/Pico/pico-sdk/src/rp2_common/pico_stdio/stdio.c.obj
 .text.get_absolute_time
                0x10004744       0x22 CMakeFiles/hw3.dir/Users/jz/Desktop/Pico/pico-sdk/src/rp2_common/pico_stdio/stdio.c.obj
 *fill*         0x10004766        0x2 
 .text.delayed_by_ms
                0x10004768       0x44 CMakeFiles/hw3.dir/Users/jz/Desktop/Pico/pico-sdk/src/rp2_common/pico_stdio/stdio.c.obj
 .text.make_timeout_time_ms
                0x100047ac       0x20 CMakeFiles/hw3.dir/Users/jz/Desktop/Pico/pico-sdk/src/rp2_common/pico_stdio/stdio.c.obj
 .text.stdio_get_until
                0x100047cc       0x64 CMakeFiles/hw3.dir/Users/jz/Desktop/Pico/pico-sdk/src/rp2_common/pico_stdio/stdio.c.obj
 .text.stdout_serialize_begin
                0x10004830       0x20 CMakeFiles/hw3.dir/Users/jz/Desktop/Pico/pico-sdk/src/rp2_common/pico_stdio/stdio.c.obj
                0x10004830                stdout_serialize_begin
 .text.stdout_serialize_end
                0x10004850       0x10 CMakeFiles/hw3.dir/Users/jz/Desktop/Pico/pico-sdk/src/rp2_common/pico_stdio/stdio.c.obj
                0x10004850                stdout_serialize_end
 .text.stdio_put_string
                0x10004860       0x98 CMakeFiles/hw3.dir/Users/jz/Desktop/Pico/pico-sdk/src/rp2_common/pico_stdio/stdio.c.obj
 .text._read    0x100048f8       0x24 CMakeFiles/hw3.dir/Users/jz/Desktop/Pico/pico-sdk/src/rp2_common/pico_stdio/stdio.c.obj
                0x100048f8                _read
 .text._write   0x1000491c       0x22 CMakeFiles/hw3.dir/Users/jz/Desktop/Pico/pico-sdk/src/rp2_common/pico_stdio/stdio.c.obj
                0x1000491c                _write
 .text._close   0x1000493e        0x6 CMakeFiles/hw3.dir/Users/jz/Desktop/Pico/pico-sdk/src/rp2_common/pico_stdio/stdio.c.obj
                0x1000493e                _close
 .text._lseek   0x10004944        0x6 CMakeFiles/hw3.dir/Users/jz/Desktop/Pico/pico-sdk/src/rp2_common/pico_stdio/stdio.c.obj
                0x10004944                _lseek
 .text._fstat   0x1000494a        0x6 CMakeFiles/hw3.dir/Users/jz/Desktop/Pico/pico-sdk/src/rp2_common/pico_stdio/stdio.c.obj
                0x1000494a                _fstat
 .text._isatty  0x10004950        0xc CMakeFiles/hw3.dir/Users/jz/Desktop/Pico/pico-sdk/src/rp2_common/pico_stdio/stdio.c.obj
                0x10004950                _isatty
 .text.stdio_set_driver_enabled
                0x1000495c       0x2c CMakeFiles/hw3.dir/Users/jz/Desktop/Pico/pico-sdk/src/rp2_common/pico_stdio/stdio.c.obj
                0x1000495c                stdio_set_driver_enabled
 .text.stdio_flush
                0x10004988       0x20 CMakeFiles/hw3.dir/Users/jz/Desktop/Pico/pico-sdk/src/rp2_common/pico_stdio/stdio.c.obj
                0x10004988                stdio_flush
 .text.__wrap_puts
                0x100049a8       0x1e CMakeFiles/hw3.dir/Users/jz/Desktop/Pico/pico-sdk/src/rp2_common/pico_stdio/stdio.c.obj
                0x100049a8                __wrap_puts
 *fill*         0x100049c6        0x2 
 .text.__wrap_vprintf
                0x100049c8       0x40 CMakeFiles/hw3.dir/Users/jz/Desktop/Pico/pico-sdk/src/rp2_common/pico_stdio/stdio.c.obj
                0x100049c8                __wrap_vprintf
 .text.__wrap_printf
                0x10004a08       0x18 CMakeFiles/hw3.dir/Users/jz/Desktop/Pico/pico-sdk/src/rp2_common/pico_stdio/stdio.c.obj
                0x10004a08                __wrap_printf
 .text.stdio_init_all
                0x10004a20        0x8 CMakeFiles/hw3.dir/Users/jz/Desktop/Pico/pico-sdk/src/rp2_common/pico_stdio/stdio.c.obj
                0x10004a20                stdio_init_all
 .text.resetd_init
                0x10004a28        0x2 CMakeFiles/hw3.dir/Users/jz/Desktop/Pico/pico-sdk/src/rp2_common/pico_stdio_usb/reset_interface.c.obj
 *fill*         0x10004a2a        0x2 
 .text.resetd_reset
                0x10004a2c        0xc CMakeFiles/hw3.dir/Users/jz/Desktop/Pico/pico-sdk/src/rp2_common/pico_stdio_usb/reset_interface.c.obj
 .text.resetd_open
                0x10004a38       0x34 CMakeFiles/hw3.dir/Users/jz/Desktop/Pico/pico-sdk/src/rp2_common/pico_stdio_usb/reset_interface.c.obj
 .text.resetd_xfer_cb
                0x10004a6c        0x4 CMakeFiles/hw3.dir/Users/jz/Desktop/Pico/pico-sdk/src/rp2_common/pico_stdio_usb/reset_interface.c.obj
 .text.reset_usb_boot
                0x10004a70       0x18 CMakeFiles/hw3.dir/Users/jz/Desktop/Pico/pico-sdk/src/rp2_common/pico_stdio_usb/reset_interface.c.obj
 .text.resetd_control_xfer_cb
                0x10004a88       0x5c CMakeFiles/hw3.dir/Users/jz/Desktop/Pico/pico-sdk/src/rp2_common/pico_stdio_usb/reset_interface.c.obj
 .text.usbd_app_driver_get_cb
                0x10004ae4        0xc CMakeFiles/hw3.dir/Users/jz/Desktop/Pico/pico-sdk/src/rp2_common/pico_stdio_usb/reset_interface.c.obj
                0x10004ae4                usbd_app_driver_get_cb
 .text.tud_cdc_line_coding_cb
                0x10004af0       0x28 CMakeFiles/hw3.dir/Users/jz/Desktop/Pico/pico-sdk/src/rp2_common/pico_stdio_usb/reset_interface.c.obj
                0x10004af0                tud_cdc_line_coding_cb
 .text.stdio_usb_set_chars_available_callback
                0x10004b18       0x14 CMakeFiles/hw3.dir/Users/jz/Desktop/Pico/pico-sdk/src/rp2_common/pico_stdio_usb/stdio_usb.c.obj
                0x10004b18                stdio_usb_set_chars_available_callback
 .text.update_us_since_boot
                0x10004b2c       0x24 CMakeFiles/hw3.dir/Users/jz/Desktop/Pico/pico-sdk/src/rp2_common/pico_stdio_usb/stdio_usb.c.obj
 .text.get_absolute_time
                0x10004b50       0x22 CMakeFiles/hw3.dir/Users/jz/Desktop/Pico/pico-sdk/src/rp2_common/pico_stdio_usb/stdio_usb.c.obj
 *fill*         0x10004b72        0x2 
 .text.delayed_by_ms
                0x10004b74       0x44 CMakeFiles/hw3.dir/Users/jz/Desktop/Pico/pico-sdk/src/rp2_common/pico_stdio_usb/stdio_usb.c.obj
 .text.make_timeout_time_ms
                0x10004bb8       0x20 CMakeFiles/hw3.dir/Users/jz/Desktop/Pico/pico-sdk/src/rp2_common/pico_stdio_usb/stdio_usb.c.obj
 .text.delayed_by_us
                0x10004bd8       0x34 CMakeFiles/hw3.dir/Users/jz/Desktop/Pico/pico-sdk/src/rp2_common/pico_stdio_usb/stdio_usb.c.obj
 .text.usb_irq  0x10004c0c       0x10 CMakeFiles/hw3.dir/Users/jz/Desktop/Pico/pico-sdk/src/rp2_common/pico_stdio_usb/stdio_usb.c.obj
 .text.critical_section_enter_blocking
                0x10004c1c       0x16 CMakeFiles/hw3.dir/Users/jz/Desktop/Pico/pico-sdk/src/rp2_common/pico_stdio_usb/stdio_usb.c.obj
 *fill*         0x10004c32        0x2 
 .text.timer_task
                0x10004c34       0x4c CMakeFiles/hw3.dir/Users/jz/Desktop/Pico/pico-sdk/src/rp2_common/pico_stdio_usb/stdio_usb.c.obj
 .text.alarm_pool_add_alarm_in_us
                0x10004c80       0x3a CMakeFiles/hw3.dir/Users/jz/Desktop/Pico/pico-sdk/src/rp2_common/pico_stdio_usb/stdio_usb.c.obj
 .text.add_alarm_in_us
                0x10004cba       0x2e CMakeFiles/hw3.dir/Users/jz/Desktop/Pico/pico-sdk/src/rp2_common/pico_stdio_usb/stdio_usb.c.obj
 .text.low_priority_worker_irq
                0x10004ce8       0x7c CMakeFiles/hw3.dir/Users/jz/Desktop/Pico/pico-sdk/src/rp2_common/pico_stdio_usb/stdio_usb.c.obj
 .text.tud_cdc_rx_cb
                0x10004d64       0x20 CMakeFiles/hw3.dir/Users/jz/Desktop/Pico/pico-sdk/src/rp2_common/pico_stdio_usb/stdio_usb.c.obj
                0x10004d64                tud_cdc_rx_cb
 .text.stdio_usb_init
                0x10004d84       0xd0 CMakeFiles/hw3.dir/Users/jz/Desktop/Pico/pico-sdk/src/rp2_common/pico_stdio_usb/stdio_usb.c.obj
                0x10004d84                stdio_usb_init
 .text.stdio_usb_connected
                0x10004e54        0xa CMakeFiles/hw3.dir/Users/jz/Desktop/Pico/pico-sdk/src/rp2_common/pico_stdio_usb/stdio_usb.c.obj
                0x10004e54                stdio_usb_connected
 *fill*         0x10004e5e        0x2 
 .text.stdio_usb_in_chars
                0x10004e60       0x88 CMakeFiles/hw3.dir/Users/jz/Desktop/Pico/pico-sdk/src/rp2_common/pico_stdio_usb/stdio_usb.c.obj
                0x10004e60                stdio_usb_in_chars
 .text.stdio_usb_out_chars
                0x10004ee8       0xd8 CMakeFiles/hw3.dir/Users/jz/Desktop/Pico/pico-sdk/src/rp2_common/pico_stdio_usb/stdio_usb.c.obj
 .text.tud_descriptor_device_cb
                0x10004fc0        0x8 CMakeFiles/hw3.dir/Users/jz/Desktop/Pico/pico-sdk/src/rp2_common/pico_stdio_usb/stdio_usb_descriptors.c.obj
                0x10004fc0                tud_descriptor_device_cb
 .text.tud_descriptor_configuration_cb
                0x10004fc8        0x8 CMakeFiles/hw3.dir/Users/jz/Desktop/Pico/pico-sdk/src/rp2_common/pico_stdio_usb/stdio_usb_descriptors.c.obj
                0x10004fc8                tud_descriptor_configuration_cb
 .text.tud_descriptor_string_cb
                0x10004fd0       0x6c CMakeFiles/hw3.dir/Users/jz/Desktop/Pico/pico-sdk/src/rp2_common/pico_stdio_usb/stdio_usb_descriptors.c.obj
                0x10004fd0                tud_descriptor_string_cb
 .text._retrieve_unique_id_on_boot
                0x1000503c       0x10 CMakeFiles/hw3.dir/Users/jz/Desktop/Pico/pico-sdk/src/rp2_common/pico_unique_id/unique_id.c.obj
 .text.pico_get_unique_board_id_string
                0x1000504c       0x5c CMakeFiles/hw3.dir/Users/jz/Desktop/Pico/pico-sdk/src/rp2_common/pico_unique_id/unique_id.c.obj
                0x1000504c                pico_get_unique_board_id_string
 .text.flash_get_unique_id
                0x100050a8       0x40 CMakeFiles/hw3.dir/Users/jz/Desktop/Pico/pico-sdk/src/rp2_common/hardware_flash/flash.c.obj
                0x100050a8                flash_get_unique_id
 .text.hw_endpoint_get_by_addr
                0x100050e8       0x18 CMakeFiles/hw3.dir/Users/jz/Desktop/Pico/pico-sdk/lib/tinyusb/src/portable/raspberrypi/rp2040/dcd_rp2040.c.obj
 .text._hw_endpoint_alloc
                0x10005100       0x70 CMakeFiles/hw3.dir/Users/jz/Desktop/Pico/pico-sdk/lib/tinyusb/src/portable/raspberrypi/rp2040/dcd_rp2040.c.obj
 .text.hw_endpoint_init
                0x10005170       0x88 CMakeFiles/hw3.dir/Users/jz/Desktop/Pico/pico-sdk/lib/tinyusb/src/portable/raspberrypi/rp2040/dcd_rp2040.c.obj
 .text.dcd_event_sof
                0x100051f8       0x2c CMakeFiles/hw3.dir/Users/jz/Desktop/Pico/pico-sdk/lib/tinyusb/src/portable/raspberrypi/rp2040/dcd_rp2040.c.obj
 .text.hw_endpoint_xfer
                0x10005224       0x14 CMakeFiles/hw3.dir/Users/jz/Desktop/Pico/pico-sdk/lib/tinyusb/src/portable/raspberrypi/rp2040/dcd_rp2040.c.obj
 .text.dcd_int_enable
                0x10005238       0x2c CMakeFiles/hw3.dir/Users/jz/Desktop/Pico/pico-sdk/lib/tinyusb/src/portable/raspberrypi/rp2040/dcd_rp2040.c.obj
                0x10005238                dcd_int_enable
 .text.dcd_set_address
                0x10005264       0x2c CMakeFiles/hw3.dir/Users/jz/Desktop/Pico/pico-sdk/lib/tinyusb/src/portable/raspberrypi/rp2040/dcd_rp2040.c.obj
                0x10005264                dcd_set_address
 .text.dcd_connect
                0x10005290       0x10 CMakeFiles/hw3.dir/Users/jz/Desktop/Pico/pico-sdk/lib/tinyusb/src/portable/raspberrypi/rp2040/dcd_rp2040.c.obj
                0x10005290                dcd_connect
 .text.dcd_init
                0x100052a0       0x80 CMakeFiles/hw3.dir/Users/jz/Desktop/Pico/pico-sdk/lib/tinyusb/src/portable/raspberrypi/rp2040/dcd_rp2040.c.obj
                0x100052a0                dcd_init
 .text.dcd_edpt0_status_complete
                0x10005320       0x1c CMakeFiles/hw3.dir/Users/jz/Desktop/Pico/pico-sdk/lib/tinyusb/src/portable/raspberrypi/rp2040/dcd_rp2040.c.obj
                0x10005320                dcd_edpt0_status_complete
 .text.dcd_edpt_open
                0x1000533c       0x40 CMakeFiles/hw3.dir/Users/jz/Desktop/Pico/pico-sdk/lib/tinyusb/src/portable/raspberrypi/rp2040/dcd_rp2040.c.obj
                0x1000533c                dcd_edpt_open
 .text.dcd_edpt_close_all
                0x1000537c        0x8 CMakeFiles/hw3.dir/Users/jz/Desktop/Pico/pico-sdk/lib/tinyusb/src/portable/raspberrypi/rp2040/dcd_rp2040.c.obj
                0x1000537c                dcd_edpt_close_all
 .text.dcd_edpt_xfer
                0x10005384       0x34 CMakeFiles/hw3.dir/Users/jz/Desktop/Pico/pico-sdk/lib/tinyusb/src/portable/raspberrypi/rp2040/dcd_rp2040.c.obj
                0x10005384                dcd_edpt_xfer
 .text.dcd_edpt_stall
                0x100053b8       0x2c CMakeFiles/hw3.dir/Users/jz/Desktop/Pico/pico-sdk/lib/tinyusb/src/portable/raspberrypi/rp2040/dcd_rp2040.c.obj
                0x100053b8                dcd_edpt_stall
 .text.dcd_edpt_clear_stall
                0x100053e4       0x20 CMakeFiles/hw3.dir/Users/jz/Desktop/Pico/pico-sdk/lib/tinyusb/src/portable/raspberrypi/rp2040/dcd_rp2040.c.obj
                0x100053e4                dcd_edpt_clear_stall
 .text.rp2040_usb_init
                0x10005404       0x4c CMakeFiles/hw3.dir/Users/jz/Desktop/Pico/pico-sdk/lib/tinyusb/src/portable/raspberrypi/rp2040/rp2040_usb.c.obj
                0x10005404                rp2040_usb_init
 .text.hw_endpoint_xfer_start
                0x10005450       0x50 CMakeFiles/hw3.dir/Users/jz/Desktop/Pico/pico-sdk/lib/tinyusb/src/portable/raspberrypi/rp2040/rp2040_usb.c.obj
                0x10005450                hw_endpoint_xfer_start
 .text.configuration_reset
                0x100054a0       0x84 CMakeFiles/hw3.dir/Users/jz/Desktop/Pico/pico-sdk/lib/tinyusb/src/device/usbd.c.obj
 .text.critical_section_enter_blocking
                0x10005524       0x16 CMakeFiles/hw3.dir/Users/jz/Desktop/Pico/pico-sdk/lib/tinyusb/src/device/usbd.c.obj
 .text.usbd_reset
                0x1000553a        0xc CMakeFiles/hw3.dir/Users/jz/Desktop/Pico/pico-sdk/lib/tinyusb/src/device/usbd.c.obj
 .text.invoke_class_control
                0x10005546       0x1a CMakeFiles/hw3.dir/Users/jz/Desktop/Pico/pico-sdk/lib/tinyusb/src/device/usbd.c.obj
 .text.process_set_config
                0x10005560      0x178 CMakeFiles/hw3.dir/Users/jz/Desktop/Pico/pico-sdk/lib/tinyusb/src/device/usbd.c.obj
 .text.process_get_descriptor
                0x100056d8       0xdc CMakeFiles/hw3.dir/Users/jz/Desktop/Pico/pico-sdk/lib/tinyusb/src/device/usbd.c.obj
 .text.tud_mounted
                0x100057b4       0x10 CMakeFiles/hw3.dir/Users/jz/Desktop/Pico/pico-sdk/lib/tinyusb/src/device/usbd.c.obj
                0x100057b4                tud_mounted
 .text.tud_suspended
                0x100057c4       0x10 CMakeFiles/hw3.dir/Users/jz/Desktop/Pico/pico-sdk/lib/tinyusb/src/device/usbd.c.obj
                0x100057c4                tud_suspended
 .text.tud_inited
                0x100057d4       0x14 CMakeFiles/hw3.dir/Users/jz/Desktop/Pico/pico-sdk/lib/tinyusb/src/device/usbd.c.obj
                0x100057d4                tud_inited
 .text.tud_init
                0x100057e8       0xcc CMakeFiles/hw3.dir/Users/jz/Desktop/Pico/pico-sdk/lib/tinyusb/src/device/usbd.c.obj
                0x100057e8                tud_init
 .text.usbd_defer_func
                0x100058b4       0x2a CMakeFiles/hw3.dir/Users/jz/Desktop/Pico/pico-sdk/lib/tinyusb/src/device/usbd.c.obj
                0x100058b4                usbd_defer_func
 *fill*         0x100058de        0x2 
 .text.usbd_edpt_open
                0x100058e0       0x34 CMakeFiles/hw3.dir/Users/jz/Desktop/Pico/pico-sdk/lib/tinyusb/src/device/usbd.c.obj
                0x100058e0                usbd_edpt_open
 .text.usbd_open_edpt_pair
                0x10005914       0x62 CMakeFiles/hw3.dir/Users/jz/Desktop/Pico/pico-sdk/lib/tinyusb/src/device/usbd.c.obj
                0x10005914                usbd_open_edpt_pair
 *fill*         0x10005976        0x2 
 .text.usbd_edpt_claim
                0x10005978       0x28 CMakeFiles/hw3.dir/Users/jz/Desktop/Pico/pico-sdk/lib/tinyusb/src/device/usbd.c.obj
                0x10005978                usbd_edpt_claim
 .text.usbd_edpt_release
                0x100059a0       0x28 CMakeFiles/hw3.dir/Users/jz/Desktop/Pico/pico-sdk/lib/tinyusb/src/device/usbd.c.obj
                0x100059a0                usbd_edpt_release
 .text.usbd_edpt_xfer
                0x100059c8       0x78 CMakeFiles/hw3.dir/Users/jz/Desktop/Pico/pico-sdk/lib/tinyusb/src/device/usbd.c.obj
                0x100059c8                usbd_edpt_xfer
 .text.usbd_edpt_stall
                0x10005a40       0x48 CMakeFiles/hw3.dir/Users/jz/Desktop/Pico/pico-sdk/lib/tinyusb/src/device/usbd.c.obj
                0x10005a40                usbd_edpt_stall
 .text.usbd_edpt_clear_stall
                0x10005a88       0x48 CMakeFiles/hw3.dir/Users/jz/Desktop/Pico/pico-sdk/lib/tinyusb/src/device/usbd.c.obj
                0x10005a88                usbd_edpt_clear_stall
 .text.usbd_edpt_stalled
                0x10005ad0       0x1c CMakeFiles/hw3.dir/Users/jz/Desktop/Pico/pico-sdk/lib/tinyusb/src/device/usbd.c.obj
                0x10005ad0                usbd_edpt_stalled
 .text.process_control_request
                0x10005aec      0x374 CMakeFiles/hw3.dir/Users/jz/Desktop/Pico/pico-sdk/lib/tinyusb/src/device/usbd.c.obj
 .text.tud_task_ext
                0x10005e60      0x1a8 CMakeFiles/hw3.dir/Users/jz/Desktop/Pico/pico-sdk/lib/tinyusb/src/device/usbd.c.obj
                0x10005e60                tud_task_ext
 .text._status_stage_xact
                0x10006008       0x1a CMakeFiles/hw3.dir/Users/jz/Desktop/Pico/pico-sdk/lib/tinyusb/src/device/usbd_control.c.obj
 *fill*         0x10006022        0x2 
 .text._data_stage_xact
                0x10006024       0x58 CMakeFiles/hw3.dir/Users/jz/Desktop/Pico/pico-sdk/lib/tinyusb/src/device/usbd_control.c.obj
 .text.tud_control_status
                0x1000607c       0x28 CMakeFiles/hw3.dir/Users/jz/Desktop/Pico/pico-sdk/lib/tinyusb/src/device/usbd_control.c.obj
                0x1000607c                tud_control_status
 .text.tud_control_xfer
                0x100060a4       0x68 CMakeFiles/hw3.dir/Users/jz/Desktop/Pico/pico-sdk/lib/tinyusb/src/device/usbd_control.c.obj
                0x100060a4                tud_control_xfer
 .text.usbd_control_reset
                0x1000610c       0x14 CMakeFiles/hw3.dir/Users/jz/Desktop/Pico/pico-sdk/lib/tinyusb/src/device/usbd_control.c.obj
                0x1000610c                usbd_control_reset
 .text.usbd_control_set_complete_callback
                0x10006120        0xc CMakeFiles/hw3.dir/Users/jz/Desktop/Pico/pico-sdk/lib/tinyusb/src/device/usbd_control.c.obj
                0x10006120                usbd_control_set_complete_callback
 .text.usbd_control_set_request
                0x1000612c       0x1c CMakeFiles/hw3.dir/Users/jz/Desktop/Pico/pico-sdk/lib/tinyusb/src/device/usbd_control.c.obj
                0x1000612c                usbd_control_set_request
 .text.usbd_control_xfer_cb
                0x10006148       0xbc CMakeFiles/hw3.dir/Users/jz/Desktop/Pico/pico-sdk/lib/tinyusb/src/device/usbd_control.c.obj
                0x10006148                usbd_control_xfer_cb
 .text._prep_out_transaction
                0x10006204       0x4a CMakeFiles/hw3.dir/Users/jz/Desktop/Pico/pico-sdk/lib/tinyusb/src/class/cdc/cdc_device.c.obj
 *fill*         0x1000624e        0x2 
 .text.tud_cdc_n_connected
                0x10006250       0x38 CMakeFiles/hw3.dir/Users/jz/Desktop/Pico/pico-sdk/lib/tinyusb/src/class/cdc/cdc_device.c.obj
                0x10006250                tud_cdc_n_connected
 .text.tud_cdc_n_available
                0x10006288       0x18 CMakeFiles/hw3.dir/Users/jz/Desktop/Pico/pico-sdk/lib/tinyusb/src/class/cdc/cdc_device.c.obj
                0x10006288                tud_cdc_n_available
 .text.tud_cdc_n_read
                0x100062a0       0x28 CMakeFiles/hw3.dir/Users/jz/Desktop/Pico/pico-sdk/lib/tinyusb/src/class/cdc/cdc_device.c.obj
                0x100062a0                tud_cdc_n_read
 .text.tud_cdc_n_write_flush
                0x100062c8       0xb8 CMakeFiles/hw3.dir/Users/jz/Desktop/Pico/pico-sdk/lib/tinyusb/src/class/cdc/cdc_device.c.obj
                0x100062c8                tud_cdc_n_write_flush
 .text.tud_cdc_n_write
                0x10006380       0x38 CMakeFiles/hw3.dir/Users/jz/Desktop/Pico/pico-sdk/lib/tinyusb/src/class/cdc/cdc_device.c.obj
                0x10006380                tud_cdc_n_write
 .text.tud_cdc_n_write_available
                0x100063b8       0x1c CMakeFiles/hw3.dir/Users/jz/Desktop/Pico/pico-sdk/lib/tinyusb/src/class/cdc/cdc_device.c.obj
                0x100063b8                tud_cdc_n_write_available
 .text.cdcd_init
                0x100063d4       0xbc CMakeFiles/hw3.dir/Users/jz/Desktop/Pico/pico-sdk/lib/tinyusb/src/class/cdc/cdc_device.c.obj
                0x100063d4                cdcd_init
 .text.cdcd_reset
                0x10006490       0x44 CMakeFiles/hw3.dir/Users/jz/Desktop/Pico/pico-sdk/lib/tinyusb/src/class/cdc/cdc_device.c.obj
                0x10006490                cdcd_reset
 .text.cdcd_open
                0x100064d4       0xc4 CMakeFiles/hw3.dir/Users/jz/Desktop/Pico/pico-sdk/lib/tinyusb/src/class/cdc/cdc_device.c.obj
                0x100064d4                cdcd_open
 .text.cdcd_control_xfer_cb
                0x10006598      0x134 CMakeFiles/hw3.dir/Users/jz/Desktop/Pico/pico-sdk/lib/tinyusb/src/class/cdc/cdc_device.c.obj
                0x10006598                cdcd_control_xfer_cb
 .text.cdcd_xfer_cb
                0x100066cc      0x130 CMakeFiles/hw3.dir/Users/jz/Desktop/Pico/pico-sdk/lib/tinyusb/src/class/cdc/cdc_device.c.obj
                0x100066cc                cdcd_xfer_cb
 .text.tusb_init
                0x100067fc        0xa CMakeFiles/hw3.dir/Users/jz/Desktop/Pico/pico-sdk/lib/tinyusb/src/tusb.c.obj
                0x100067fc                tusb_init
 .text.tusb_inited
                0x10006806        0xe CMakeFiles/hw3.dir/Users/jz/Desktop/Pico/pico-sdk/lib/tinyusb/src/tusb.c.obj
                0x10006806                tusb_inited
 .text.tu_edpt_claim
                0x10006814       0x50 CMakeFiles/hw3.dir/Users/jz/Desktop/Pico/pico-sdk/lib/tinyusb/src/tusb.c.obj
                0x10006814                tu_edpt_claim
 .text.tu_edpt_release
                0x10006864       0x38 CMakeFiles/hw3.dir/Users/jz/Desktop/Pico/pico-sdk/lib/tinyusb/src/tusb.c.obj
                0x10006864                tu_edpt_release
 .text.tu_edpt_validate
                0x1000689c       0x78 CMakeFiles/hw3.dir/Users/jz/Desktop/Pico/pico-sdk/lib/tinyusb/src/tusb.c.obj
                0x1000689c                tu_edpt_validate
 .text.tu_edpt_bind_driver
                0x10006914       0x26 CMakeFiles/hw3.dir/Users/jz/Desktop/Pico/pico-sdk/lib/tinyusb/src/tusb.c.obj
                0x10006914                tu_edpt_bind_driver
 .text.advance_index
                0x1000693a       0x1a CMakeFiles/hw3.dir/Users/jz/Desktop/Pico/pico-sdk/lib/tinyusb/src/common/tusb_fifo.c.obj
 .text._tu_fifo_peek
                0x10006954       0x56 CMakeFiles/hw3.dir/Users/jz/Desktop/Pico/pico-sdk/lib/tinyusb/src/common/tusb_fifo.c.obj
 .text._ff_pull_const_addr
                0x100069aa       0x4c CMakeFiles/hw3.dir/Users/jz/Desktop/Pico/pico-sdk/lib/tinyusb/src/common/tusb_fifo.c.obj
 .text._ff_pull_n
                0x100069f6      0x110 CMakeFiles/hw3.dir/Users/jz/Desktop/Pico/pico-sdk/lib/tinyusb/src/common/tusb_fifo.c.obj
 .text._tu_fifo_peek_n
                0x10006b06       0x6a CMakeFiles/hw3.dir/Users/jz/Desktop/Pico/pico-sdk/lib/tinyusb/src/common/tusb_fifo.c.obj
 .text._tu_fifo_read_n
                0x10006b70       0x4e CMakeFiles/hw3.dir/Users/jz/Desktop/Pico/pico-sdk/lib/tinyusb/src/common/tusb_fifo.c.obj
 .text._ff_push_const_addr
                0x10006bbe       0x40 CMakeFiles/hw3.dir/Users/jz/Desktop/Pico/pico-sdk/lib/tinyusb/src/common/tusb_fifo.c.obj
 .text._ff_push_n
                0x10006bfe      0x10c CMakeFiles/hw3.dir/Users/jz/Desktop/Pico/pico-sdk/lib/tinyusb/src/common/tusb_fifo.c.obj
 .text._tu_fifo_write_n
                0x10006d0a       0xf0 CMakeFiles/hw3.dir/Users/jz/Desktop/Pico/pico-sdk/lib/tinyusb/src/common/tusb_fifo.c.obj
 .text.tu_fifo_config
                0x10006dfa       0x7c CMakeFiles/hw3.dir/Users/jz/Desktop/Pico/pico-sdk/lib/tinyusb/src/common/tusb_fifo.c.obj
                0x10006dfa                tu_fifo_config
 .text.tu_fifo_count
                0x10006e76       0x2a CMakeFiles/hw3.dir/Users/jz/Desktop/Pico/pico-sdk/lib/tinyusb/src/common/tusb_fifo.c.obj
                0x10006e76                tu_fifo_count
 .text.tu_fifo_empty
                0x10006ea0        0xe CMakeFiles/hw3.dir/Users/jz/Desktop/Pico/pico-sdk/lib/tinyusb/src/common/tusb_fifo.c.obj
                0x10006ea0                tu_fifo_empty
 .text.tu_fifo_full
                0x10006eae       0x28 CMakeFiles/hw3.dir/Users/jz/Desktop/Pico/pico-sdk/lib/tinyusb/src/common/tusb_fifo.c.obj
                0x10006eae                tu_fifo_full
 .text.tu_fifo_remaining
                0x10006ed6       0x2c CMakeFiles/hw3.dir/Users/jz/Desktop/Pico/pico-sdk/lib/tinyusb/src/common/tusb_fifo.c.obj
                0x10006ed6                tu_fifo_remaining
 .text.tu_fifo_read
                0x10006f02       0x42 CMakeFiles/hw3.dir/Users/jz/Desktop/Pico/pico-sdk/lib/tinyusb/src/common/tusb_fifo.c.obj
                0x10006f02                tu_fifo_read
 .text.tu_fifo_read_n
                0x10006f44        0xa CMakeFiles/hw3.dir/Users/jz/Desktop/Pico/pico-sdk/lib/tinyusb/src/common/tusb_fifo.c.obj
                0x10006f44                tu_fifo_read_n
 .text.tu_fifo_write
                0x10006f4e       0x64 CMakeFiles/hw3.dir/Users/jz/Desktop/Pico/pico-sdk/lib/tinyusb/src/common/tusb_fifo.c.obj
                0x10006f4e                tu_fifo_write
 .text.tu_fifo_write_n
                0x10006fb2        0xa CMakeFiles/hw3.dir/Users/jz/Desktop/Pico/pico-sdk/lib/tinyusb/src/common/tusb_fifo.c.obj
                0x10006fb2                tu_fifo_write_n
 .text.tu_fifo_clear
                0x10006fbc       0x3e CMakeFiles/hw3.dir/Users/jz/Desktop/Pico/pico-sdk/lib/tinyusb/src/common/tusb_fifo.c.obj
                0x10006fbc                tu_fifo_clear
 .text.tu_fifo_set_overwritable
                0x10006ffa       0x46 CMakeFiles/hw3.dir/Users/jz/Desktop/Pico/pico-sdk/lib/tinyusb/src/common/tusb_fifo.c.obj
                0x10006ffa                tu_fifo_set_overwritable
 .text.adc_init
                0x10007040       0x34 CMakeFiles/hw3.dir/Users/jz/Desktop/Pico/pico-sdk/src/rp2_common/hardware_adc/adc.c.obj
                0x10007040                adc_init
 .text._calloc_r
                0x10007074       0xa8 /Applications/ArmGNUToolchain/13.2.Rel1/arm-none-eabi/bin/../lib/gcc/arm-none-eabi/13.2.1/../../../../arm-none-eabi/lib/thumb/v6-m/nofp/libg.a(libc_a-callocr.o)
                0x10007074                _calloc_r
 .text.malloc   0x1000711c       0x14 /Applications/ArmGNUToolchain/13.2.Rel1/arm-none-eabi/bin/../lib/gcc/arm-none-eabi/13.2.1/../../../../arm-none-eabi/lib/thumb/v6-m/nofp/libg.a(libc_a-malloc.o)
                0x1000711c                malloc
 .text.free     0x10007130       0x14 /Applications/ArmGNUToolchain/13.2.Rel1/arm-none-eabi/bin/../lib/gcc/arm-none-eabi/13.2.1/../../../../arm-none-eabi/lib/thumb/v6-m/nofp/libg.a(libc_a-malloc.o)
                0x10007130                free
 .text._malloc_r
                0x10007144      0x5c4 /Applications/ArmGNUToolchain/13.2.Rel1/arm-none-eabi/bin/../lib/gcc/arm-none-eabi/13.2.1/../../../../arm-none-eabi/lib/thumb/v6-m/nofp/libg.a(libc_a-mallocr.o)
                0x10007144                _malloc_r
 .text.__malloc_lock
                0x10007708       0x10 /Applications/ArmGNUToolchain/13.2.Rel1/arm-none-eabi/bin/../lib/gcc/arm-none-eabi/13.2.1/../../../../arm-none-eabi/lib/thumb/v6-m/nofp/libg.a(libc_a-mlock.o)
                0x10007708                __malloc_lock
 .text.__malloc_unlock
                0x10007718       0x10 /Applications/ArmGNUToolchain/13.2.Rel1/arm-none-eabi/bin/../lib/gcc/arm-none-eabi/13.2.1/../../../../arm-none-eabi/lib/thumb/v6-m/nofp/libg.a(libc_a-mlock.o)
                0x10007718                __malloc_unlock
 .text.realloc  0x10007728       0x18 /Applications/ArmGNUToolchain/13.2.Rel1/arm-none-eabi/bin/../lib/gcc/arm-none-eabi/13.2.1/../../../../arm-none-eabi/lib/thumb/v6-m/nofp/libg.a(libc_a-realloc.o)
                0x10007728                realloc
 .text.scanf    0x10007740       0x24 /Applications/ArmGNUToolchain/13.2.Rel1/arm-none-eabi/bin/../lib/gcc/arm-none-eabi/13.2.1/../../../../arm-none-eabi/lib/thumb/v6-m/nofp/libg.a(libc_a-scanf.o)
                0x10007740                scanf
 .text._realloc_r
                0x10007764      0x350 /Applications/ArmGNUToolchain/13.2.Rel1/arm-none-eabi/bin/../lib/gcc/arm-none-eabi/13.2.1/../../../../arm-none-eabi/lib/thumb/v6-m/nofp/libg.a(libc_a-reallocr.o)
                0x10007764                _realloc_r
 .text.memmove  0x10007ab4       0xb0 /Applications/ArmGNUToolchain/13.2.Rel1/arm-none-eabi/bin/../lib/gcc/arm-none-eabi/13.2.1/../../../../arm-none-eabi/lib/thumb/v6-m/nofp/libg.a(libc_a-memmove.o)
                0x10007ab4                memmove
 .text._sbrk_r  0x10007b64       0x24 /Applications/ArmGNUToolchain/13.2.Rel1/arm-none-eabi/bin/../lib/gcc/arm-none-eabi/13.2.1/../../../../arm-none-eabi/lib/thumb/v6-m/nofp/libg.a(libc_a-sbrkr.o)
                0x10007b64                _sbrk_r
 .text.__errno  0x10007b88        0xc /Applications/ArmGNUToolchain/13.2.Rel1/arm-none-eabi/bin/../lib/gcc/arm-none-eabi/13.2.1/../../../../arm-none-eabi/lib/thumb/v6-m/nofp/libg.a(libc_a-errno.o)
                0x10007b88                __errno
 .text.sysconf  0x10007b94       0x1c /Applications/ArmGNUToolchain/13.2.Rel1/arm-none-eabi/bin/../lib/gcc/arm-none-eabi/13.2.1/../../../../arm-none-eabi/lib/thumb/v6-m/nofp/libg.a(libc_a-sysconf.o)
                0x10007b94                sysconf
 .text.__retarget_lock_init_recursive
                0x10007bb0        0x4 /Applications/ArmGNUToolchain/13.2.Rel1/arm-none-eabi/bin/../lib/gcc/arm-none-eabi/13.2.1/../../../../arm-none-eabi/lib/thumb/v6-m/nofp/libg.a(libc_a-lock.o)
                0x10007bb0                __retarget_lock_init_recursive
 .text.__retarget_lock_close_recursive
                0x10007bb4        0x4 /Applications/ArmGNUToolchain/13.2.Rel1/arm-none-eabi/bin/../lib/gcc/arm-none-eabi/13.2.1/../../../../arm-none-eabi/lib/thumb/v6-m/nofp/libg.a(libc_a-lock.o)
                0x10007bb4                __retarget_lock_close_recursive
 .text.__retarget_lock_acquire_recursive
                0x10007bb8        0x4 /Applications/ArmGNUToolchain/13.2.Rel1/arm-none-eabi/bin/../lib/gcc/arm-none-eabi/13.2.1/../../../../arm-none-eabi/lib/thumb/v6-m/nofp/libg.a(libc_a-lock.o)
                0x10007bb8                __retarget_lock_acquire_recursive
 .text.__retarget_lock_release_recursive
                0x10007bbc        0x4 /Applications/ArmGNUToolchain/13.2.Rel1/arm-none-eabi/bin/../lib/gcc/arm-none-eabi/13.2.1/../../../../arm-none-eabi/lib/thumb/v6-m/nofp/libg.a(libc_a-lock.o)
                0x10007bbc                __retarget_lock_release_recursive
 .text.strlen   0x10007bc0       0x5c /Applications/ArmGNUToolchain/13.2.Rel1/arm-none-eabi/bin/../lib/gcc/arm-none-eabi/13.2.1/../../../../arm-none-eabi/lib/thumb/v6-m/nofp/libg.a(libc_a-strlen-stub.o)
                0x10007bc0                strlen
 .text._malloc_trim_r
                0x10007c1c       0xb4 /Applications/ArmGNUToolchain/13.2.Rel1/arm-none-eabi/bin/../lib/gcc/arm-none-eabi/13.2.1/../../../../arm-none-eabi/lib/thumb/v6-m/nofp/libg.a(libc_a-freer.o)
                0x10007c1c                _malloc_trim_r
 .text._free_r  0x10007cd0      0x1d4 /Applications/ArmGNUToolchain/13.2.Rel1/arm-none-eabi/bin/../lib/gcc/arm-none-eabi/13.2.1/../../../../arm-none-eabi/lib/thumb/v6-m/nofp/libg.a(libc_a-freer.o)
                0x10007cd0                _free_r
 .text.__svfscanf_r
                0x10007ea4     0x1884 /Applications/ArmGNUToolchain/13.2.Rel1/arm-none-eabi/bin/../lib/gcc/arm-none-eabi/13.2.1/../../../../arm-none-eabi/lib/thumb/v6-m/nofp/libg.a(libc_a-vfscanf.o)
                0x10007ea4                __svfscanf_r
 .text._vfscanf_r
                0x10009728       0x28 /Applications/ArmGNUToolchain/13.2.Rel1/arm-none-eabi/bin/../lib/gcc/arm-none-eabi/13.2.1/../../../../arm-none-eabi/lib/thumb/v6-m/nofp/libg.a(libc_a-vfscanf.o)
                0x10009728                _vfscanf_r
 .text.__sccl   0x10009750       0x80 /Applications/ArmGNUToolchain/13.2.Rel1/arm-none-eabi/bin/../lib/gcc/arm-none-eabi/13.2.1/../../../../arm-none-eabi/lib/thumb/v6-m/nofp/libg.a(libc_a-sccl.o)
                0x10009750                __sccl
 .text.sulp     0x100097d0       0x30 /Applications/ArmGNUToolchain/13.2.Rel1/arm-none-eabi/bin/../lib/gcc/arm-none-eabi/13.2.1/../../../../arm-none-eabi/lib/thumb/v6-m/nofp/libg.a(libc_a-strtod.o)
 .text._strtod_l
                0x10009800      0xeb8 /Applications/ArmGNUToolchain/13.2.Rel1/arm-none-eabi/bin/../lib/gcc/arm-none-eabi/13.2.1/../../../../arm-none-eabi/lib/thumb/v6-m/nofp/libg.a(libc_a-strtod.o)
                0x10009800                _strtod_l
 .text._strtod_r
                0x1000a6b8       0x10 /Applications/ArmGNUToolchain/13.2.Rel1/arm-none-eabi/bin/../lib/gcc/arm-none-eabi/13.2.1/../../../../arm-none-eabi/lib/thumb/v6-m/nofp/libg.a(libc_a-strtod.o)
                0x1000a6b8                _strtod_r
 .text._strtol_l.isra.0
                0x1000a6c8      0x158 /Applications/ArmGNUToolchain/13.2.Rel1/arm-none-eabi/bin/../lib/gcc/arm-none-eabi/13.2.1/../../../../arm-none-eabi/lib/thumb/v6-m/nofp/libg.a(libc_a-strtol.o)
 .text._strtol_r
                0x1000a820        0x8 /Applications/ArmGNUToolchain/13.2.Rel1/arm-none-eabi/bin/../lib/gcc/arm-none-eabi/13.2.1/../../../../arm-none-eabi/lib/thumb/v6-m/nofp/libg.a(libc_a-strtol.o)
                0x1000a820                _strtol_r
 .text._strtoul_l.isra.0
                0x1000a828      0x144 /Applications/ArmGNUToolchain/13.2.Rel1/arm-none-eabi/bin/../lib/gcc/arm-none-eabi/13.2.1/../../../../arm-none-eabi/lib/thumb/v6-m/nofp/libg.a(libc_a-strtoul.o)
 .text._strtoul_r
                0x1000a96c        0x8 /Applications/ArmGNUToolchain/13.2.Rel1/arm-none-eabi/bin/../lib/gcc/arm-none-eabi/13.2.1/../../../../arm-none-eabi/lib/thumb/v6-m/nofp/libg.a(libc_a-strtoul.o)
                0x1000a96c                _strtoul_r
 .text.stdio_exit_handler
                0x1000a974       0x1c /Applications/ArmGNUToolchain/13.2.Rel1/arm-none-eabi/bin/../lib/gcc/arm-none-eabi/13.2.1/../../../../arm-none-eabi/lib/thumb/v6-m/nofp/libg.a(libc_a-findfp.o)
 .text.cleanup_stdio
                0x1000a990       0x3c /Applications/ArmGNUToolchain/13.2.Rel1/arm-none-eabi/bin/../lib/gcc/arm-none-eabi/13.2.1/../../../../arm-none-eabi/lib/thumb/v6-m/nofp/libg.a(libc_a-findfp.o)
 .text.global_stdio_init.part.0
                0x1000a9cc      0x118 /Applications/ArmGNUToolchain/13.2.Rel1/arm-none-eabi/bin/../lib/gcc/arm-none-eabi/13.2.1/../../../../arm-none-eabi/lib/thumb/v6-m/nofp/libg.a(libc_a-findfp.o)
 .text.__sinit  0x1000aae4       0x38 /Applications/ArmGNUToolchain/13.2.Rel1/arm-none-eabi/bin/../lib/gcc/arm-none-eabi/13.2.1/../../../../arm-none-eabi/lib/thumb/v6-m/nofp/libg.a(libc_a-findfp.o)
                0x1000aae4                __sinit
 .text.__sfp_lock_acquire
                0x1000ab1c       0x10 /Applications/ArmGNUToolchain/13.2.Rel1/arm-none-eabi/bin/../lib/gcc/arm-none-eabi/13.2.1/../../../../arm-none-eabi/lib/thumb/v6-m/nofp/libg.a(libc_a-findfp.o)
                0x1000ab1c                __sfp_lock_acquire
 .text.__sfp_lock_release
                0x1000ab2c       0x10 /Applications/ArmGNUToolchain/13.2.Rel1/arm-none-eabi/bin/../lib/gcc/arm-none-eabi/13.2.1/../../../../arm-none-eabi/lib/thumb/v6-m/nofp/libg.a(libc_a-findfp.o)
                0x1000ab2c                __sfp_lock_release
 .text.__submore
                0x1000ab3c       0x84 /Applications/ArmGNUToolchain/13.2.Rel1/arm-none-eabi/bin/../lib/gcc/arm-none-eabi/13.2.1/../../../../arm-none-eabi/lib/thumb/v6-m/nofp/libg.a(libc_a-ungetc.o)
                0x1000ab3c                __submore
 .text._ungetc_r
                0x1000abc0      0x144 /Applications/ArmGNUToolchain/13.2.Rel1/arm-none-eabi/bin/../lib/gcc/arm-none-eabi/13.2.1/../../../../arm-none-eabi/lib/thumb/v6-m/nofp/libg.a(libc_a-ungetc.o)
                0x1000abc0                _ungetc_r
 .text._fread_r
                0x1000ad04      0x1e8 /Applications/ArmGNUToolchain/13.2.Rel1/arm-none-eabi/bin/../lib/gcc/arm-none-eabi/13.2.1/../../../../arm-none-eabi/lib/thumb/v6-m/nofp/libg.a(libc_a-fread.o)
                0x1000ad04                _fread_r
 .text._fwalk_sglue
                0x1000aeec       0x44 /Applications/ArmGNUToolchain/13.2.Rel1/arm-none-eabi/bin/../lib/gcc/arm-none-eabi/13.2.1/../../../../arm-none-eabi/lib/thumb/v6-m/nofp/libg.a(libc_a-fwalk.o)
                0x1000aeec                _fwalk_sglue
 .text.strncmp  0x1000af30       0x74 /Applications/ArmGNUToolchain/13.2.Rel1/arm-none-eabi/bin/../lib/gcc/arm-none-eabi/13.2.1/../../../../arm-none-eabi/lib/thumb/v6-m/nofp/libg.a(libc_a-strncmp.o)
                0x1000af30                strncmp
 .text.stpncpy  0x1000afa4       0x78 /Applications/ArmGNUToolchain/13.2.Rel1/arm-none-eabi/bin/../lib/gcc/arm-none-eabi/13.2.1/../../../../arm-none-eabi/lib/thumb/v6-m/nofp/libg.a(libc_a-stpncpy.o)
                0x1000afa4                stpncpy
 .text.__locale_mb_cur_max
                0x1000b01c       0x10 /Applications/ArmGNUToolchain/13.2.Rel1/arm-none-eabi/bin/../lib/gcc/arm-none-eabi/13.2.1/../../../../arm-none-eabi/lib/thumb/v6-m/nofp/libg.a(libc_a-locale.o)
                0x1000b01c                __locale_mb_cur_max
 .text._localeconv_r
                0x1000b02c        0x8 /Applications/ArmGNUToolchain/13.2.Rel1/arm-none-eabi/bin/../lib/gcc/arm-none-eabi/13.2.1/../../../../arm-none-eabi/lib/thumb/v6-m/nofp/libg.a(libc_a-localeconv.o)
                0x1000b02c                _localeconv_r
 .text          0x1000b034       0x88 /Applications/ArmGNUToolchain/13.2.Rel1/arm-none-eabi/bin/../lib/gcc/arm-none-eabi/13.2.1/../../../../arm-none-eabi/lib/thumb/v6-m/nofp/libg.a(libc_a-strcmp.o)
                0x1000b034                strcmp
 .text._strtoll_l.isra.0
                0x1000b0bc      0x1a0 /Applications/ArmGNUToolchain/13.2.Rel1/arm-none-eabi/bin/../lib/gcc/arm-none-eabi/13.2.1/../../../../arm-none-eabi/lib/thumb/v6-m/nofp/libg.a(libc_a-strtoll.o)
 .text._strtoll_r
                0x1000b25c        0x8 /Applications/ArmGNUToolchain/13.2.Rel1/arm-none-eabi/bin/../lib/gcc/arm-none-eabi/13.2.1/../../../../arm-none-eabi/lib/thumb/v6-m/nofp/libg.a(libc_a-strtoll.o)
                0x1000b25c                _strtoll_r
 .text._strtoull_l.isra.0
                0x1000b264      0x1c4 /Applications/ArmGNUToolchain/13.2.Rel1/arm-none-eabi/bin/../lib/gcc/arm-none-eabi/13.2.1/../../../../arm-none-eabi/lib/thumb/v6-m/nofp/libg.a(libc_a-strtoull.o)
 .text._strtoull_r
                0x1000b428        0x8 /Applications/ArmGNUToolchain/13.2.Rel1/arm-none-eabi/bin/../lib/gcc/arm-none-eabi/13.2.1/../../../../arm-none-eabi/lib/thumb/v6-m/nofp/libg.a(libc_a-strtoull.o)
                0x1000b428                _strtoull_r
 .text._mbrtowc_r
                0x1000b430       0x54 /Applications/ArmGNUToolchain/13.2.Rel1/arm-none-eabi/bin/../lib/gcc/arm-none-eabi/13.2.1/../../../../arm-none-eabi/lib/thumb/v6-m/nofp/libg.a(libc_a-mbrtowc.o)
                0x1000b430                _mbrtowc_r
 .text.iswspace
                0x1000b484        0xc /Applications/ArmGNUToolchain/13.2.Rel1/arm-none-eabi/bin/../lib/gcc/arm-none-eabi/13.2.1/../../../../arm-none-eabi/lib/thumb/v6-m/nofp/libg.a(libc_a-iswspace.o)
                0x1000b484                iswspace
 .text.iswspace_l
                0x1000b490       0x24 /Applications/ArmGNUToolchain/13.2.Rel1/arm-none-eabi/bin/../lib/gcc/arm-none-eabi/13.2.1/../../../../arm-none-eabi/lib/thumb/v6-m/nofp/libg.a(libc_a-iswspace_l.o)
                0x1000b490                iswspace_l
 .text.nan      0x1000b4b4        0xc /Applications/ArmGNUToolchain/13.2.Rel1/arm-none-eabi/bin/../lib/gcc/arm-none-eabi/13.2.1/../../../../arm-none-eabi/lib/thumb/v6-m/nofp/libg.a(libm_a-s_nan.o)
                0x1000b4b4                nan
 .text.nanf     0x1000b4c0        0x8 /Applications/ArmGNUToolchain/13.2.Rel1/arm-none-eabi/bin/../lib/gcc/arm-none-eabi/13.2.1/../../../../arm-none-eabi/lib/thumb/v6-m/nofp/libg.a(libm_a-sf_nan.o)
                0x1000b4c0                nanf
 .text.__jp2uc  0x1000b4c8      0x154 /Applications/ArmGNUToolchain/13.2.Rel1/arm-none-eabi/bin/../lib/gcc/arm-none-eabi/13.2.1/../../../../arm-none-eabi/lib/thumb/v6-m/nofp/libg.a(libc_a-jp2uc.o)
 .text._jp2uc_l
                0x1000b61c       0x68 /Applications/ArmGNUToolchain/13.2.Rel1/arm-none-eabi/bin/../lib/gcc/arm-none-eabi/13.2.1/../../../../arm-none-eabi/lib/thumb/v6-m/nofp/libg.a(libc_a-jp2uc.o)
                0x1000b61c                _jp2uc_l
 .text.category
                0x1000b684       0x54 /Applications/ArmGNUToolchain/13.2.Rel1/arm-none-eabi/bin/../lib/gcc/arm-none-eabi/13.2.1/../../../../arm-none-eabi/lib/thumb/v6-m/nofp/libg.a(libc_a-categories.o)
                0x1000b684                category
 .text.rshift   0x1000b6d8       0xb0 /Applications/ArmGNUToolchain/13.2.Rel1/arm-none-eabi/bin/../lib/gcc/arm-none-eabi/13.2.1/../../../../arm-none-eabi/lib/thumb/v6-m/nofp/libg.a(libc_a-gdtoa-gethex.o)
 .text.__gethex
                0x1000b788      0x5a8 /Applications/ArmGNUToolchain/13.2.Rel1/arm-none-eabi/bin/../lib/gcc/arm-none-eabi/13.2.1/../../../../arm-none-eabi/lib/thumb/v6-m/nofp/libg.a(libc_a-gdtoa-gethex.o)
                0x1000b788                __gethex
 .text.__match  0x1000bd30       0x2c /Applications/ArmGNUToolchain/13.2.Rel1/arm-none-eabi/bin/../lib/gcc/arm-none-eabi/13.2.1/../../../../arm-none-eabi/lib/thumb/v6-m/nofp/libg.a(libc_a-gdtoa-hexnan.o)
                0x1000bd30                __match
 .text.__hexnan
                0x1000bd5c      0x204 /Applications/ArmGNUToolchain/13.2.Rel1/arm-none-eabi/bin/../lib/gcc/arm-none-eabi/13.2.1/../../../../arm-none-eabi/lib/thumb/v6-m/nofp/libg.a(libc_a-gdtoa-hexnan.o)
                0x1000bd5c                __hexnan
 .text.__ascii_mbtowc
                0x1000bf60       0x2c /Applications/ArmGNUToolchain/13.2.Rel1/arm-none-eabi/bin/../lib/gcc/arm-none-eabi/13.2.1/../../../../arm-none-eabi/lib/thumb/v6-m/nofp/libg.a(libc_a-mbtowc_r.o)
                0x1000bf60                __ascii_mbtowc
 .text._Balloc  0x1000bf8c       0x50 /Applications/ArmGNUToolchain/13.2.Rel1/arm-none-eabi/bin/../lib/gcc/arm-none-eabi/13.2.1/../../../../arm-none-eabi/lib/thumb/v6-m/nofp/libg.a(libc_a-mprec.o)
                0x1000bf8c                _Balloc
 .text._Bfree   0x1000bfdc       0x14 /Applications/ArmGNUToolchain/13.2.Rel1/arm-none-eabi/bin/../lib/gcc/arm-none-eabi/13.2.1/../../../../arm-none-eabi/lib/thumb/v6-m/nofp/libg.a(libc_a-mprec.o)
                0x1000bfdc                _Bfree
 .text.__multadd
                0x1000bff0       0xa8 /Applications/ArmGNUToolchain/13.2.Rel1/arm-none-eabi/bin/../lib/gcc/arm-none-eabi/13.2.1/../../../../arm-none-eabi/lib/thumb/v6-m/nofp/libg.a(libc_a-mprec.o)
                0x1000bff0                __multadd
 .text.__s2b    0x1000c098       0xb0 /Applications/ArmGNUToolchain/13.2.Rel1/arm-none-eabi/bin/../lib/gcc/arm-none-eabi/13.2.1/../../../../arm-none-eabi/lib/thumb/v6-m/nofp/libg.a(libc_a-mprec.o)
                0x1000c098                __s2b
 .text.__hi0bits
                0x1000c148       0x4c /Applications/ArmGNUToolchain/13.2.Rel1/arm-none-eabi/bin/../lib/gcc/arm-none-eabi/13.2.1/../../../../arm-none-eabi/lib/thumb/v6-m/nofp/libg.a(libc_a-mprec.o)
                0x1000c148                __hi0bits
 .text.__lo0bits
                0x1000c194       0x5c /Applications/ArmGNUToolchain/13.2.Rel1/arm-none-eabi/bin/../lib/gcc/arm-none-eabi/13.2.1/../../../../arm-none-eabi/lib/thumb/v6-m/nofp/libg.a(libc_a-mprec.o)
                0x1000c194                __lo0bits
 .text.__i2b    0x1000c1f0       0x60 /Applications/ArmGNUToolchain/13.2.Rel1/arm-none-eabi/bin/../lib/gcc/arm-none-eabi/13.2.1/../../../../arm-none-eabi/lib/thumb/v6-m/nofp/libg.a(libc_a-mprec.o)
                0x1000c1f0                __i2b
 .text.__multiply
                0x1000c250      0x1ac /Applications/ArmGNUToolchain/13.2.Rel1/arm-none-eabi/bin/../lib/gcc/arm-none-eabi/13.2.1/../../../../arm-none-eabi/lib/thumb/v6-m/nofp/libg.a(libc_a-mprec.o)
                0x1000c250                __multiply
 .text.__pow5mult
                0x1000c3fc       0xd0 /Applications/ArmGNUToolchain/13.2.Rel1/arm-none-eabi/bin/../lib/gcc/arm-none-eabi/13.2.1/../../../../arm-none-eabi/lib/thumb/v6-m/nofp/libg.a(libc_a-mprec.o)
                0x1000c3fc                __pow5mult
 .text.__lshift
                0x1000c4cc       0xfc /Applications/ArmGNUToolchain/13.2.Rel1/arm-none-eabi/bin/../lib/gcc/arm-none-eabi/13.2.1/../../../../arm-none-eabi/lib/thumb/v6-m/nofp/libg.a(libc_a-mprec.o)
                0x1000c4cc                __lshift
 .text.__mcmp   0x1000c5c8       0x3c /Applications/ArmGNUToolchain/13.2.Rel1/arm-none-eabi/bin/../lib/gcc/arm-none-eabi/13.2.1/../../../../arm-none-eabi/lib/thumb/v6-m/nofp/libg.a(libc_a-mprec.o)
                0x1000c5c8                __mcmp
 .text.__mdiff  0x1000c604      0x1b4 /Applications/ArmGNUToolchain/13.2.Rel1/arm-none-eabi/bin/../lib/gcc/arm-none-eabi/13.2.1/../../../../arm-none-eabi/lib/thumb/v6-m/nofp/libg.a(libc_a-mprec.o)
                0x1000c604                __mdiff
 .text.__ulp    0x1000c7b8       0x40 /Applications/ArmGNUToolchain/13.2.Rel1/arm-none-eabi/bin/../lib/gcc/arm-none-eabi/13.2.1/../../../../arm-none-eabi/lib/thumb/v6-m/nofp/libg.a(libc_a-mprec.o)
                0x1000c7b8                __ulp
 .text.__b2d    0x1000c7f8       0xb8 /Applications/ArmGNUToolchain/13.2.Rel1/arm-none-eabi/bin/../lib/gcc/arm-none-eabi/13.2.1/../../../../arm-none-eabi/lib/thumb/v6-m/nofp/libg.a(libc_a-mprec.o)
                0x1000c7f8                __b2d
 .text.__d2b    0x1000c8b0       0xcc /Applications/ArmGNUToolchain/13.2.Rel1/arm-none-eabi/bin/../lib/gcc/arm-none-eabi/13.2.1/../../../../arm-none-eabi/lib/thumb/v6-m/nofp/libg.a(libc_a-mprec.o)
                0x1000c8b0                __d2b
 .text.__ratio  0x1000c97c       0x68 /Applications/ArmGNUToolchain/13.2.Rel1/arm-none-eabi/bin/../lib/gcc/arm-none-eabi/13.2.1/../../../../arm-none-eabi/lib/thumb/v6-m/nofp/libg.a(libc_a-mprec.o)
                0x1000c97c                __ratio
 .text.__copybits
                0x1000c9e4       0x40 /Applications/ArmGNUToolchain/13.2.Rel1/arm-none-eabi/bin/../lib/gcc/arm-none-eabi/13.2.1/../../../../arm-none-eabi/lib/thumb/v6-m/nofp/libg.a(libc_a-mprec.o)
                0x1000c9e4                __copybits
 .text.__any_on
                0x1000ca24       0x4c /Applications/ArmGNUToolchain/13.2.Rel1/arm-none-eabi/bin/../lib/gcc/arm-none-eabi/13.2.1/../../../../arm-none-eabi/lib/thumb/v6-m/nofp/libg.a(libc_a-mprec.o)
                0x1000ca24                __any_on
 .text.lflush   0x1000ca70       0x20 /Applications/ArmGNUToolchain/13.2.Rel1/arm-none-eabi/bin/../lib/gcc/arm-none-eabi/13.2.1/../../../../arm-none-eabi/lib/thumb/v6-m/nofp/libg.a(libc_a-refill.o)
 .text.__srefill_r
                0x1000ca90      0x118 /Applications/ArmGNUToolchain/13.2.Rel1/arm-none-eabi/bin/../lib/gcc/arm-none-eabi/13.2.1/../../../../arm-none-eabi/lib/thumb/v6-m/nofp/libg.a(libc_a-refill.o)
                0x1000ca90                __srefill_r
 .text._fclose_r
                0x1000cba8       0xd0 /Applications/ArmGNUToolchain/13.2.Rel1/arm-none-eabi/bin/../lib/gcc/arm-none-eabi/13.2.1/../../../../arm-none-eabi/lib/thumb/v6-m/nofp/libg.a(libc_a-fclose.o)
                0x1000cba8                _fclose_r
 .text.__sflush_r
                0x1000cc78      0x148 /Applications/ArmGNUToolchain/13.2.Rel1/arm-none-eabi/bin/../lib/gcc/arm-none-eabi/13.2.1/../../../../arm-none-eabi/lib/thumb/v6-m/nofp/libg.a(libc_a-fflush.o)
                0x1000cc78                __sflush_r
 .text._fflush_r
                0x1000cdc0       0x68 /Applications/ArmGNUToolchain/13.2.Rel1/arm-none-eabi/bin/../lib/gcc/arm-none-eabi/13.2.1/../../../../arm-none-eabi/lib/thumb/v6-m/nofp/libg.a(libc_a-fflush.o)
                0x1000cdc0                _fflush_r
 .text.__sread  0x1000ce28       0x28 /Applications/ArmGNUToolchain/13.2.Rel1/arm-none-eabi/bin/../lib/gcc/arm-none-eabi/13.2.1/../../../../arm-none-eabi/lib/thumb/v6-m/nofp/libg.a(libc_a-stdio.o)
                0x1000ce28                __sread
 .text.__swrite
                0x1000ce50       0x40 /Applications/ArmGNUToolchain/13.2.Rel1/arm-none-eabi/bin/../lib/gcc/arm-none-eabi/13.2.1/../../../../arm-none-eabi/lib/thumb/v6-m/nofp/libg.a(libc_a-stdio.o)
                0x1000ce50                __swrite
 .text.__sseek  0x1000ce90       0x30 /Applications/ArmGNUToolchain/13.2.Rel1/arm-none-eabi/bin/../lib/gcc/arm-none-eabi/13.2.1/../../../../arm-none-eabi/lib/thumb/v6-m/nofp/libg.a(libc_a-stdio.o)
                0x1000ce90                __sseek
 .text.__sclose
                0x1000cec0        0xc /Applications/ArmGNUToolchain/13.2.Rel1/arm-none-eabi/bin/../lib/gcc/arm-none-eabi/13.2.1/../../../../arm-none-eabi/lib/thumb/v6-m/nofp/libg.a(libc_a-stdio.o)
                0x1000cec0                __sclose
 .text.__ascii_wctomb
                0x1000cecc       0x1c /Applications/ArmGNUToolchain/13.2.Rel1/arm-none-eabi/bin/../lib/gcc/arm-none-eabi/13.2.1/../../../../arm-none-eabi/lib/thumb/v6-m/nofp/libg.a(libc_a-wctomb_r.o)
                0x1000cecc                __ascii_wctomb
 .text._close_r
                0x1000cee8       0x24 /Applications/ArmGNUToolchain/13.2.Rel1/arm-none-eabi/bin/../lib/gcc/arm-none-eabi/13.2.1/../../../../arm-none-eabi/lib/thumb/v6-m/nofp/libg.a(libc_a-closer.o)
                0x1000cee8                _close_r
 .text._lseek_r
                0x1000cf0c       0x28 /Applications/ArmGNUToolchain/13.2.Rel1/arm-none-eabi/bin/../lib/gcc/arm-none-eabi/13.2.1/../../../../arm-none-eabi/lib/thumb/v6-m/nofp/libg.a(libc_a-lseekr.o)
                0x1000cf0c                _lseek_r
 .text._read_r  0x1000cf34       0x28 /Applications/ArmGNUToolchain/13.2.Rel1/arm-none-eabi/bin/../lib/gcc/arm-none-eabi/13.2.1/../../../../arm-none-eabi/lib/thumb/v6-m/nofp/libg.a(libc_a-readr.o)
                0x1000cf34                _read_r
 .text._write_r
                0x1000cf5c       0x28 /Applications/ArmGNUToolchain/13.2.Rel1/arm-none-eabi/bin/../lib/gcc/arm-none-eabi/13.2.1/../../../../arm-none-eabi/lib/thumb/v6-m/nofp/libg.a(libc_a-writer.o)
                0x1000cf5c                _write_r
 .text.__smakebuf_r
                0x1000cf84       0xe0 /Applications/ArmGNUToolchain/13.2.Rel1/arm-none-eabi/bin/../lib/gcc/arm-none-eabi/13.2.1/../../../../arm-none-eabi/lib/thumb/v6-m/nofp/libg.a(libc_a-makebuf.o)
                0x1000cf84                __smakebuf_r
 .text._fstat_r
                0x1000d064       0x28 /Applications/ArmGNUToolchain/13.2.Rel1/arm-none-eabi/bin/../lib/gcc/arm-none-eabi/13.2.1/../../../../arm-none-eabi/lib/thumb/v6-m/nofp/libg.a(libc_a-fstatr.o)
                0x1000d064                _fstat_r
 .text._isatty_r
                0x1000d08c       0x24 /Applications/ArmGNUToolchain/13.2.Rel1/arm-none-eabi/bin/../lib/gcc/arm-none-eabi/13.2.1/../../../../arm-none-eabi/lib/thumb/v6-m/nofp/libg.a(libc_a-isattyr.o)
                0x1000d08c                _isatty_r
 *(.fini)
 .fini          0x1000d0b0        0x4 /Applications/ArmGNUToolchain/13.2.Rel1/arm-none-eabi/bin/../lib/gcc/arm-none-eabi/13.2.1/thumb/v6-m/nofp/crti.o
                0x1000d0b0                _fini
 *fill*         0x1000d0b4        0x4 
 .fini.__stub   0x1000d0b8       0xe0 linker stubs
 *crtbegin.o(.ctors)
 *crtbegin?.o(.ctors)
 *(EXCLUDE_FILE(*crtend.o *crtend?.o) .ctors)
 *(SORT_BY_NAME(.ctors.*))
 *(.ctors)
 *crtbegin.o(.dtors)
 *crtbegin?.o(.dtors)
 *(EXCLUDE_FILE(*crtend.o *crtend?.o) .dtors)
 *(SORT_BY_NAME(.dtors.*))
 *(.dtors)
 *(.eh_frame*)
 .eh_frame      0x1000d198        0x0 /Applications/ArmGNUToolchain/13.2.Rel1/arm-none-eabi/bin/../lib/gcc/arm-none-eabi/13.2.1/thumb/v6-m/nofp/crtbegin.o
                0x1000d198                        . = ALIGN (0x4)

.glue_7         0x1000d198        0x0
 .glue_7        0x1000d198        0x0 linker stubs

.glue_7t        0x1000d198        0x0
 .glue_7t       0x1000d198        0x0 linker stubs

.vfp11_veneer   0x1000d198        0x0
 .vfp11_veneer  0x1000d198        0x0 linker stubs

.v4_bx          0x1000d198        0x0
 .v4_bx         0x1000d198        0x0 linker stubs

.iplt           0x1000d198        0x0
 .iplt          0x1000d198        0x0 /Applications/ArmGNUToolchain/13.2.Rel1/arm-none-eabi/bin/../lib/gcc/arm-none-eabi/13.2.1/thumb/v6-m/nofp/crtbegin.o

.rodata         0x1000d198     0x8a18
 *(EXCLUDE_FILE(*libm.a: *libc.a:*lib_a-mem*.o *libgcc.a:) .rodata*)
 .rodata.main.str1.4
                0x1000d198     0x106e CMakeFiles/hw3.dir/hw3.c.obj
                                 0x62 (size before relaxing)
 .rodata.spin_lock_claim_unused.str1.4
                0x1000e206       0x1b CMakeFiles/hw3.dir/Users/jz/Desktop/Pico/pico-sdk/src/rp2_common/hardware_sync/sync.c.obj
 .rodata.resolve_branch.str1.4
                0x1000e206       0x5a CMakeFiles/hw3.dir/Users/jz/Desktop/Pico/pico-sdk/src/rp2_common/hardware_irq/irq.c.obj
 .rodata.make_branch.str1.4
                0x1000e206       0x30 CMakeFiles/hw3.dir/Users/jz/Desktop/Pico/pico-sdk/src/rp2_common/hardware_irq/irq.c.obj
 .rodata.insert_branch_and_link.str1.4
                0x1000e206       0x10 CMakeFiles/hw3.dir/Users/jz/Desktop/Pico/pico-sdk/src/rp2_common/hardware_irq/irq.c.obj
 .rodata.irq_set_exclusive_handler.str1.4
                0x1000e206       0x36 CMakeFiles/hw3.dir/Users/jz/Desktop/Pico/pico-sdk/src/rp2_common/hardware_irq/irq.c.obj
 .rodata.irq_add_shared_handler.str1.4
                0x1000e206       0xc2 CMakeFiles/hw3.dir/Users/jz/Desktop/Pico/pico-sdk/src/rp2_common/hardware_irq/irq.c.obj
 .rodata.irq_remove_handler.str1.4
                0x1000e206       0x3a CMakeFiles/hw3.dir/Users/jz/Desktop/Pico/pico-sdk/src/rp2_common/hardware_irq/irq.c.obj
 .rodata.irq_add_tail_to_free_list.str1.4
                0x1000e206       0x3a CMakeFiles/hw3.dir/Users/jz/Desktop/Pico/pico-sdk/src/rp2_common/hardware_irq/irq.c.obj
 .rodata.user_irq_claim_unused.str1.4
                0x1000e206       0x1b CMakeFiles/hw3.dir/Users/jz/Desktop/Pico/pico-sdk/src/rp2_common/hardware_irq/irq.c.obj
 *fill*         0x1000e206        0x2 
 .rodata.__func__.0
                0x1000e208       0x1a CMakeFiles/hw3.dir/Users/jz/Desktop/Pico/pico-sdk/src/rp2_common/hardware_irq/irq.c.obj
 *fill*         0x1000e222        0x2 
 .rodata.__func__.1