Archive member included to satisfy reference by file (symbol)

/Applications/ArmGNUToolchain/13.2.Rel1/arm-none-eabi/bin/../lib/gcc/arm-none-eabi/13.2.1/thumb/v6-m/nofp/libgcc.a(_dvmd_tls.o)
                              CMakeFiles/dev_hid_composite.dir/Users/jz/Desktop/Pico/pico-sdk/src/rp2_common/pico_divider/divider.S.obj (__aeabi_idiv0)
/Applications/ArmGNUToolchain/13.2.Rel1/arm-none-eabi/bin/../lib/gcc/arm-none-eabi/13.2.1/../../../../arm-none-eabi/lib/thumb/v6-m/nofp/libg.a(libc_a-calloc.o)
                              CMakeFiles/dev_hid_composite.dir/Users/jz/Desktop/Pico/pico-sdk/src/rp2_common/pico_malloc/pico_malloc.c.obj (calloc)
/Applications/ArmGNUToolchain/13.2.Rel1/arm-none-eabi/bin/../lib/gcc/arm-none-eabi/13.2.1/../../../../arm-none-eabi/lib/thumb/v6-m/nofp/libg.a(libc_a-callocr.o)
                              /Applications/ArmGNUToolchain/13.2.Rel1/arm-none-eabi/bin/../lib/gcc/arm-none-eabi/13.2.1/../../../../arm-none-eabi/lib/thumb/v6-m/nofp/libg.a(libc_a-calloc.o) (_calloc_r)
/Applications/ArmGNUToolchain/13.2.Rel1/arm-none-eabi/bin/../lib/gcc/arm-none-eabi/13.2.1/../../../../arm-none-eabi/lib/thumb/v6-m/nofp/libg.a(libc_a-malloc.o)
                              CMakeFiles/dev_hid_composite.dir/Users/jz/Desktop/Pico/pico-sdk/src/rp2_common/pico_malloc/pico_malloc.c.obj (malloc)
/Applications/ArmGNUToolchain/13.2.Rel1/arm-none-eabi/bin/../lib/gcc/arm-none-eabi/13.2.1/../../../../arm-none-eabi/lib/thumb/v6-m/nofp/libg.a(libc_a-mallocr.o)
                              /Applications/ArmGNUToolchain/13.2.Rel1/arm-none-eabi/bin/../lib/gcc/arm-none-eabi/13.2.1/../../../../arm-none-eabi/lib/thumb/v6-m/nofp/libg.a(libc_a-callocr.o) (_malloc_r)
/Applications/ArmGNUToolchain/13.2.Rel1/arm-none-eabi/bin/../lib/gcc/arm-none-eabi/13.2.1/../../../../arm-none-eabi/lib/thumb/v6-m/nofp/libg.a(libc_a-mlock.o)
                              /Applications/ArmGNUToolchain/13.2.Rel1/arm-none-eabi/bin/../lib/gcc/arm-none-eabi/13.2.1/../../../../arm-none-eabi/lib/thumb/v6-m/nofp/libg.a(libc_a-mallocr.o) (__malloc_lock)
/Applications/ArmGNUToolchain/13.2.Rel1/arm-none-eabi/bin/../lib/gcc/arm-none-eabi/13.2.1/../../../../arm-none-eabi/lib/thumb/v6-m/nofp/libg.a(libc_a-realloc.o)
                              CMakeFiles/dev_hid_composite.dir/Users/jz/Desktop/Pico/pico-sdk/src/rp2_common/pico_malloc/pico_malloc.c.obj (realloc)
/Applications/ArmGNUToolchain/13.2.Rel1/arm-none-eabi/bin/../lib/gcc/arm-none-eabi/13.2.1/../../../../arm-none-eabi/lib/thumb/v6-m/nofp/libg.a(libc_a-reallocr.o)
                              /Applications/ArmGNUToolchain/13.2.Rel1/arm-none-eabi/bin/../lib/gcc/arm-none-eabi/13.2.1/../../../../arm-none-eabi/lib/thumb/v6-m/nofp/libg.a(libc_a-realloc.o) (_realloc_r)
/Applications/ArmGNUToolchain/13.2.Rel1/arm-none-eabi/bin/../lib/gcc/arm-none-eabi/13.2.1/../../../../arm-none-eabi/lib/thumb/v6-m/nofp/libg.a(libc_a-memmove.o)
                              /Applications/ArmGNUToolchain/13.2.Rel1/arm-none-eabi/bin/../lib/gcc/arm-none-eabi/13.2.1/../../../../arm-none-eabi/lib/thumb/v6-m/nofp/libg.a(libc_a-reallocr.o) (memmove)
/Applications/ArmGNUToolchain/13.2.Rel1/arm-none-eabi/bin/../lib/gcc/arm-none-eabi/13.2.1/../../../../arm-none-eabi/lib/thumb/v6-m/nofp/libg.a(libc_a-impure.o)
                              /Applications/ArmGNUToolchain/13.2.Rel1/arm-none-eabi/bin/../lib/gcc/arm-none-eabi/13.2.1/../../../../arm-none-eabi/lib/thumb/v6-m/nofp/libg.a(libc_a-calloc.o) (_impure_ptr)
/Applications/ArmGNUToolchain/13.2.Rel1/arm-none-eabi/bin/../lib/gcc/arm-none-eabi/13.2.1/../../../../arm-none-eabi/lib/thumb/v6-m/nofp/libg.a(libc_a-sbrkr.o)
                              /Applications/ArmGNUToolchain/13.2.Rel1/arm-none-eabi/bin/../lib/gcc/arm-none-eabi/13.2.1/../../../../arm-none-eabi/lib/thumb/v6-m/nofp/libg.a(libc_a-mallocr.o) (_sbrk_r)
/Applications/ArmGNUToolchain/13.2.Rel1/arm-none-eabi/bin/../lib/gcc/arm-none-eabi/13.2.1/../../../../arm-none-eabi/lib/thumb/v6-m/nofp/libg.a(libc_a-errno.o)
                              /Applications/ArmGNUToolchain/13.2.Rel1/arm-none-eabi/bin/../lib/gcc/arm-none-eabi/13.2.1/../../../../arm-none-eabi/lib/thumb/v6-m/nofp/libg.a(libc_a-callocr.o) (__errno)
/Applications/ArmGNUToolchain/13.2.Rel1/arm-none-eabi/bin/../lib/gcc/arm-none-eabi/13.2.1/../../../../arm-none-eabi/lib/thumb/v6-m/nofp/libg.a(libc_a-sysconf.o)
                              /Applications/ArmGNUToolchain/13.2.Rel1/arm-none-eabi/bin/../lib/gcc/arm-none-eabi/13.2.1/../../../../arm-none-eabi/lib/thumb/v6-m/nofp/libg.a(libc_a-mallocr.o) (sysconf)
/Applications/ArmGNUToolchain/13.2.Rel1/arm-none-eabi/bin/../lib/gcc/arm-none-eabi/13.2.1/../../../../arm-none-eabi/lib/thumb/v6-m/nofp/libg.a(libc_a-init.o)
                              /Applications/ArmGNUToolchain/13.2.Rel1/arm-none-eabi/bin/../lib/gcc/arm-none-eabi/13.2.1/../../../../arm-none-eabi/lib/thumb/v6-m/nofp/crt0.o (__libc_init_array)
[...]
Memory Configuration

Name             Origin             Length             Attributes
FLASH            0x10000000         0x00200000         xr
RAM              0x20000000         0x00040000         xrw
SCRATCH_X        0x20040000         0x00001000         xrw
SCRATCH_Y        0x20041000         0x00001000         xrw
*default*        0x00000000         0xffffffff

Linker script and memory map

LOAD /Applications/ArmGNUToolchain/13.2.Rel1/arm-none-eabi/bin/../lib/gcc/arm-none-eabi/13.2.1/thumb/v6-m/nofp/crti.o
LOAD /Applications/ArmGNUToolchain/13.2.Rel1/arm-none-eabi/bin/../lib/gcc/arm-none-eabi/13.2.1/thumb/v6-m/nofp/crtbegin.o
LOAD /Applications/ArmGNUToolchain/13.2.Rel1/arm-none-eabi/bin/../lib/gcc/arm-none-eabi/13.2.1/../../../../arm-none-eabi/lib/thumb/v6-m/nofp/crt0.o

.flash_begin    0x10000000        0x0
                0x10000000                        __flash_binary_start = .

.boot2          0x10000000      0x100
                0x10000000                        __boot2_start__ = .
 *(.boot2)
 .boot2         0x10000000      0x100 /var/folders/5l/x6sm374s72vcxsmrpd28x1p00000gn/T//cc9oJfuq.o
                0x10000100                        __boot2_end__ = .
                0x00000001                        ASSERT (((__boot2_end__ - __boot2_start__) == 0x100), ERROR: Pico second stage bootloader must be 256 bytes in size)

.text           0x10000100     0x6930
                0x10000100                        __logical_binary_start = .
 *(.vectors)
 .vectors       0x10000100       0xd4 CMakeFiles/dev_hid_composite.dir/Users/jz/Desktop/Pico/pico-sdk/src/rp2_common/pico_standard_link/crt0.S.obj
                0x10000100                __VECTOR_TABLE
                0x10000100                __vectors
                0x100001c0                __default_isrs_start
                0x100001c0                isr_invalid
                0x100001c2                isr_nmi
                0x100001c4                isr_hardfault
                0x100001c6                isr_svcall
                0x100001c8                isr_pendsv
                0x100001ca                isr_systick
                0x100001cc                isr_irq28
                0x100001cc                isr_irq19
                0x100001cc                isr_irq0
                0x100001cc                isr_irq6
                0x100001cc                isr_irq22
                0x100001cc                isr_irq17
                0x100001cc                isr_irq14
                0x100001cc                isr_irq2
                0x100001cc                isr_irq10
                0x100001cc                isr_irq8
                0x100001cc                isr_irq24
                0x100001cc                isr_irq1
                0x100001cc                isr_irq7
                0x100001cc                isr_irq21
                0x100001cc                isr_irq20
                0x100001cc                isr_irq15
                0x100001cc                isr_irq25
                0x100001cc                isr_irq4
                0x100001cc                isr_irq16
                0x100001cc                isr_irq29
                0x100001cc                isr_irq26
                0x100001cc                __default_isrs_end
                0x100001cc                isr_irq3
                0x100001cc                isr_irq9
                0x100001cc                __unhandled_user_irq
                0x100001cc                isr_irq13
                0x100001cc                isr_irq27
                0x100001cc                isr_irq31
                0x100001cc                isr_irq5
                0x100001cc                isr_irq11
                0x100001cc                isr_irq23
                0x100001cc                isr_irq18
                0x100001cc                isr_irq30
                0x100001cc                isr_irq12
                0x100001d2                unhandled_user_irq_num_in_r0
 *(.binary_info_header)
 .binary_info_header
                0x100001d4       0x14 CMakeFiles/dev_hid_composite.dir/Users/jz/Desktop/Pico/pico-sdk/src/rp2_common/pico_standard_link/crt0.S.obj
                0x100001e8                        __binary_info_header_end = .
 *(.reset)
 .reset         0x100001e8       0xa0 CMakeFiles/dev_hid_composite.dir/Users/jz/Desktop/Pico/pico-sdk/src/rp2_common/pico_standard_link/crt0.S.obj
                0x100001e8                _entry_point
 .reset         0x10000288       0x30 CMakeFiles/dev_hid_composite.dir/Users/jz/Desktop/Pico/pico-sdk/src/rp2_common/pico_standard_link/binary_info.c.obj
 *(.init)
 .init          0x100002b8        0x4 /Applications/ArmGNUToolchain/13.2.Rel1/arm-none-eabi/bin/../lib/gcc/arm-none-eabi/13.2.1/thumb/v6-m/nofp/crti.o
                0x100002b8                _init
 *(EXCLUDE_FILE(*libm.a: *libc.a:*lib_a-mem*.o *libgcc.a:) .text*)
 .text.register_tm_clones
                0x100002bc       0x28 /Applications/ArmGNUToolchain/13.2.Rel1/arm-none-eabi/bin/../lib/gcc/arm-none-eabi/13.2.1/thumb/v6-m/nofp/crtbegin.o
 .text.frame_dummy
                0x100002e4       0x24 /Applications/ArmGNUToolchain/13.2.Rel1/arm-none-eabi/bin/../lib/gcc/arm-none-eabi/13.2.1/thumb/v6-m/nofp/crtbegin.o
 .text.to_ms_since_boot
                0x10000308       0x1c CMakeFiles/dev_hid_composite.dir/main.c.obj
 .text.update_us_since_boot
                0x10000324       0x24 CMakeFiles/dev_hid_composite.dir/main.c.obj
 .text.get_absolute_time
                0x10000348       0x22 CMakeFiles/dev_hid_composite.dir/main.c.obj
 .text.board_millis
                0x1000036a       0x16 CMakeFiles/dev_hid_composite.dir/main.c.obj
 .text.send_hid_report
                0x10000380      0x134 CMakeFiles/dev_hid_composite.dir/main.c.obj
 .text.init_mpu6050
                0x100004b4       0x50 CMakeFiles/dev_hid_composite.dir/main.c.obj
                0x100004b4                init_mpu6050
 .text.read_who_am_i
                0x10000504       0x3c CMakeFiles/dev_hid_composite.dir/main.c.obj
                0x10000504                read_who_am_i
 .text.read_sensor_data
                0x10000540       0x34 CMakeFiles/dev_hid_composite.dir/main.c.obj
                0x10000540                read_sensor_data
 .text.process_sensor_data
                0x10000574       0x1c CMakeFiles/dev_hid_composite.dir/main.c.obj
                0x10000574                process_sensor_data
 .text.convert_sensor_data
                0x10000590       0x84 CMakeFiles/dev_hid_composite.dir/main.c.obj
                0x10000590                convert_sensor_data
 .text.tud_mount_cb
                0x10000614       0x10 CMakeFiles/dev_hid_composite.dir/main.c.obj
                0x10000614                tud_mount_cb
 .text.tud_umount_cb
                0x10000624        0xc CMakeFiles/dev_hid_composite.dir/main.c.obj
                0x10000624                tud_umount_cb
 .text.tud_suspend_cb
                0x10000630       0x10 CMakeFiles/dev_hid_composite.dir/main.c.obj
                0x10000630                tud_suspend_cb
 .text.tud_resume_cb
                0x10000640       0x10 CMakeFiles/dev_hid_composite.dir/main.c.obj
                0x10000640                tud_resume_cb
 .text.hid_task
                0x10000650       0x40 CMakeFiles/dev_hid_composite.dir/main.c.obj
                0x10000650                hid_task
 .text.tud_hid_report_complete_cb
                0x10000690       0x1c CMakeFiles/dev_hid_composite.dir/main.c.obj
                0x10000690                tud_hid_report_complete_cb
 .text.tud_hid_get_report_cb
                0x100006ac        0x4 CMakeFiles/dev_hid_composite.dir/main.c.obj
                0x100006ac                tud_hid_get_report_cb
 .text.tud_hid_set_report_cb
                0x100006b0       0x3c CMakeFiles/dev_hid_composite.dir/main.c.obj
                0x100006b0                tud_hid_set_report_cb
 .text.led_blinking_task
                0x100006ec       0x44 CMakeFiles/dev_hid_composite.dir/main.c.obj
                0x100006ec                led_blinking_task
 .text.main     0x10000730      0x2b4 CMakeFiles/dev_hid_composite.dir/main.c.obj
                0x10000730                main
 .text.tud_descriptor_device_cb
                0x100009e4        0x8 CMakeFiles/dev_hid_composite.dir/usb_descriptors.c.obj
                0x100009e4                tud_descriptor_device_cb
 .text.tud_hid_descriptor_report_cb
                0x100009ec        0x8 CMakeFiles/dev_hid_composite.dir/usb_descriptors.c.obj
                0x100009ec                tud_hid_descriptor_report_cb
 .text.tud_descriptor_configuration_cb
                0x100009f4        0x8 CMakeFiles/dev_hid_composite.dir/usb_descriptors.c.obj
                0x100009f4                tud_descriptor_configuration_cb
 .text.tud_descriptor_string_cb
                0x100009fc       0x78 CMakeFiles/dev_hid_composite.dir/usb_descriptors.c.obj
                0x100009fc                tud_descriptor_string_cb
 .text.gpio_set_function
                0x10000a74       0x30 CMakeFiles/dev_hid_composite.dir/Users/jz/Desktop/Pico/pico-sdk/src/rp2_common/hardware_gpio/gpio.c.obj
                0x10000a74                gpio_set_function
 .text.gpio_init
                0x10000aa4       0x16 CMakeFiles/dev_hid_composite.dir/Users/jz/Desktop/Pico/pico-sdk/src/rp2_common/hardware_gpio/gpio.c.obj
                0x10000aa4                gpio_init
 *fill*         0x10000aba        0x2 
 .text.running_on_fpga
                0x10000abc       0x14 CMakeFiles/dev_hid_composite.dir/Users/jz/Desktop/Pico/pico-sdk/src/rp2_common/pico_platform/platform.c.obj
                0x10000abc                running_on_fpga
 .text.hw_claim_lock
                0x10000ad0       0x18 CMakeFiles/dev_hid_composite.dir/Users/jz/Desktop/Pico/pico-sdk/src/rp2_common/hardware_claim/claim.c.obj
                0x10000ad0                hw_claim_lock
 .text.hw_claim_unlock
                0x10000ae8       0x14 CMakeFiles/dev_hid_composite.dir/Users/jz/Desktop/Pico/pico-sdk/src/rp2_common/hardware_claim/claim.c.obj
                0x10000ae8                hw_claim_unlock
 .text.hw_claim_or_assert
                0x10000afc       0x32 CMakeFiles/dev_hid_composite.dir/Users/jz/Desktop/Pico/pico-sdk/src/rp2_common/hardware_claim/claim.c.obj
                0x10000afc                hw_claim_or_assert
 .text.hw_claim_unused_from_range
                0x10000b2e       0x50 CMakeFiles/dev_hid_composite.dir/Users/jz/Desktop/Pico/pico-sdk/src/rp2_common/hardware_claim/claim.c.obj
                0x10000b2e                hw_claim_unused_from_range
 *fill*         0x10000b7e        0x2 
 .text.spin_locks_reset
                0x10000b80       0x20 CMakeFiles/dev_hid_composite.dir/Users/jz/Desktop/Pico/pico-sdk/src/rp2_common/hardware_sync/sync.c.obj
                0x10000b80                spin_locks_reset
 .text.next_striped_spin_lock_num
                0x10000ba0       0x1c CMakeFiles/dev_hid_composite.dir/Users/jz/Desktop/Pico/pico-sdk/src/rp2_common/hardware_sync/sync.c.obj
                0x10000ba0                next_striped_spin_lock_num
 .text.spin_lock_claim_unused
                0x10000bbc       0x24 CMakeFiles/dev_hid_composite.dir/Users/jz/Desktop/Pico/pico-sdk/src/rp2_common/hardware_sync/sync.c.obj
                0x10000bbc                spin_lock_claim_unused
 .text.set_raw_irq_handler_and_unlock
                0x10000be0       0x28 CMakeFiles/dev_hid_composite.dir/Users/jz/Desktop/Pico/pico-sdk/src/rp2_common/hardware_irq/irq.c.obj
 .text.resolve_branch
                0x10000c08       0x30 CMakeFiles/dev_hid_composite.dir/Users/jz/Desktop/Pico/pico-sdk/src/rp2_common/hardware_irq/irq.c.obj
 .text.make_branch
                0x10000c38       0x48 CMakeFiles/dev_hid_composite.dir/Users/jz/Desktop/Pico/pico-sdk/src/rp2_common/hardware_irq/irq.c.obj
 .text.insert_branch_and_link
                0x10000c80       0x40 CMakeFiles/dev_hid_composite.dir/Users/jz/Desktop/Pico/pico-sdk/src/rp2_common/hardware_irq/irq.c.obj
 .text.irq_is_enabled
                0x10000cc0       0x18 CMakeFiles/dev_hid_composite.dir/Users/jz/Desktop/Pico/pico-sdk/src/rp2_common/hardware_irq/irq.c.obj
                0x10000cc0                irq_is_enabled
 .text.irq_set_mask_enabled
                0x10000cd8       0x20 CMakeFiles/dev_hid_composite.dir/Users/jz/Desktop/Pico/pico-sdk/src/rp2_common/hardware_irq/irq.c.obj
                0x10000cd8                irq_set_mask_enabled
 .text.irq_set_enabled
                0x10000cf8        0xe CMakeFiles/dev_hid_composite.dir/Users/jz/Desktop/Pico/pico-sdk/src/rp2_common/hardware_irq/irq.c.obj
                0x10000cf8                irq_set_enabled
 *fill*         0x10000d06        0x2 
 .text.irq_get_vtable_handler
                0x10000d08       0x10 CMakeFiles/dev_hid_composite.dir/Users/jz/Desktop/Pico/pico-sdk/src/rp2_common/hardware_irq/irq.c.obj
                0x10000d08                irq_get_vtable_handler
 .text.irq_set_exclusive_handler
                0x10000d18       0x54 CMakeFiles/dev_hid_composite.dir/Users/jz/Desktop/Pico/pico-sdk/src/rp2_common/hardware_irq/irq.c.obj
                0x10000d18                irq_set_exclusive_handler
 .text.irq_add_shared_handler
                0x10000d6c      0x210 CMakeFiles/dev_hid_composite.dir/Users/jz/Desktop/Pico/pico-sdk/src/rp2_common/hardware_irq/irq.c.obj
                0x10000d6c                irq_add_shared_handler
 .text.irq_remove_handler
                0x10000f7c      0x188 CMakeFiles/dev_hid_composite.dir/Users/jz/Desktop/Pico/pico-sdk/src/rp2_common/hardware_irq/irq.c.obj
                0x10000f7c                irq_remove_handler
 .text.irq_add_tail_to_free_list
                0x10001104       0xf0 CMakeFiles/dev_hid_composite.dir/Users/jz/Desktop/Pico/pico-sdk/src/rp2_common/hardware_irq/irq.c.obj
                0x10001104                irq_add_tail_to_free_list
 .text.irq_init_priorities
                0x100011f4       0x1c CMakeFiles/dev_hid_composite.dir/Users/jz/Desktop/Pico/pico-sdk/src/rp2_common/hardware_irq/irq.c.obj
                0x100011f4                irq_init_priorities
 .text.lock_init
                0x10001210       0x10 CMakeFiles/dev_hid_composite.dir/Users/jz/Desktop/Pico/pico-sdk/src/common/pico_sync/lock_core.c.obj
                0x10001210                lock_init
 .text.update_us_since_boot
                0x10001220       0x24 CMakeFiles/dev_hid_composite.dir/Users/jz/Desktop/Pico/pico-sdk/src/common/pico_sync/mutex.c.obj
 .text.delayed_by_ms
                0x10001244       0x44 CMakeFiles/dev_hid_composite.dir/Users/jz/Desktop/Pico/pico-sdk/src/common/pico_sync/mutex.c.obj
 .text.get_absolute_time
                0x10001288       0x22 CMakeFiles/dev_hid_composite.dir/Users/jz/Desktop/Pico/pico-sdk/src/common/pico_sync/mutex.c.obj
 .text.make_timeout_time_ms
                0x100012aa       0x20 CMakeFiles/dev_hid_composite.dir/Users/jz/Desktop/Pico/pico-sdk/src/common/pico_sync/mutex.c.obj
 .text.mutex_init
                0x100012ca       0x1a CMakeFiles/dev_hid_composite.dir/Users/jz/Desktop/Pico/pico-sdk/src/common/pico_sync/mutex.c.obj
                0x100012ca                mutex_init
 .text.recursive_mutex_init
                0x100012e4       0x1e CMakeFiles/dev_hid_composite.dir/Users/jz/Desktop/Pico/pico-sdk/src/common/pico_sync/mutex.c.obj
                0x100012e4                recursive_mutex_init
 *fill*         0x10001302        0x2 
 .text.critical_section_init_with_lock_num
                0x10001304       0x14 CMakeFiles/dev_hid_composite.dir/Users/jz/Desktop/Pico/pico-sdk/src/common/pico_sync/critical_section.c.obj
                0x10001304                critical_section_init_with_lock_num
 .text.critical_section_init
                0x10001318       0x14 CMakeFiles/dev_hid_composite.dir/Users/jz/Desktop/Pico/pico-sdk/src/common/pico_sync/critical_section.c.obj
                0x10001318                critical_section_init
 .text.time_reached
                0x1000132c       0x28 CMakeFiles/dev_hid_composite.dir/Users/jz/Desktop/Pico/pico-sdk/src/common/pico_time/time.c.obj
 .text.get_entry
                0x10001354       0x38 CMakeFiles/dev_hid_composite.dir/Users/jz/Desktop/Pico/pico-sdk/src/common/pico_time/time.c.obj
 .text.timer_pool_entry_comparator
                0x1000138c       0x2e CMakeFiles/dev_hid_composite.dir/Users/jz/Desktop/Pico/pico-sdk/src/common/pico_time/time.c.obj
                0x1000138c                timer_pool_entry_comparator
 *fill*         0x100013ba        0x2 
 .text.update_us_since_boot
                0x100013bc       0x24 CMakeFiles/dev_hid_composite.dir/Users/jz/Desktop/Pico/pico-sdk/src/common/pico_time/time.c.obj
 .text.delayed_by_us
                0x100013e0       0x34 CMakeFiles/dev_hid_composite.dir/Users/jz/Desktop/Pico/pico-sdk/src/common/pico_time/time.c.obj
 .text.ph_get_node
                0x10001414       0x30 CMakeFiles/dev_hid_composite.dir/Users/jz/Desktop/Pico/pico-sdk/src/common/pico_time/time.c.obj
 .text.ph_contains_node
                0x10001444       0x1e CMakeFiles/dev_hid_composite.dir/Users/jz/Desktop/Pico/pico-sdk/src/common/pico_time/time.c.obj
 .text.ph_new_node
                0x10001462       0x28 CMakeFiles/dev_hid_composite.dir/Users/jz/Desktop/Pico/pico-sdk/src/common/pico_time/time.c.obj
 *fill*         0x1000148a        0x2 
 .text.ph_add_child_node
                0x1000148c       0x6c CMakeFiles/dev_hid_composite.dir/Users/jz/Desktop/Pico/pico-sdk/src/common/pico_time/time.c.obj
 .text.ph_merge_nodes
                0x100014f8       0x3e CMakeFiles/dev_hid_composite.dir/Users/jz/Desktop/Pico/pico-sdk/src/common/pico_time/time.c.obj
 *fill*         0x10001536        0x2 
 .text.ph_insert_node
                0x10001538       0x3c CMakeFiles/dev_hid_composite.dir/Users/jz/Desktop/Pico/pico-sdk/src/common/pico_time/time.c.obj
 .text.ph_free_node
                0x10001574       0x5c CMakeFiles/dev_hid_composite.dir/Users/jz/Desktop/Pico/pico-sdk/src/common/pico_time/time.c.obj
 .text.get_entry_id_high
                0x100015d0       0x30 CMakeFiles/dev_hid_composite.dir/Users/jz/Desktop/Pico/pico-sdk/src/common/pico_time/time.c.obj
 .text.alarm_pool_post_alloc_init
                0x10001600       0x40 CMakeFiles/dev_hid_composite.dir/Users/jz/Desktop/Pico/pico-sdk/src/common/pico_time/time.c.obj
 .text.sleep_until_callback
                0x10001640       0x30 CMakeFiles/dev_hid_composite.dir/Users/jz/Desktop/Pico/pico-sdk/src/common/pico_time/time.c.obj
 .text.get_absolute_time
                0x10001670       0x22 CMakeFiles/dev_hid_composite.dir/Users/jz/Desktop/Pico/pico-sdk/src/common/pico_time/time.c.obj
 .text.make_timeout_time_us
                0x10001692       0x24 CMakeFiles/dev_hid_composite.dir/Users/jz/Desktop/Pico/pico-sdk/src/common/pico_time/time.c.obj
 *fill*         0x100016b6        0x2 
 .text.add_alarm_under_lock
                0x100016b8       0x94 CMakeFiles/dev_hid_composite.dir/Users/jz/Desktop/Pico/pico-sdk/src/common/pico_time/time.c.obj
 .text.alarm_pool_alarm_callback
                0x1000174c      0x210 CMakeFiles/dev_hid_composite.dir/Users/jz/Desktop/Pico/pico-sdk/src/common/pico_time/time.c.obj
 .text.alarm_pool_init_default
                0x1000195c       0x40 CMakeFiles/dev_hid_composite.dir/Users/jz/Desktop/Pico/pico-sdk/src/common/pico_time/time.c.obj
                0x1000195c                alarm_pool_init_default
 .text.alarm_pool_get_default
                0x1000199c       0x2c CMakeFiles/dev_hid_composite.dir/Users/jz/Desktop/Pico/pico-sdk/src/common/pico_time/time.c.obj
                0x1000199c                alarm_pool_get_default
 .text.alarm_pool_add_alarm_at
                0x100019c8      0x10e CMakeFiles/dev_hid_composite.dir/Users/jz/Desktop/Pico/pico-sdk/src/common/pico_time/time.c.obj
                0x100019c8                alarm_pool_add_alarm_at
 .text.add_alarm_at
                0x10001ad6       0x2e CMakeFiles/dev_hid_composite.dir/Users/jz/Desktop/Pico/pico-sdk/src/common/pico_time/time.c.obj
 .text.alarm_pool_cancel_alarm
                0x10001b04       0xa8 CMakeFiles/dev_hid_composite.dir/Users/jz/Desktop/Pico/pico-sdk/src/common/pico_time/time.c.obj
                0x10001b04                alarm_pool_cancel_alarm
 .text.cancel_alarm
                0x10001bac       0x10 CMakeFiles/dev_hid_composite.dir/Users/jz/Desktop/Pico/pico-sdk/src/common/pico_time/time.c.obj
 .text.sleep_until
                0x10001bbc       0xb0 CMakeFiles/dev_hid_composite.dir/Users/jz/Desktop/Pico/pico-sdk/src/common/pico_time/time.c.obj
                0x10001bbc                sleep_until
 .text.sleep_us
                0x10001c6c       0x1a CMakeFiles/dev_hid_composite.dir/Users/jz/Desktop/Pico/pico-sdk/src/common/pico_time/time.c.obj
                0x10001c6c                sleep_us
 .text.sleep_ms
                0x10001c86       0x14 CMakeFiles/dev_hid_composite.dir/Users/jz/Desktop/Pico/pico-sdk/src/common/pico_time/time.c.obj
                0x10001c86                sleep_ms
 *fill*         0x10001c9a        0x2 
 .text.best_effort_wfe_or_timeout
                0x10001c9c       0x44 CMakeFiles/dev_hid_composite.dir/Users/jz/Desktop/Pico/pico-sdk/src/common/pico_time/time.c.obj
                0x10001c9c                best_effort_wfe_or_timeout
 .text.hardware_alarm_irq_handler
                0x10001ce0       0x8c CMakeFiles/dev_hid_composite.dir/Users/jz/Desktop/Pico/pico-sdk/src/rp2_common/hardware_timer/timer.c.obj
 .text.hardware_alarm_claim
                0x10001d6c       0x18 CMakeFiles/dev_hid_composite.dir/Users/jz/Desktop/Pico/pico-sdk/src/rp2_common/hardware_timer/timer.c.obj
                0x10001d6c                hardware_alarm_claim
 .text.time_us_64
                0x10001d84       0x18 CMakeFiles/dev_hid_composite.dir/Users/jz/Desktop/Pico/pico-sdk/src/rp2_common/hardware_timer/timer.c.obj
                0x10001d84                time_us_64
 .text.busy_wait_until
                0x10001d9c       0x28 CMakeFiles/dev_hid_composite.dir/Users/jz/Desktop/Pico/pico-sdk/src/rp2_common/hardware_timer/timer.c.obj
                0x10001d9c                busy_wait_until
 .text.hardware_alarm_set_callback
                0x10001dc4       0x90 CMakeFiles/dev_hid_composite.dir/Users/jz/Desktop/Pico/pico-sdk/src/rp2_common/hardware_timer/timer.c.obj
                0x10001dc4                hardware_alarm_set_callback
 .text.hardware_alarm_set_target
                0x10001e54       0xe8 CMakeFiles/dev_hid_composite.dir/Users/jz/Desktop/Pico/pico-sdk/src/rp2_common/hardware_timer/timer.c.obj
                0x10001e54                hardware_alarm_set_target
 .text.hardware_alarm_cancel
                0x10001f3c       0x40 CMakeFiles/dev_hid_composite.dir/Users/jz/Desktop/Pico/pico-sdk/src/rp2_common/hardware_timer/timer.c.obj
                0x10001f3c                hardware_alarm_cancel
 .text.ph_get_node
                0x10001f7c       0x30 CMakeFiles/dev_hid_composite.dir/Users/jz/Desktop/Pico/pico-sdk/src/common/pico_util/pheap.c.obj
 .text.ph_add_child_node
                0x10001fac       0x6c CMakeFiles/dev_hid_composite.dir/Users/jz/Desktop/Pico/pico-sdk/src/common/pico_util/pheap.c.obj
 .text.ph_merge_nodes
                0x10002018       0x3e CMakeFiles/dev_hid_composite.dir/Users/jz/Desktop/Pico/pico-sdk/src/common/pico_util/pheap.c.obj
 .text.ph_clear
                0x10002056       0x34 CMakeFiles/dev_hid_composite.dir/Users/jz/Desktop/Pico/pico-sdk/src/common/pico_util/pheap.c.obj
                0x10002056                ph_clear
 .text.ph_post_alloc_init
                0x1000208a        0xe CMakeFiles/dev_hid_composite.dir/Users/jz/Desktop/Pico/pico-sdk/src/common/pico_util/pheap.c.obj
                0x1000208a                ph_post_alloc_init
 .text.ph_merge_two_pass
                0x10002098       0x5c CMakeFiles/dev_hid_composite.dir/Users/jz/Desktop/Pico/pico-sdk/src/common/pico_util/pheap.c.obj
                0x10002098                ph_merge_two_pass
 .text.ph_remove_any_head
                0x100020f4       0xc0 CMakeFiles/dev_hid_composite.dir/Users/jz/Desktop/Pico/pico-sdk/src/common/pico_util/pheap.c.obj
 .text.ph_remove_head
                0x100021b4       0x14 CMakeFiles/dev_hid_composite.dir/Users/jz/Desktop/Pico/pico-sdk/src/common/pico_util/pheap.c.obj
                0x100021b4                ph_remove_head
 .text.ph_remove_and_free_node
                0x100021c8       0xa0 CMakeFiles/dev_hid_composite.dir/Users/jz/Desktop/Pico/pico-sdk/src/common/pico_util/pheap.c.obj
                0x100021c8                ph_remove_and_free_node
 .text.clock_configure
                0x10002268      0x108 CMakeFiles/dev_hid_composite.dir/Users/jz/Desktop/Pico/pico-sdk/src/rp2_common/hardware_clocks/clocks.c.obj
                0x10002268                clock_configure
 .text.clocks_init
                0x10002370      0x100 CMakeFiles/dev_hid_composite.dir/Users/jz/Desktop/Pico/pico-sdk/src/rp2_common/hardware_clocks/clocks.c.obj
                0x10002370                clocks_init
 .text.clock_get_hz
                0x10002470        0xc CMakeFiles/dev_hid_composite.dir/Users/jz/Desktop/Pico/pico-sdk/src/rp2_common/hardware_clocks/clocks.c.obj
                0x10002470                clock_get_hz
 .text.pll_init
                0x1000247c      0x120 CMakeFiles/dev_hid_composite.dir/Users/jz/Desktop/Pico/pico-sdk/src/rp2_common/hardware_pll/pll.c.obj
                0x1000247c                pll_init
 .text.watchdog_start_tick
                0x1000259c       0x10 CMakeFiles/dev_hid_composite.dir/Users/jz/Desktop/Pico/pico-sdk/src/rp2_common/hardware_watchdog/watchdog.c.obj
                0x1000259c                watchdog_start_tick
 .text.xosc_init
                0x100025ac       0x28 CMakeFiles/dev_hid_composite.dir/Users/jz/Desktop/Pico/pico-sdk/src/rp2_common/hardware_xosc/xosc.c.obj
                0x100025ac                xosc_init
 .text._exit    0x100025d4        0x4 CMakeFiles/dev_hid_composite.dir/Users/jz/Desktop/Pico/pico-sdk/src/rp2_common/pico_runtime/runtime.c.obj
                0x100025d4                _exit
 .text.exit     0x100025d8        0x6 CMakeFiles/dev_hid_composite.dir/Users/jz/Desktop/Pico/pico-sdk/src/rp2_common/pico_runtime/runtime.c.obj
                0x100025d8                exit
 *fill*         0x100025de        0x2 
 .text.__assert_func
                0x100025e0       0x38 CMakeFiles/dev_hid_composite.dir/Users/jz/Desktop/Pico/pico-sdk/src/rp2_common/pico_runtime/runtime.c.obj
                0x100025e0                __assert_func
 .text.runtime_init
                0x10002618       0xf8 CMakeFiles/dev_hid_composite.dir/Users/jz/Desktop/Pico/pico-sdk/src/rp2_common/pico_runtime/runtime.c.obj
                0x10002618                runtime_init
 .text.panic    0x10002710       0x30 CMakeFiles/dev_hid_composite.dir/Users/jz/Desktop/Pico/pico-sdk/src/rp2_common/pico_runtime/runtime.c.obj
                0x10002710                panic
 .text._out_null
                0x10002740        0x2 CMakeFiles/dev_hid_composite.dir/Users/jz/Desktop/Pico/pico-sdk/src/rp2_common/pico_printf/printf.c.obj
 .text._out_fct
                0x10002742        0xe CMakeFiles/dev_hid_composite.dir/Users/jz/Desktop/Pico/pico-sdk/src/rp2_common/pico_printf/printf.c.obj
 .text._atoi    0x10002750       0x24 CMakeFiles/dev_hid_composite.dir/Users/jz/Desktop/Pico/pico-sdk/src/rp2_common/pico_printf/printf.c.obj
 .text._out_rev
                0x10002774       0xae CMakeFiles/dev_hid_composite.dir/Users/jz/Desktop/Pico/pico-sdk/src/rp2_common/pico_printf/printf.c.obj
 .text._ntoa_format
                0x10002822      0x110 CMakeFiles/dev_hid_composite.dir/Users/jz/Desktop/Pico/pico-sdk/src/rp2_common/pico_printf/printf.c.obj
 .text._ntoa_long
                0x10002932       0xbc CMakeFiles/dev_hid_composite.dir/Users/jz/Desktop/Pico/pico-sdk/src/rp2_common/pico_printf/printf.c.obj
 .text._ntoa_long_long
                0x100029ee      0x10e CMakeFiles/dev_hid_composite.dir/Users/jz/Desktop/Pico/pico-sdk/src/rp2_common/pico_printf/printf.c.obj
 .text._etoa    0x10002afc      0x420 CMakeFiles/dev_hid_composite.dir/Users/jz/Desktop/Pico/pico-sdk/src/rp2_common/pico_printf/printf.c.obj
 .text._ftoa    0x10002f1c      0x354 CMakeFiles/dev_hid_composite.dir/Users/jz/Desktop/Pico/pico-sdk/src/rp2_common/pico_printf/printf.c.obj
 .text._vsnprintf
                0x10003270      0x668 CMakeFiles/dev_hid_composite.dir/Users/jz/Desktop/Pico/pico-sdk/src/rp2_common/pico_printf/printf.c.obj
 .text.vfctprintf
                0x100038d8       0x20 CMakeFiles/dev_hid_composite.dir/Users/jz/Desktop/Pico/pico-sdk/src/rp2_common/pico_printf/printf.c.obj
                0x100038d8                vfctprintf
 .text          0x100038f8       0x10 CMakeFiles/dev_hid_composite.dir/Users/jz/Desktop/Pico/pico-sdk/src/rp2_common/pico_bit_ops/bit_ops_aeabi.S.obj
 .text.rom_func_lookup
                0x10003908       0x10 CMakeFiles/dev_hid_composite.dir/Users/jz/Desktop/Pico/pico-sdk/src/rp2_common/pico_bootrom/bootrom.c.obj
                0x10003908                rom_func_lookup
 .text.rom_data_lookup
                0x10003918       0x10 CMakeFiles/dev_hid_composite.dir/Users/jz/Desktop/Pico/pico-sdk/src/rp2_common/pico_bootrom/bootrom.c.obj
                0x10003918                rom_data_lookup
 .text.rom_funcs_lookup
                0x10003928       0x36 CMakeFiles/dev_hid_composite.dir/Users/jz/Desktop/Pico/pico-sdk/src/rp2_common/pico_bootrom/bootrom.c.obj
                0x10003928                rom_funcs_lookup
 *fill*         0x1000395e        0x2 
 .text.__wrap___aeabi_idiv
                0x10003960       0x50 CMakeFiles/dev_hid_composite.dir/Users/jz/Desktop/Pico/pico-sdk/src/rp2_common/pico_divider/divider.S.obj
                0x10003960                __wrap___aeabi_idivmod
                0x10003960                divmod_s32s32
                0x10003960                div_s32s32
                0x10003960                __wrap___aeabi_idiv
                0x10003968                divmod_s32s32_unsafe
                0x10003994                divmod_s32s32_savestate
 .text.__wrap___aeabi_uidiv
                0x100039b0       0x4c CMakeFiles/dev_hid_composite.dir/Users/jz/Desktop/Pico/pico-sdk/src/rp2_common/pico_divider/divider.S.obj
                0x100039b0                __wrap___aeabi_uidiv
                0x100039b0                __wrap___aeabi_uidivmod
                0x100039b0                div_u32u32
                0x100039b0                divmod_u32u32
                0x100039b8                divmod_u32u32_unsafe
                0x100039e0                divmod_u32u32_savestate
 .text.__wrap___aeabi_ldiv
                0x100039fc      0x424 CMakeFiles/dev_hid_composite.dir/Users/jz/Desktop/Pico/pico-sdk/src/rp2_common/pico_divider/divider.S.obj
                0x100039fc                __wrap___aeabi_ldivmod
                0x100039fc                div_s64s64
                0x100039fc                divmod_s64s64
                0x10003a2c                divmod_u64u64
                0x10003a2c                div_u64u64
                0x10003a2c                __wrap___aeabi_uldivmod
                0x10003a3c                divmod_u64u64_savestate
                0x10003a5c                divmod_s64s64_unsafe
                0x10003ae4                divmod_u64u64_unsafe
 .text.__wrap___aeabi_darithmetic
                0x10003e20       0x80 CMakeFiles/dev_hid_composite.dir/Users/jz/Desktop/Pico/pico-sdk/src/rp2_common/pico_double/double_aeabi.S.obj
                0x10003e20                __wrap___aeabi_drsub
                0x10003e26                __wrap___aeabi_dsub
                0x10003e38                __wrap___aeabi_dadd
                0x10003e4a                __wrap___aeabi_ddiv
                0x10003e86                __wrap___aeabi_dmul
 .text.__wrap___aeabi_cdcmple
                0x10003ea0       0x6c CMakeFiles/dev_hid_composite.dir/Users/jz/Desktop/Pico/pico-sdk/src/rp2_common/pico_double/double_aeabi.S.obj
                0x10003ea0                __wrap___aeabi_cdrcmple
                0x10003eb0                __wrap___aeabi_cdcmple
                0x10003eb0                __wrap___aeabi_cdcmpeq
 .text.__wrap___aeabi_dcmplt
                0x10003f0c        0xc CMakeFiles/dev_hid_composite.dir/Users/jz/Desktop/Pico/pico-sdk/src/rp2_common/pico_double/double_aeabi.S.obj
                0x10003f0c                __wrap___aeabi_dcmplt
 .text.__wrap___aeabi_dcmple
                0x10003f18       0x10 CMakeFiles/dev_hid_composite.dir/Users/jz/Desktop/Pico/pico-sdk/src/rp2_common/pico_double/double_aeabi.S.obj
                0x10003f18                __wrap___aeabi_dcmple
 .text.__wrap___aeabi_dcmpge
                0x10003f28       0x10 CMakeFiles/dev_hid_composite.dir/Users/jz/Desktop/Pico/pico-sdk/src/rp2_common/pico_double/double_aeabi.S.obj
                0x10003f28                __wrap___aeabi_dcmpge
 .text.__wrap___aeabi_dcmpgt
                0x10003f38        0xa CMakeFiles/dev_hid_composite.dir/Users/jz/Desktop/Pico/pico-sdk/src/rp2_common/pico_double/double_aeabi.S.obj
                0x10003f38                __wrap___aeabi_dcmpgt
 .text.__wrap___aeabi_dcmpun
                0x10003f42       0x1c CMakeFiles/dev_hid_composite.dir/Users/jz/Desktop/Pico/pico-sdk/src/rp2_common/pico_double/double_aeabi.S.obj
                0x10003f42                __wrap___aeabi_dcmpun
 *fill*         0x10003f5e        0x2 
 .text.__wrap___aeabi_i2d
                0x10003f60       0x38 CMakeFiles/dev_hid_composite.dir/Users/jz/Desktop/Pico/pico-sdk/src/rp2_common/pico_double/double_aeabi.S.obj
                0x10003f60                __wrap___aeabi_ui2d
                0x10003f68                __wrap___aeabi_i2d
 .text.__wrap___aeabi_d2iz
                0x10003f98       0x48 CMakeFiles/dev_hid_composite.dir/Users/jz/Desktop/Pico/pico-sdk/src/rp2_common/pico_double/double_aeabi.S.obj
                0x10003f98                __wrap___aeabi_d2iz
                0x10003f98                double2int_z
 .text.__wrap___aeabi_d2uiz
                0x10003fe0       0x18 CMakeFiles/dev_hid_composite.dir/Users/jz/Desktop/Pico/pico-sdk/src/rp2_common/pico_double/double_aeabi.S.obj
                0x10003fe0                double2uint
                0x10003fe0                __wrap___aeabi_d2uiz
 .text.__aeabi_double_init
                0x10003ff8       0xcc CMakeFiles/dev_hid_composite.dir/Users/jz/Desktop/Pico/pico-sdk/src/rp2_common/pico_double/double_init_rom.c.obj
                0x10003ff8                __aeabi_double_init
 .text.double_table_shim_on_use_helper
                0x100040c4       0x34 CMakeFiles/dev_hid_composite.dir/Users/jz/Desktop/Pico/pico-sdk/src/rp2_common/pico_double/double_v1_rom_shim.S.obj
                0x100040c4                double_table_shim_on_use_helper
 .text.__wrap___aeabi_dsub
                0x100040f8       0x10 CMakeFiles/dev_hid_composite.dir/Users/jz/Desktop/Pico/pico-sdk/src/rp2_common/pico_double/double_v1_rom_shim.S.obj
                0x100040f8                drsub_shim
                0x100040fe                dsub_shim
 .text.dadd_shim
                0x10004108      0x15c CMakeFiles/dev_hid_composite.dir/Users/jz/Desktop/Pico/pico-sdk/src/rp2_common/pico_double/double_v1_rom_shim.S.obj
                0x10004108                dadd_shim
 .text.dmul_shim
                0x10004264      0x15c CMakeFiles/dev_hid_composite.dir/Users/jz/Desktop/Pico/pico-sdk/src/rp2_common/pico_double/double_v1_rom_shim.S.obj
                0x10004264                dmul_shim
 .text.ddiv_shim
                0x100043c0      0x1b0 CMakeFiles/dev_hid_composite.dir/Users/jz/Desktop/Pico/pico-sdk/src/rp2_common/pico_double/double_v1_rom_shim.S.obj
                0x100043c0                ddiv_shim
 .text.double2uint_shim
                0x10004570        0xe CMakeFiles/dev_hid_composite.dir/Users/jz/Desktop/Pico/pico-sdk/src/rp2_common/pico_double/double_v1_rom_shim.S.obj
                0x10004570                double2uint_shim
                0x10004572                double2ufix_shim
 *fill*         0x1000457e        0x2 
 .text.double2uint64_shim
                0x10004580       0x70 CMakeFiles/dev_hid_composite.dir/Users/jz/Desktop/Pico/pico-sdk/src/rp2_common/pico_double/double_v1_rom_shim.S.obj
                0x10004580                double2uint64_shim
                0x10004582                double2ufix64_shim
                0x100045a2                d2fix_a
 .text.dunpacks
                0x100045f0       0x3c CMakeFiles/dev_hid_composite.dir/Users/jz/Desktop/Pico/pico-sdk/src/rp2_common/pico_double/double_v1_rom_shim.S.obj
                0x100045f0                dunpacks
 .text.__aeabi_lmul
                0x1000462c       0x32 CMakeFiles/dev_hid_composite.dir/Users/jz/Desktop/Pico/pico-sdk/src/rp2_common/pico_int64_ops/pico_int64_ops_aeabi.S.obj
                0x1000462c                __wrap___aeabi_lmul
 *fill*         0x1000465e        0x2 
 .text.__wrap___aeabi_farithmetic
                0x10004660       0x58 CMakeFiles/dev_hid_composite.dir/Users/jz/Desktop/Pico/pico-sdk/src/rp2_common/pico_float/float_aeabi.S.obj
                0x10004660                __wrap___aeabi_frsub
                0x10004666                __wrap___aeabi_fsub
                0x10004670                __wrap___aeabi_fadd
                0x1000467a                __wrap___aeabi_fdiv
                0x100046a6                __wrap___aeabi_fmul
 .text.__wrap___aeabi_i2f
                0x100046b8       0x44 CMakeFiles/dev_hid_composite.dir/Users/jz/Desktop/Pico/pico-sdk/src/rp2_common/pico_float/float_aeabi.S.obj
                0x100046b8                __wrap___aeabi_i2f
 .text.__wrap___aeabi_f2d
                0x100046fc       0x14 CMakeFiles/dev_hid_composite.dir/Users/jz/Desktop/Pico/pico-sdk/src/rp2_common/pico_float/float_aeabi.S.obj
                0x100046fc                __wrap___aeabi_f2d
 .text.__aeabi_float_init
                0x10004710       0xfc CMakeFiles/dev_hid_composite.dir/Users/jz/Desktop/Pico/pico-sdk/src/rp2_common/pico_float/float_init_rom.c.obj
                0x10004710                __aeabi_float_init
 .text.float_table_shim_on_use_helper
                0x1000480c       0x34 CMakeFiles/dev_hid_composite.dir/Users/jz/Desktop/Pico/pico-sdk/src/rp2_common/pico_float/float_v1_rom_shim.S.obj
                0x1000480c                float_table_shim_on_use_helper
 .text.float2double_shim
                0x10004840       0x30 CMakeFiles/dev_hid_composite.dir/Users/jz/Desktop/Pico/pico-sdk/src/rp2_common/pico_float/float_v1_rom_shim.S.obj
                0x10004840                float2double_shim
 .text          0x10004870       0x10 CMakeFiles/dev_hid_composite.dir/Users/jz/Desktop/Pico/pico-sdk/src/rp2_common/pico_mem_ops/mem_ops_aeabi.S.obj
                0x10004870                __aeabi_mem_init
 .text.memset   0x10004880        0xc CMakeFiles/dev_hid_composite.dir/Users/jz/Desktop/Pico/pico-sdk/src/rp2_common/pico_mem_ops/mem_ops_aeabi.S.obj
                0x10004880                __wrap_memset
 .text.memcpy   0x1000488c        0xc CMakeFiles/dev_hid_composite.dir/Users/jz/Desktop/Pico/pico-sdk/src/rp2_common/pico_mem_ops/mem_ops_aeabi.S.obj
                0x1000488c                __wrap___aeabi_memcpy
                0x1000488c                __wrap_memcpy
 .text.stdio_out_chars_no_crlf
                0x10004898        0xe CMakeFiles/dev_hid_composite.dir/Users/jz/Desktop/Pico/pico-sdk/src/rp2_common/pico_stdio/stdio.c.obj
 *fill*         0x100048a6        0x2 
 .text.stdio_out_chars_crlf
                0x100048a8       0x80 CMakeFiles/dev_hid_composite.dir/Users/jz/Desktop/Pico/pico-sdk/src/rp2_common/pico_stdio/stdio.c.obj
 .text.stdio_stack_buffer_flush
                0x10004928       0x44 CMakeFiles/dev_hid_composite.dir/Users/jz/Desktop/Pico/pico-sdk/src/rp2_common/pico_stdio/stdio.c.obj
 .text.stdio_buffered_printer
                0x1000496c       0x20 CMakeFiles/dev_hid_composite.dir/Users/jz/Desktop/Pico/pico-sdk/src/rp2_common/pico_stdio/stdio.c.obj
 .text.update_us_since_boot
                0x1000498c       0x24 CMakeFiles/dev_hid_composite.dir/Users/jz/Desktop/Pico/pico-sdk/src/rp2_common/pico_stdio/stdio.c.obj
 .text.get_absolute_time
                0x100049b0       0x22 CMakeFiles/dev_hid_composite.dir/Users/jz/Desktop/Pico/pico-sdk/src/rp2_common/pico_stdio/stdio.c.obj
 *fill*         0x100049d2        0x2 
 .text.delayed_by_ms
                0x100049d4       0x44 CMakeFiles/dev_hid_composite.dir/Users/jz/Desktop/Pico/pico-sdk/src/rp2_common/pico_stdio/stdio.c.obj
 .text.make_timeout_time_ms
                0x10004a18       0x20 CMakeFiles/dev_hid_composite.dir/Users/jz/Desktop/Pico/pico-sdk/src/rp2_common/pico_stdio/stdio.c.obj
 .text.stdout_serialize_begin
                0x10004a38       0x20 CMakeFiles/dev_hid_composite.dir/Users/jz/Desktop/Pico/pico-sdk/src/rp2_common/pico_stdio/stdio.c.obj
                0x10004a38                stdout_serialize_begin
 .text.stdout_serialize_end
                0x10004a58       0x10 CMakeFiles/dev_hid_composite.dir/Users/jz/Desktop/Pico/pico-sdk/src/rp2_common/pico_stdio/stdio.c.obj
                0x10004a58                stdout_serialize_end
 .text.stdio_put_string
                0x10004a68       0x98 CMakeFiles/dev_hid_composite.dir/Users/jz/Desktop/Pico/pico-sdk/src/rp2_common/pico_stdio/stdio.c.obj
 .text.stdio_flush
                0x10004b00       0x20 CMakeFiles/dev_hid_composite.dir/Users/jz/Desktop/Pico/pico-sdk/src/rp2_common/pico_stdio/stdio.c.obj
                0x10004b00                stdio_flush
 .text.__wrap_puts
                0x10004b20       0x1e CMakeFiles/dev_hid_composite.dir/Users/jz/Desktop/Pico/pico-sdk/src/rp2_common/pico_stdio/stdio.c.obj
                0x10004b20                __wrap_puts
 *fill*         0x10004b3e        0x2 
 .text.__wrap_vprintf
                0x10004b40       0x40 CMakeFiles/dev_hid_composite.dir/Users/jz/Desktop/Pico/pico-sdk/src/rp2_common/pico_stdio/stdio.c.obj
                0x10004b40                __wrap_vprintf
 .text.__wrap_printf
                0x10004b80       0x18 CMakeFiles/dev_hid_composite.dir/Users/jz/Desktop/Pico/pico-sdk/src/rp2_common/pico_stdio/stdio.c.obj
                0x10004b80                __wrap_printf
 .text.stdio_init_all
                0x10004b98        0x8 CMakeFiles/dev_hid_composite.dir/Users/jz/Desktop/Pico/pico-sdk/src/rp2_common/pico_stdio/stdio.c.obj
                0x10004b98                stdio_init_all
 .text.stdio_usb_init
                0x10004ba0        0x4 CMakeFiles/dev_hid_composite.dir/Users/jz/Desktop/Pico/pico-sdk/src/rp2_common/pico_stdio_usb/stdio_usb.c.obj
                0x10004ba0                stdio_usb_init
 .text._retrieve_unique_id_on_boot
                0x10004ba4       0x10 CMakeFiles/dev_hid_composite.dir/Users/jz/Desktop/Pico/pico-sdk/src/rp2_common/pico_unique_id/unique_id.c.obj
 .text.pico_get_unique_board_id_string
                0x10004bb4       0x5c CMakeFiles/dev_hid_composite.dir/Users/jz/Desktop/Pico/pico-sdk/src/rp2_common/pico_unique_id/unique_id.c.obj
                0x10004bb4                pico_get_unique_board_id_string
 .text.flash_get_unique_id
                0x10004c10       0x40 CMakeFiles/dev_hid_composite.dir/Users/jz/Desktop/Pico/pico-sdk/src/rp2_common/hardware_flash/flash.c.obj
                0x10004c10                flash_get_unique_id
 .text.hw_endpoint_get_by_addr
                0x10004c50       0x18 CMakeFiles/dev_hid_composite.dir/Users/jz/Desktop/Pico/pico-sdk/lib/tinyusb/src/portable/raspberrypi/rp2040/dcd_rp2040.c.obj
 .text._hw_endpoint_alloc
                0x10004c68       0x70 CMakeFiles/dev_hid_composite.dir/Users/jz/Desktop/Pico/pico-sdk/lib/tinyusb/src/portable/raspberrypi/rp2040/dcd_rp2040.c.obj
 .text.hw_endpoint_init
                0x10004cd8       0x88 CMakeFiles/dev_hid_composite.dir/Users/jz/Desktop/Pico/pico-sdk/lib/tinyusb/src/portable/raspberrypi/rp2040/dcd_rp2040.c.obj
 .text.dcd_event_sof
                0x10004d60       0x2c CMakeFiles/dev_hid_composite.dir/Users/jz/Desktop/Pico/pico-sdk/lib/tinyusb/src/portable/raspberrypi/rp2040/dcd_rp2040.c.obj
 .text.hw_endpoint_xfer
                0x10004d8c       0x14 CMakeFiles/dev_hid_composite.dir/Users/jz/Desktop/Pico/pico-sdk/lib/tinyusb/src/portable/raspberrypi/rp2040/dcd_rp2040.c.obj
 .text.dcd_int_enable
                0x10004da0       0x2c CMakeFiles/dev_hid_composite.dir/Users/jz/Desktop/Pico/pico-sdk/lib/tinyusb/src/portable/raspberrypi/rp2040/dcd_rp2040.c.obj
                0x10004da0                dcd_int_enable
 .text.dcd_set_address
                0x10004dcc       0x2c CMakeFiles/dev_hid_composite.dir/Users/jz/Desktop/Pico/pico-sdk/lib/tinyusb/src/portable/raspberrypi/rp2040/dcd_rp2040.c.obj
                0x10004dcc                dcd_set_address
 .text.dcd_remote_wakeup
                0x10004df8       0x38 CMakeFiles/dev_hid_composite.dir/Users/jz/Desktop/Pico/pico-sdk/lib/tinyusb/src/portable/raspberrypi/rp2040/dcd_rp2040.c.obj
                0x10004df8                dcd_remote_wakeup
 .text.dcd_connect
                0x10004e30       0x10 CMakeFiles/dev_hid_composite.dir/Users/jz/Desktop/Pico/pico-sdk/lib/tinyusb/src/portable/raspberrypi/rp2040/dcd_rp2040.c.obj
                0x10004e30                dcd_connect
 .text.dcd_init
                0x10004e40       0x80 CMakeFiles/dev_hid_composite.dir/Users/jz/Desktop/Pico/pico-sdk/lib/tinyusb/src/portable/raspberrypi/rp2040/dcd_rp2040.c.obj
                0x10004e40                dcd_init
 .text.dcd_edpt0_status_complete
                0x10004ec0       0x1c CMakeFiles/dev_hid_composite.dir/Users/jz/Desktop/Pico/pico-sdk/lib/tinyusb/src/portable/raspberrypi/rp2040/dcd_rp2040.c.obj
                0x10004ec0                dcd_edpt0_status_complete
 .text.dcd_edpt_open
                0x10004edc       0x40 CMakeFiles/dev_hid_composite.dir/Users/jz/Desktop/Pico/pico-sdk/lib/tinyusb/src/portable/raspberrypi/rp2040/dcd_rp2040.c.obj
                0x10004edc                dcd_edpt_open
 .text.dcd_edpt_close_all
                0x10004f1c        0x8 CMakeFiles/dev_hid_composite.dir/Users/jz/Desktop/Pico/pico-sdk/lib/tinyusb/src/portable/raspberrypi/rp2040/dcd_rp2040.c.obj
                0x10004f1c                dcd_edpt_close_all
 .text.dcd_edpt_xfer
                0x10004f24       0x34 CMakeFiles/dev_hid_composite.dir/Users/jz/Desktop/Pico/pico-sdk/lib/tinyusb/src/portable/raspberrypi/rp2040/dcd_rp2040.c.obj
                0x10004f24                dcd_edpt_xfer
 .text.dcd_edpt_stall
                0x10004f58       0x2c CMakeFiles/dev_hid_composite.dir/Users/jz/Desktop/Pico/pico-sdk/lib/tinyusb/src/portable/raspberrypi/rp2040/dcd_rp2040.c.obj
                0x10004f58                dcd_edpt_stall
 .text.dcd_edpt_clear_stall
                0x10004f84       0x20 CMakeFiles/dev_hid_composite.dir/Users/jz/Desktop/Pico/pico-sdk/lib/tinyusb/src/portable/raspberrypi/rp2040/dcd_rp2040.c.obj
                0x10004f84                dcd_edpt_clear_stall
 .text.rp2040_usb_init
                0x10004fa4       0x4c CMakeFiles/dev_hid_composite.dir/Users/jz/Desktop/Pico/pico-sdk/lib/tinyusb/src/portable/raspberrypi/rp2040/rp2040_usb.c.obj
                0x10004fa4                rp2040_usb_init
 .text.hw_endpoint_xfer_start
                0x10004ff0       0x50 CMakeFiles/dev_hid_composite.dir/Users/jz/Desktop/Pico/pico-sdk/lib/tinyusb/src/portable/raspberrypi/rp2040/rp2040_usb.c.obj
                0x10004ff0                hw_endpoint_xfer_start
 .text.configuration_reset
                0x10005040       0x84 CMakeFiles/dev_hid_composite.dir/Users/jz/Desktop/Pico/pico-sdk/lib/tinyusb/src/device/usbd.c.obj
 .text.critical_section_enter_blocking
                0x100050c4       0x16 CMakeFiles/dev_hid_composite.dir/Users/jz/Desktop/Pico/pico-sdk/lib/tinyusb/src/device/usbd.c.obj
 .text.usbd_reset
                0x100050da        0xc CMakeFiles/dev_hid_composite.dir/Users/jz/Desktop/Pico/pico-sdk/lib/tinyusb/src/device/usbd.c.obj
 .text.invoke_class_control
                0x100050e6       0x1a CMakeFiles/dev_hid_composite.dir/Users/jz/Desktop/Pico/pico-sdk/lib/tinyusb/src/device/usbd.c.obj
 .text.process_set_config
                0x10005100      0x15c CMakeFiles/dev_hid_composite.dir/Users/jz/Desktop/Pico/pico-sdk/lib/tinyusb/src/device/usbd.c.obj
 .text.process_get_descriptor
                0x1000525c       0xdc CMakeFiles/dev_hid_composite.dir/Users/jz/Desktop/Pico/pico-sdk/lib/tinyusb/src/device/usbd.c.obj
 .text.tud_mounted
                0x10005338       0x10 CMakeFiles/dev_hid_composite.dir/Users/jz/Desktop/Pico/pico-sdk/lib/tinyusb/src/device/usbd.c.obj
                0x10005338                tud_mounted
 .text.tud_suspended
                0x10005348       0x10 CMakeFiles/dev_hid_composite.dir/Users/jz/Desktop/Pico/pico-sdk/lib/tinyusb/src/device/usbd.c.obj
                0x10005348                tud_suspended
 .text.tud_remote_wakeup
                0x10005358       0x34 CMakeFiles/dev_hid_composite.dir/Users/jz/Desktop/Pico/pico-sdk/lib/tinyusb/src/device/usbd.c.obj
                0x10005358                tud_remote_wakeup
 .text.tud_inited
                0x1000538c       0x14 CMakeFiles/dev_hid_composite.dir/Users/jz/Desktop/Pico/pico-sdk/lib/tinyusb/src/device/usbd.c.obj
                0x1000538c                tud_inited
 .text.tud_init
                0x100053a0       0xcc CMakeFiles/dev_hid_composite.dir/Users/jz/Desktop/Pico/pico-sdk/lib/tinyusb/src/device/usbd.c.obj
                0x100053a0                tud_init
 .text.usbd_edpt_open
                0x1000546c       0x34 CMakeFiles/dev_hid_composite.dir/Users/jz/Desktop/Pico/pico-sdk/lib/tinyusb/src/device/usbd.c.obj
                0x1000546c                usbd_edpt_open
 .text.usbd_open_edpt_pair
                0x100054a0       0x62 CMakeFiles/dev_hid_composite.dir/Users/jz/Desktop/Pico/pico-sdk/lib/tinyusb/src/device/usbd.c.obj
                0x100054a0                usbd_open_edpt_pair
 *fill*         0x10005502        0x2 
 .text.usbd_edpt_claim
                0x10005504       0x28 CMakeFiles/dev_hid_composite.dir/Users/jz/Desktop/Pico/pico-sdk/lib/tinyusb/src/device/usbd.c.obj
                0x10005504                usbd_edpt_claim
 .text.usbd_edpt_xfer
                0x1000552c       0x78 CMakeFiles/dev_hid_composite.dir/Users/jz/Desktop/Pico/pico-sdk/lib/tinyusb/src/device/usbd.c.obj
                0x1000552c                usbd_edpt_xfer
 .text.usbd_edpt_busy
                0x100055a4       0x1c CMakeFiles/dev_hid_composite.dir/Users/jz/Desktop/Pico/pico-sdk/lib/tinyusb/src/device/usbd.c.obj
                0x100055a4                usbd_edpt_busy
 .text.usbd_edpt_stall
                0x100055c0       0x48 CMakeFiles/dev_hid_composite.dir/Users/jz/Desktop/Pico/pico-sdk/lib/tinyusb/src/device/usbd.c.obj
                0x100055c0                usbd_edpt_stall
 .text.usbd_edpt_clear_stall
                0x10005608       0x48 CMakeFiles/dev_hid_composite.dir/Users/jz/Desktop/Pico/pico-sdk/lib/tinyusb/src/device/usbd.c.obj
                0x10005608                usbd_edpt_clear_stall
 .text.usbd_edpt_stalled
                0x10005650       0x1c CMakeFiles/dev_hid_composite.dir/Users/jz/Desktop/Pico/pico-sdk/lib/tinyusb/src/device/usbd.c.obj
                0x10005650                usbd_edpt_stalled
 .text.process_control_request
                0x1000566c      0x374 CMakeFiles/dev_hid_composite.dir/Users/jz/Desktop/Pico/pico-sdk/lib/tinyusb/src/device/usbd.c.obj
 .text.tud_task_ext
                0x100059e0      0x1a8 CMakeFiles/dev_hid_composite.dir/Users/jz/Desktop/Pico/pico-sdk/lib/tinyusb/src/device/usbd.c.obj
                0x100059e0                tud_task_ext
 .text._status_stage_xact
                0x10005b88       0x1a CMakeFiles/dev_hid_composite.dir/Users/jz/Desktop/Pico/pico-sdk/lib/tinyusb/src/device/usbd_control.c.obj
 *fill*         0x10005ba2        0x2 
 .text._data_stage_xact
                0x10005ba4       0x58 CMakeFiles/dev_hid_composite.dir/Users/jz/Desktop/Pico/pico-sdk/lib/tinyusb/src/device/usbd_control.c.obj
 .text.tud_control_status
                0x10005bfc       0x28 CMakeFiles/dev_hid_composite.dir/Users/jz/Desktop/Pico/pico-sdk/lib/tinyusb/src/device/usbd_control.c.obj
                0x10005bfc                tud_control_status
 .text.tud_control_xfer
                0x10005c24       0x68 CMakeFiles/dev_hid_composite.dir/Users/jz/Desktop/Pico/pico-sdk/lib/tinyusb/src/device/usbd_control.c.obj
                0x10005c24                tud_control_xfer
 .text.usbd_control_reset
                0x10005c8c       0x14 CMakeFiles/dev_hid_composite.dir/Users/jz/Desktop/Pico/pico-sdk/lib/tinyusb/src/device/usbd_control.c.obj
                0x10005c8c                usbd_control_reset
 .text.usbd_control_set_complete_callback
                0x10005ca0        0xc CMakeFiles/dev_hid_composite.dir/Users/jz/Desktop/Pico/pico-sdk/lib/tinyusb/src/device/usbd_control.c.obj
                0x10005ca0                usbd_control_set_complete_callback
 .text.usbd_control_set_request
                0x10005cac       0x1c CMakeFiles/dev_hid_composite.dir/Users/jz/Desktop/Pico/pico-sdk/lib/tinyusb/src/device/usbd_control.c.obj
                0x10005cac                usbd_control_set_request
 .text.usbd_control_xfer_cb
                0x10005cc8       0xbc CMakeFiles/dev_hid_composite.dir/Users/jz/Desktop/Pico/pico-sdk/lib/tinyusb/src/device/usbd_control.c.obj
                0x10005cc8                usbd_control_xfer_cb
 .text.tud_hid_n_ready
                0x10005d84       0x44 CMakeFiles/dev_hid_composite.dir/Users/jz/Desktop/Pico/pico-sdk/lib/tinyusb/src/class/hid/hid_device.c.obj
                0x10005d84                tud_hid_n_ready
 .text.tud_hid_n_report
                0x10005dc8       0x84 CMakeFiles/dev_hid_composite.dir/Users/jz/Desktop/Pico/pico-sdk/lib/tinyusb/src/class/hid/hid_device.c.obj
                0x10005dc8                tud_hid_n_report
 .text.tud_hid_n_keyboard_report
                0x10005e4c       0x40 CMakeFiles/dev_hid_composite.dir/Users/jz/Desktop/Pico/pico-sdk/lib/tinyusb/src/class/hid/hid_device.c.obj
                0x10005e4c                tud_hid_n_keyboard_report
 .text.tud_hid_n_mouse_report
                0x10005e8c       0x2e CMakeFiles/dev_hid_composite.dir/Users/jz/Desktop/Pico/pico-sdk/lib/tinyusb/src/class/hid/hid_device.c.obj
                0x10005e8c                tud_hid_n_mouse_report
 *fill*         0x10005eba        0x2 
 .text.hidd_reset
                0x10005ebc       0x14 CMakeFiles/dev_hid_composite.dir/Users/jz/Desktop/Pico/pico-sdk/lib/tinyusb/src/class/hid/hid_device.c.obj
                0x10005ebc                hidd_reset
 .text.hidd_init
                0x10005ed0        0xa CMakeFiles/dev_hid_composite.dir/Users/jz/Desktop/Pico/pico-sdk/lib/tinyusb/src/class/hid/hid_device.c.obj
                0x10005ed0                hidd_init
 *fill*         0x10005eda        0x2 
 .text.hidd_open
                0x10005edc       0xb4 CMakeFiles/dev_hid_composite.dir/Users/jz/Desktop/Pico/pico-sdk/lib/tinyusb/src/class/hid/hid_device.c.obj
                0x10005edc                hidd_open
 .text.hidd_control_xfer_cb
                0x10005f90      0x278 CMakeFiles/dev_hid_composite.dir/Users/jz/Desktop/Pico/pico-sdk/lib/tinyusb/src/class/hid/hid_device.c.obj
                0x10005f90                hidd_control_xfer_cb
 .text.hidd_xfer_cb
                0x10006208       0x84 CMakeFiles/dev_hid_composite.dir/Users/jz/Desktop/Pico/pico-sdk/lib/tinyusb/src/class/hid/hid_device.c.obj
                0x10006208                hidd_xfer_cb
 .text.tusb_init
                0x1000628c        0xa CMakeFiles/dev_hid_composite.dir/Users/jz/Desktop/Pico/pico-sdk/lib/tinyusb/src/tusb.c.obj
                0x1000628c                tusb_init
 .text.tusb_inited
                0x10006296        0xe CMakeFiles/dev_hid_composite.dir/Users/jz/Desktop/Pico/pico-sdk/lib/tinyusb/src/tusb.c.obj
                0x10006296                tusb_inited
 .text.tu_edpt_claim
                0x100062a4       0x50 CMakeFiles/dev_hid_composite.dir/Users/jz/Desktop/Pico/pico-sdk/lib/tinyusb/src/tusb.c.obj
                0x100062a4                tu_edpt_claim
 .text.tu_edpt_validate
                0x100062f4       0x78 CMakeFiles/dev_hid_composite.dir/Users/jz/Desktop/Pico/pico-sdk/lib/tinyusb/src/tusb.c.obj
                0x100062f4                tu_edpt_validate
 .text.tu_edpt_bind_driver
                0x1000636c       0x26 CMakeFiles/dev_hid_composite.dir/Users/jz/Desktop/Pico/pico-sdk/lib/tinyusb/src/tusb.c.obj
                0x1000636c                tu_edpt_bind_driver
 .text.advance_index
                0x10006392       0x1a CMakeFiles/dev_hid_composite.dir/Users/jz/Desktop/Pico/pico-sdk/lib/tinyusb/src/common/tusb_fifo.c.obj
 .text._tu_fifo_peek
                0x100063ac       0x56 CMakeFiles/dev_hid_composite.dir/Users/jz/Desktop/Pico/pico-sdk/lib/tinyusb/src/common/tusb_fifo.c.obj
 .text.tu_fifo_full
                0x10006402       0x28 CMakeFiles/dev_hid_composite.dir/Users/jz/Desktop/Pico/pico-sdk/lib/tinyusb/src/common/tusb_fifo.c.obj
                0x10006402                tu_fifo_full
 .text.tu_fifo_read
                0x1000642a       0x42 CMakeFiles/dev_hid_composite.dir/Users/jz/Desktop/Pico/pico-sdk/lib/tinyusb/src/common/tusb_fifo.c.obj
                0x1000642a                tu_fifo_read
 .text.tu_fifo_write
                0x1000646c       0x64 CMakeFiles/dev_hid_composite.dir/Users/jz/Desktop/Pico/pico-sdk/lib/tinyusb/src/common/tusb_fifo.c.obj
                0x1000646c                tu_fifo_write
 .text.tu_fifo_clear
                0x100064d0       0x3e CMakeFiles/dev_hid_composite.dir/Users/jz/Desktop/Pico/pico-sdk/lib/tinyusb/src/common/tusb_fifo.c.obj
                0x100064d0                tu_fifo_clear
 .text.board_init
                0x1000650e       0x14 CMakeFiles/dev_hid_composite.dir/Users/jz/Desktop/Pico/pico-sdk/lib/tinyusb/hw/bsp/rp2040/family.c.obj
                0x1000650e                board_init
 .text.board_led_write
                0x10006522       0x1c CMakeFiles/dev_hid_composite.dir/Users/jz/Desktop/Pico/pico-sdk/lib/tinyusb/hw/bsp/rp2040/family.c.obj
                0x10006522                board_led_write
 .text.board_button_read
                0x1000653e        0xe CMakeFiles/dev_hid_composite.dir/Users/jz/Desktop/Pico/pico-sdk/lib/tinyusb/hw/bsp/rp2040/family.c.obj
                0x1000653e                board_button_read
 .text.i2c_write_blocking_internal
                0x1000654c      0x146 CMakeFiles/dev_hid_composite.dir/Users/jz/Desktop/Pico/pico-sdk/src/rp2_common/hardware_i2c/i2c.c.obj
 .text.i2c_read_blocking_internal
                0x10006692       0xe6 CMakeFiles/dev_hid_composite.dir/Users/jz/Desktop/Pico/pico-sdk/src/rp2_common/hardware_i2c/i2c.c.obj
 .text.i2c_set_baudrate
                0x10006778       0xf0 CMakeFiles/dev_hid_composite.dir/Users/jz/Desktop/Pico/pico-sdk/src/rp2_common/hardware_i2c/i2c.c.obj
                0x10006778                i2c_set_baudrate
 .text.i2c_init
                0x10006868       0x58 CMakeFiles/dev_hid_composite.dir/Users/jz/Desktop/Pico/pico-sdk/src/rp2_common/hardware_i2c/i2c.c.obj
                0x10006868                i2c_init
 .text.i2c_write_blocking
                0x100068c0       0x18 CMakeFiles/dev_hid_composite.dir/Users/jz/Desktop/Pico/pico-sdk/src/rp2_common/hardware_i2c/i2c.c.obj
                0x100068c0                i2c_write_blocking
 .text.i2c_read_blocking
                0x100068d8       0x18 CMakeFiles/dev_hid_composite.dir/Users/jz/Desktop/Pico/pico-sdk/src/rp2_common/hardware_i2c/i2c.c.obj
                0x100068d8                i2c_read_blocking
 .text.strlen   0x100068f0       0x5c /Applications/ArmGNUToolchain/13.2.Rel1/arm-none-eabi/bin/../lib/gcc/arm-none-eabi/13.2.1/../../../../arm-none-eabi/lib/thumb/v6-m/nofp/libg.a(libc_a-strlen-stub.o)
                0x100068f0                strlen
 *(.fini)
 .fini          0x1000694c        0x4 /Applications/ArmGNUToolchain/13.2.Rel1/arm-none-eabi/bin/../lib/gcc/arm-none-eabi/13.2.1/thumb/v6-m/nofp/crti.o
                0x1000694c                _fini
 .fini.__stub   0x10006950       0xe0 linker stubs
 *crtbegin.o(.ctors)
 *crtbegin?.o(.ctors)
 *(EXCLUDE_FILE(*crtend.o *crtend?.o) .ctors)
 *(SORT_BY_NAME(.ctors.*))
 *(.ctors)
 *crtbegin.o(.dtors)
 *crtbegin?.o(.dtors)
 *(EXCLUDE_FILE(*crtend.o *crtend?.o) .dtors)
 *(SORT_BY_NAME(.dtors.*))
 *(.dtors)
 *(.eh_frame*)
 .eh_frame      0x10006a30        0x0 /Applications/ArmGNUToolchain/13.2.Rel1/arm-none-eabi/bin/../lib/gcc/arm-none-eabi/13.2.1/thumb/v6-m/nofp/crtbegin.o
                0x10006a30                        . = ALIGN (0x4)

.glue_7         0x10006a30        0x0
 .glue_7        0x10006a30        0x0 linker stubs

.glue_7t        0x10006a30        0x0
 .glue_7t       0x10006a30        0x0 linker stubs

.vfp11_veneer   0x10006a30        0x0
 .vfp11_veneer  0x10006a30        0x0 linker stubs

.v4_bx          0x10006a30        0x0
 .v4_bx         0x10006a30        0x0 linker stubs

.iplt           0x10006a30        0x0
 .iplt          0x10006a30        0x0 /Applications/ArmGNUToolchain/13.2.Rel1/arm-none-eabi/bin/../lib/gcc/arm-none-eabi/13.2.1/thumb/v6-m/nofp/crtbegin.o

.rodata         0x10006a30     0x1630
 *(EXCLUDE_FILE(*libm.a: *libc.a:*lib_a-mem*.o *libgcc.a:) .rodata*)
 .rodata.update_us_since_boot.str1.4
                0x10006a30      0xea6 CMakeFiles/dev_hid_composite.dir/main.c.obj
                                 0x66 (size before relaxing)
 .rodata.main.str1.4
                0x100078d6        0x5 CMakeFiles/dev_hid_composite.dir/main.c.obj
 *fill*         0x100078d6        0x2 
 .rodata.__func__.5
                0x100078d8       0x15 CMakeFiles/dev_hid_composite.dir/main.c.obj
 .rodata.str1.4
                0x100078ed       0x25 CMakeFiles/dev_hid_composite.dir/usb_descriptors.c.obj
 *fill*         0x100078ed        0x3 
 .rodata.__compound_literal.0
                0x100078f0        0x2 CMakeFiles/dev_hid_composite.dir/usb_descriptors.c.obj
 *fill*         0x100078f2        0x2 
 .rodata.desc_configuration
                0x100078f4       0x22 CMakeFiles/dev_hid_composite.dir/usb_descriptors.c.obj
                0x100078f4                desc_configuration
 *fill*         0x10007916        0x2 
 .rodata.desc_hid_report
                0x10007918       0xef CMakeFiles/dev_hid_composite.dir/usb_descriptors.c.obj
                0x10007918                desc_hid_report
 *fill*         0x10007a07        0x1 
 .rodata.desc_device
                0x10007a08       0x12 CMakeFiles/dev_hid_composite.dir/usb_descriptors.c.obj
                0x10007a08                desc_device
 .rodata.spin_lock_claim_unused.str1.4
                0x10007a1a       0x1b CMakeFiles/dev_hid_composite.dir/Users/jz/Desktop/Pico/pico-sdk/src/rp2_common/hardware_sync/sync.c.obj
 .rodata.resolve_branch.str1.4
                0x10007a1a       0x5a CMakeFiles/dev_hid_composite.dir/Users/jz/Desktop/Pico/pico-sdk/src/rp2_common/hardware_irq/irq.c.obj
 .rodata.make_branch.str1.4
                0x10007a1a       0x30 CMakeFiles/dev_hid_composite.dir/Users/jz/Desktop/Pico/pico-sdk/src/rp2_common/hardware_irq/irq.c.obj
 .rodata.insert_branch_and_link.str1.4
                0x10007a1a       0x10 CMakeFiles/dev_hid_composite.dir/Users/jz/Desktop/Pico/pico-sdk/src/rp2_common/hardware_irq/irq.c.obj
 .rodata.irq_set_exclusive_handler.str1.4
                0x10007a1a       0x36 CMakeFiles/dev_hid_composite.dir/Users/jz/Desktop/Pico/pico-sdk/src/rp2_common/hardware_irq/irq.c.obj
 .rodata.irq_add_shared_handler.str1.4
                0x10007a1a       0xc2 CMakeFiles/dev_hid_composite.dir/Users/jz/Desktop/Pico/pico-sdk/src/rp2_common/hardware_irq/irq.c.obj
 .rodata.irq_remove_handler.str1.4
                0x10007a1a       0x3a CMakeFiles/dev_hid_composite.dir/Users/jz/Desktop/Pico/pico-sdk/src/rp2_common/hardware_irq/irq.c.obj
 .rodata.irq_add_tail_to_free_list.str1.4
                0x10007a1a       0x3a CMakeFiles/dev_hid_composite.dir/Users/jz/Desktop/Pico/pico-sdk/src/rp2_common/hardware_irq/irq.c.obj
 *fill*         0x10007a1a        0x2 
 .rodata.__func__.0
                0x10007a1c       0x1a CMakeFiles/dev_hid_composite.dir/Users/jz/Desktop/Pico/pico-sdk/src/rp2_common/hardware_irq/irq.c.obj
 *fill*         0x10007a36        0x2 
 .rodata.__func__.1
                0x10007a38       0x17 CMakeFiles/dev_hid_composite.dir/Users/jz/Desktop/Pico/pico-sdk/src/rp2_common/hardware_irq/irq.c.obj
 *fill*         0x10007a4f        0x1 
 .rodata.__func__.2
                0x10007a50       0x13 CMakeFiles/dev_hid_composite.dir/Users/jz/Desktop/Pico/pico-sdk/src/rp2_common/hardware_irq/irq.c.obj
 *fill*         0x10007a63        0x1 
 .rodata.__func__.3
                0x10007a64        0xc CMakeFiles/dev_hid_composite.dir/Users/jz/Desktop/Pico/pico-sdk/src/rp2_common/hardware_irq/irq.c.obj
 .rodata.__func__.4
                0x10007a70        0xf CMakeFiles/dev_hid_composite.dir/Users/jz/Desktop/Pico/pico-sdk/src/rp2_common/hardware_irq/irq.c.obj
 *fill*         0x10007a7f        0x1 
 .rodata.__func__.5
                0x10007a80       0x17 CMakeFiles/dev_hid_composite.dir/Users/jz/Desktop/Pico/pico-sdk/src/rp2_common/hardware_irq/irq.c.obj
 *fill*         0x10007a97        0x1 
 .rodata.__func__.6
                0x10007a98       0x1a CMakeFiles/dev_hid_composite.dir/Users/jz/Desktop/Pico/pico-sdk/src/rp2_common/hardware_irq/irq.c.obj
 .rodata.update_us_since_boot.str1.4
                0x10007ab2       0x66 CMakeFiles/dev_hid_composite.dir/Users/jz/Desktop/Pico/pico-sdk/src/common/pico_sync/mutex.c.obj
 .rodata.str1.4
                0x10007ab2       0x91 CMakeFiles/dev_hid_composite.dir/Users/jz/Desktop/Pico/pico-sdk/src/common/pico_sync/mutex.c.obj
 *fill*         0x10007ab2        0x2 
 .rodata.__func__.1
                0x10007ab4        0xb CMakeFiles/dev_hid_composite.dir/Users/jz/Desktop/Pico/pico-sdk/src/common/pico_sync/mutex.c.obj
 *fill*         0x10007abf        0x1 
 .rodata.__func__.3
                0x10007ac0       0x18 CMakeFiles/dev_hid_composite.dir/Users/jz/Desktop/Pico/pico-sdk/src/common/pico_sync/mutex.c.obj
 .rodata.__func__.4
                0x10007ad8       0x15 CMakeFiles/dev_hid_composite.dir/Users/jz/Desktop/Pico/pico-sdk/src/common/pico_sync/mutex.c.obj
 .rodata.get_entry.str1.4
                0x10007aed       0x60 CMakeFiles/dev_hid_composite.dir/Users/jz/Desktop/Pico/pico-sdk/src/common/pico_time/time.c.obj
 .rodata.update_us_since_boot.str1.4
                0x10007aed       0x66 CMakeFiles/dev_hid_composite.dir/Users/jz/Desktop/Pico/pico-sdk/src/common/pico_time/time.c.obj
 .rodata.ph_get_node.str1.4
                0x10007aed       0x6b CMakeFiles/dev_hid_composite.dir/Users/jz/Desktop/Pico/pico-sdk/src/common/pico_time/time.c.obj
 .rodata.ph_add_child_node.str1.4
                0x10007aed       0x2e CMakeFiles/dev_hid_composite.dir/Users/jz/Desktop/Pico/pico-sdk/src/common/pico_time/time.c.obj
 .rodata.ph_insert_node.str1.4
                0x10007aed        0x3 CMakeFiles/dev_hid_composite.dir/Users/jz/Desktop/Pico/pico-sdk/src/common/pico_time/time.c.obj
 .rodata.ph_free_node.str1.4
                0x10007aed       0x38 CMakeFiles/dev_hid_composite.dir/Users/jz/Desktop/Pico/pico-sdk/src/common/pico_time/time.c.obj
 .rodata.add_alarm_under_lock.str1.4
                0x10007aed       0x28 CMakeFiles/dev_hid_composite.dir/Users/jz/Desktop/Pico/pico-sdk/src/common/pico_time/time.c.obj
 .rodata.alarm_pool_alarm_callback.str1.4
                0x10007aed       0x60 CMakeFiles/dev_hid_composite.dir/Users/jz/Desktop/Pico/pico-sdk/src/common/pico_time/time.c.obj
 .rodata.alarm_pool_get_default.str1.4
                0x10007aed       0x21 CMakeFiles/dev_hid_composite.dir/Users/jz/Desktop/Pico/pico-sdk/src/common/pico_time/time.c.obj
 .rodata.alarm_pool_cancel_alarm.str1.4
                0x10007aed       0x27 CMakeFiles/dev_hid_composite.dir/Users/jz/Desktop/Pico/pico-sdk/src/common/pico_time/time.c.obj
 .rodata.sleep_until.str1.4
                0x10007aed       0x4d CMakeFiles/dev_hid_composite.dir/Users/jz/Desktop/Pico/pico-sdk/src/common/pico_time/time.c.obj
 *fill*         0x10007aed        0x3 
 .rodata.__func__.1
                0x10007af0       0x18 CMakeFiles/dev_hid_composite.dir/Users/jz/Desktop/Pico/pico-sdk/src/common/pico_time/time.c.obj
 .rodata.__func__.3
                0x10007b08       0x17 CMakeFiles/dev_hid_composite.dir/Users/jz/Desktop/Pico/pico-sdk/src/common/pico_time/time.c.obj
 *fill*         0x10007b1f        0x1 
 .rodata.__func__.4
                0x10007b20       0x12 CMakeFiles/dev_hid_composite.dir/Users/jz/Desktop/Pico/pico-sdk/src/common/pico_time/time.c.obj
 *fill*         0x10007b32        0x2 
 .rodata.__func__.5
                0x10007b34        0xd CMakeFiles/dev_hid_composite.dir/Users/jz/Desktop/Pico/pico-sdk/src/common/pico_time/time.c.obj
 *fill*         0x10007b41        0x3 
 .rodata.__func__.6
                0x10007b44       0x12 CMakeFiles/dev_hid_composite.dir/Users/jz/Desktop/Pico/pico-sdk/src/common/pico_time/time.c.obj
 *fill*         0x10007b56        0x2 
 .rodata.__func__.7
                0x10007b58        0xf CMakeFiles/dev_hid_composite.dir/Users/jz/Desktop/Pico/pico-sdk/src/common/pico_time/time.c.obj
 *fill*         0x10007b67        0x1 
 .rodata.__func__.8
                0x10007b68        0xc CMakeFiles/dev_hid_composite.dir/Users/jz/Desktop/Pico/pico-sdk/src/common/pico_time/time.c.obj
 .rodata.__func__.9
                0x10007b74       0x15 CMakeFiles/dev_hid_composite.dir/Users/jz/Desktop/Pico/pico-sdk/src/common/pico_time/time.c.obj
 *fill*         0x10007b89        0x3 
 .rodata.__func__.10
                0x10007b8c       0x15 CMakeFiles/dev_hid_composite.dir/Users/jz/Desktop/Pico/pico-sdk/src/common/pico_time/time.c.obj
 *fill*         0x10007ba1        0x3 
 .rodata.__func__.11
                0x10007ba4       0x1a CMakeFiles/dev_hid_composite.dir/Users/jz/Desktop/Pico/pico-sdk/src/common/pico_time/time.c.obj
 *fill*         0x10007bbe        0x2 
 .rodata.__func__.12
                0x10007bc0        0xa CMakeFiles/dev_hid_composite.dir/Users/jz/Desktop/Pico/pico-sdk/src/common/pico_time/time.c.obj
 .rodata.hardware_alarm_claim.str1.4
                0x10007bca       0x22 CMakeFiles/dev_hid_composite.dir/Users/jz/Desktop/Pico/pico-sdk/src/rp2_common/hardware_timer/timer.c.obj
 .rodata.hardware_alarm_set_target.str1.4
                0x10007bca       0x6a CMakeFiles/dev_hid_composite.dir/Users/jz/Desktop/Pico/pico-sdk/src/rp2_common/hardware_timer/timer.c.obj
 *fill*         0x10007bca        0x2 
 .rodata.__func__.0
                0x10007bcc       0x1a CMakeFiles/dev_hid_composite.dir/Users/jz/Desktop/Pico/pico-sdk/src/rp2_common/hardware_timer/timer.c.obj
 .rodata.ph_get_node.str1.4
                0x10007be6       0x6b CMakeFiles/dev_hid_composite.dir/Users/jz/Desktop/Pico/pico-sdk/src/common/pico_util/pheap.c.obj
 .rodata.ph_add_child_node.str1.4
                0x10007be6       0x2e CMakeFiles/dev_hid_composite.dir/Users/jz/Desktop/Pico/pico-sdk/src/common/pico_util/pheap.c.obj
 .rodata.ph_remove_any_head.str1.4
                0x10007be6       0xa8 CMakeFiles/dev_hid_composite.dir/Users/jz/Desktop/Pico/pico-sdk/src/common/pico_util/pheap.c.obj
 .rodata.ph_remove_and_free_node.str1.4
                0x10007be6       0x26 CMakeFiles/dev_hid_composite.dir/Users/jz/Desktop/Pico/pico-sdk/src/common/pico_util/pheap.c.obj
 *fill*         0x10007be6        0x2 
 .rodata.__func__.0
                0x10007be8       0x18 CMakeFiles/dev_hid_composite.dir/Users/jz/Desktop/Pico/pico-sdk/src/common/pico_util/pheap.c.obj
 .rodata.__func__.1
                0x10007c00       0x13 CMakeFiles/dev_hid_composite.dir/Users/jz/Desktop/Pico/pico-sdk/src/common/pico_util/pheap.c.obj
 *fill*         0x10007c13        0x1 
 .rodata.__func__.2
                0x10007c14       0x12 CMakeFiles/dev_hid_composite.dir/Users/jz/Desktop/Pico/pico-sdk/src/common/pico_util/pheap.c.obj
 *fill*         0x10007c26        0x2 
 .rodata.__func__.3
                0x10007c28        0xc CMakeFiles/dev_hid_composite.dir/Users/jz/Desktop/Pico/pico-sdk/src/common/pico_util/pheap.c.obj
 .rodata.clock_configure.str1.4
                0x10007c34       0x5c CMakeFiles/dev_hid_composite.dir/Users/jz/Desktop/Pico/pico-sdk/src/rp2_common/hardware_clocks/clocks.c.obj
 .rodata.__func__.1
                0x10007c34       0x10 CMakeFiles/dev_hid_composite.dir/Users/jz/Desktop/Pico/pico-sdk/src/rp2_common/hardware_clocks/clocks.c.obj
 .rodata.pll_init.str1.4
                0x10007c44      0x128 CMakeFiles/dev_hid_composite.dir/Users/jz/Desktop/Pico/pico-sdk/src/rp2_common/hardware_pll/pll.c.obj
 .rodata.__func__.0
                0x10007c44        0x9 CMakeFiles/dev_hid_composite.dir/Users/jz/Desktop/Pico/pico-sdk/src/rp2_common/hardware_pll/pll.c.obj
 .rodata.__assert_func.str1.4
                0x10007c4d       0x43 CMakeFiles/dev_hid_composite.dir/Users/jz/Desktop/Pico/pico-sdk/src/rp2_common/pico_runtime/runtime.c.obj
 .rodata.runtime_init.str1.4
                0x10007c4d       0x66 CMakeFiles/dev_hid_composite.dir/Users/jz/Desktop/Pico/pico-sdk/src/rp2_common/pico_runtime/runtime.c.obj
 .rodata.panic.str1.4
                0x10007c4d       0x12 CMakeFiles/dev_hid_composite.dir/Users/jz/Desktop/Pico/pico-sdk/src/rp2_common/pico_runtime/runtime.c.obj
 *fill*         0x10007c4d        0x3 
 .rodata.__func__.2
                0x10007c50        0xd CMakeFiles/dev_hid_composite.dir/Users/jz/Desktop/Pico/pico-sdk/src/rp2_common/pico_runtime/runtime.c.obj
 .rodata._ftoa.str1.4
                0x10007c5d       0x15 CMakeFiles/dev_hid_composite.dir/Users/jz/Desktop/Pico/pico-sdk/src/rp2_common/pico_printf/printf.c.obj
 *fill*         0x10007c5d        0x3 
 .rodata._vsnprintf
                0x10007c60      0x19c CMakeFiles/dev_hid_composite.dir/Users/jz/Desktop/Pico/pico-sdk/src/rp2_common/pico_printf/printf.c.obj
 *fill*         0x10007dfc        0x4 
 .rodata.pow10.0
                0x10007e00       0x50 CMakeFiles/dev_hid_composite.dir/Users/jz/Desktop/Pico/pico-sdk/src/rp2_common/pico_printf/printf.c.obj
 .rodata.__aeabi_double_init.str1.4
                0x10007e50       0xa1 CMakeFiles/dev_hid_composite.dir/Users/jz/Desktop/Pico/pico-sdk/src/rp2_common/pico_double/double_init_rom.c.obj
 .rodata.__func__.0
                0x10007e50       0x14 CMakeFiles/dev_hid_composite.dir/Users/jz/Desktop/Pico/pico-sdk/src/rp2_common/pico_double/double_init_rom.c.obj
 .rodata.__aeabi_float_init.str1.4
                0x10007e64       0x83 CMakeFiles/dev_hid_composite.dir/Users/jz/Desktop/Pico/pico-sdk/src/rp2_common/pico_float/float_init_rom.c.obj
 .rodata.__func__.0
                0x10007e64       0x13 CMakeFiles/dev_hid_composite.dir/Users/jz/Desktop/Pico/pico-sdk/src/rp2_common/pico_float/float_init_rom.c.obj
 .rodata.str1.4
                0x10007e77       0x48 CMakeFiles/dev_hid_composite.dir/Users/jz/Desktop/Pico/pico-sdk/src/rp2_common/pico_standard_link/binary_info.c.obj
 *fill*         0x10007e77        0x1 
 .rodata.__bi_81
                0x10007e78        0xc CMakeFiles/dev_hid_composite.dir/Users/jz/Desktop/Pico/pico-sdk/src/rp2_common/pico_standard_link/binary_info.c.obj
 .rodata.__bi_75
                0x10007e84        0xc CMakeFiles/dev_hid_composite.dir/Users/jz/Desktop/Pico/pico-sdk/src/rp2_common/pico_standard_link/binary_info.c.obj
 .rodata.__bi_44
                0x10007e90        0xc CMakeFiles/dev_hid_composite.dir/Users/jz/Desktop/Pico/pico-sdk/src/rp2_common/pico_standard_link/binary_info.c.obj
 .rodata.update_us_since_boot.str1.4
                0x10007e9c       0x66 CMakeFiles/dev_hid_composite.dir/Users/jz/Desktop/Pico/pico-sdk/src/rp2_common/pico_stdio/stdio.c.obj
 .rodata.crlf_str.2
                0x10007e9c        0x2 CMakeFiles/dev_hid_composite.dir/Users/jz/Desktop/Pico/pico-sdk/src/rp2_common/pico_stdio/stdio.c.obj
 *fill*         0x10007e9e        0x2 
 .rodata.__func__.3
                0x10007ea0       0x15 CMakeFiles/dev_hid_composite.dir/Users/jz/Desktop/Pico/pico-sdk/src/rp2_common/pico_stdio/stdio.c.obj
 .rodata.pico_get_unique_board_id_string.str1.4
                0x10007eb5       0x52 CMakeFiles/dev_hid_composite.dir/Users/jz/Desktop/Pico/pico-sdk/src/rp2_common/pico_unique_id/unique_id.c.obj
 *fill*         0x10007eb5        0x3 
 .rodata.__func__.0
                0x10007eb8       0x20 CMakeFiles/dev_hid_composite.dir/Users/jz/Desktop/Pico/pico-sdk/src/rp2_common/pico_unique_id/unique_id.c.obj
 .rodata.str1.4
                0x10007ed8      0x15e CMakeFiles/dev_hid_composite.dir/Users/jz/Desktop/Pico/pico-sdk/src/rp2_common/hardware_flash/flash.c.obj
 .rodata.__func__.0
                0x10007ed8        0xd CMakeFiles/dev_hid_composite.dir/Users/jz/Desktop/Pico/pico-sdk/src/rp2_common/hardware_flash/flash.c.obj
 .rodata._hw_endpoint_alloc.str1.4
                0x10007ee5       0xbd CMakeFiles/dev_hid_composite.dir/Users/jz/Desktop/Pico/pico-sdk/lib/tinyusb/src/portable/raspberrypi/rp2040/dcd_rp2040.c.obj
 .rodata.str1.4
                0x10007ee5       0x14 CMakeFiles/dev_hid_composite.dir/Users/jz/Desktop/Pico/pico-sdk/lib/tinyusb/src/portable/raspberrypi/rp2040/dcd_rp2040.c.obj
 .rodata.dcd_int_enable.str1.4
                0x10007ee5        0xc CMakeFiles/dev_hid_composite.dir/Users/jz/Desktop/Pico/pico-sdk/lib/tinyusb/src/portable/raspberrypi/rp2040/dcd_rp2040.c.obj
 *fill*         0x10007ee5        0x3 
 .rodata.__func__.0
                0x10007ee8        0xe CMakeFiles/dev_hid_composite.dir/Users/jz/Desktop/Pico/pico-sdk/lib/tinyusb/src/portable/raspberrypi/rp2040/dcd_rp2040.c.obj
 *fill*         0x10007ef6        0x2 
 .rodata.__func__.1
                0x10007ef8        0xe CMakeFiles/dev_hid_composite.dir/Users/jz/Desktop/Pico/pico-sdk/lib/tinyusb/src/portable/raspberrypi/rp2040/dcd_rp2040.c.obj
 *fill*         0x10007f06        0x2 
 .rodata.__func__.2
                0x10007f08       0x12 CMakeFiles/dev_hid_composite.dir/Users/jz/Desktop/Pico/pico-sdk/lib/tinyusb/src/portable/raspberrypi/rp2040/dcd_rp2040.c.obj
 *fill*         0x10007f1a        0x2 
 .rodata.__func__.3
                0x10007f1c       0x10 CMakeFiles/dev_hid_composite.dir/Users/jz/Desktop/Pico/pico-sdk/lib/tinyusb/src/portable/raspberrypi/rp2040/dcd_rp2040.c.obj
 .rodata.__func__.5
                0x10007f2c        0xf CMakeFiles/dev_hid_composite.dir/Users/jz/Desktop/Pico/pico-sdk/lib/tinyusb/src/portable/raspberrypi/rp2040/dcd_rp2040.c.obj
 *fill*         0x10007f3b        0x1 
 .rodata.__func__.6
                0x10007f3c       0x13 CMakeFiles/dev_hid_composite.dir/Users/jz/Desktop/Pico/pico-sdk/lib/tinyusb/src/portable/raspberrypi/rp2040/dcd_rp2040.c.obj
 *fill*         0x10007f4f        0x1 
 .rodata.__func__.7
                0x10007f50        0x9 CMakeFiles/dev_hid_composite.dir/Users/jz/Desktop/Pico/pico-sdk/lib/tinyusb/src/portable/raspberrypi/rp2040/dcd_rp2040.c.obj
 .rodata.str1.4
                0x10007f59       0xef CMakeFiles/dev_hid_composite.dir/Users/jz/Desktop/Pico/pico-sdk/lib/tinyusb/src/portable/raspberrypi/rp2040/rp2040_usb.c.obj
 *fill*         0x10007f59        0x3 
 .rodata.__func__.0
                0x10007f5c        0xf CMakeFiles/dev_hid_composite.dir/Users/jz/Desktop/Pico/pico-sdk/lib/tinyusb/src/portable/raspberrypi/rp2040/rp2040_usb.c.obj
 *fill*         0x10007f6b        0x1 
 .rodata.process_get_descriptor
                0x10007f6c       0x40 CMakeFiles/dev_hid_composite.dir/Users/jz/Desktop/Pico/pico-sdk/lib/tinyusb/src/device/usbd.c.obj
 .rodata.process_control_request
                0x10007fac       0x28 CMakeFiles/dev_hid_composite.dir/Users/jz/Desktop/Pico/pico-sdk/lib/tinyusb/src/device/usbd.c.obj
 .rodata.tud_task_ext
                0x10007fd4       0x24 CMakeFiles/dev_hid_composite.dir/Users/jz/Desktop/Pico/pico-sdk/lib/tinyusb/src/device/usbd.c.obj
 .rodata._usbd_driver
                0x10007ff8       0x18 CMakeFiles/dev_hid_composite.dir/Users/jz/Desktop/Pico/pico-sdk/lib/tinyusb/src/device/usbd.c.obj
 .rodata.hidd_control_xfer_cb
                0x10008010       0x30 CMakeFiles/dev_hid_composite.dir/Users/jz/Desktop/Pico/pico-sdk/lib/tinyusb/src/class/hid/hid_device.c.obj
 .rodata.str1.4
                0x10008040        0x4 CMakeFiles/dev_hid_composite.dir/Users/jz/Desktop/Pico/pico-sdk/lib/tinyusb/hw/bsp/rp2040/family.c.obj
 .rodata.__bi_142.0
                0x10008040        0xc CMakeFiles/dev_hid_composite.dir/Users/jz/Desktop/Pico/pico-sdk/lib/tinyusb/hw/bsp/rp2040/family.c.obj
 .rodata.i2c_set_baudrate.str1.4
                0x1000804c       0x62 CMakeFiles/dev_hid_composite.dir/Users/jz/Desktop/Pico/pico-sdk/src/rp2_common/hardware_i2c/i2c.c.obj
 .rodata.__func__.0
                0x1000804c       0x11 CMakeFiles/dev_hid_composite.dir/Users/jz/Desktop/Pico/pico-sdk/src/rp2_common/hardware_i2c/i2c.c.obj
                0x100080b0                        . = ALIGN (0x4)
 *fill*         0x1000805d        0x3 
 *(SORT_BY_ALIGNMENT(SORT_BY_NAME(.flashdata*)))
                0x10008060                        . = ALIGN (0x4)

.ARM.extab
 *(.ARM.extab* .gnu.linkonce.armextab.*)
                0x10008060                        __exidx_start = .

.ARM.exidx
 *(.ARM.exidx* .gnu.linkonce.armexidx.*)
                0x10008060                        __exidx_end = .
                0x10008060                        . = ALIGN (0x4)
                0x10008060                        __binary_info_start = .

.binary_info    0x10008060       0x20
 *(.binary_info.keep.*)
 .binary_info.keep.__bi_ptr81
                0x10008060        0x4 CMakeFiles/dev_hid_composite.dir/Users/jz/Desktop/Pico/pico-sdk/src/rp2_common/pico_standard_link/binary_info.c.obj
 .binary_info.keep.__bi_ptr75
                0x10008064        0x4 CMakeFiles/dev_hid_composite.dir/Users/jz/Desktop/Pico/pico-sdk/src/rp2_common/pico_standard_link/binary_info.c.obj
 .binary_info.keep.__bi_ptr50
                0x10008068        0x4 CMakeFiles/dev_hid_composite.dir/Users/jz/Desktop/Pico/pico-sdk/src/rp2_common/pico_standard_link/binary_info.c.obj
 .binary_info.keep.__bi_ptr44
                0x1000806c        0x4 CMakeFiles/dev_hid_composite.dir/Users/jz/Desktop/Pico/pico-sdk/src/rp2_common/pico_standard_link/binary_info.c.obj
 .binary_info.keep.__bi_ptr38
                0x10008070        0x4 CMakeFiles/dev_hid_composite.dir/Users/jz/Desktop/Pico/pico-sdk/src/rp2_common/pico_standard_link/binary_info.c.obj
 .binary_info.keep.__bi_ptr30
                0x10008074        0x4 CMakeFiles/dev_hid_composite.dir/Users/jz/Desktop/Pico/pico-sdk/src/rp2_common/pico_standard_link/binary_info.c.obj
 .binary_info.keep.__bi_ptr22
                0x10008078        0x4 CMakeFiles/dev_hid_composite.dir/Users/jz/Desktop/Pico/pico-sdk/src/rp2_common/pico_standard_link/binary_info.c.obj
 .binary_info.keep.__bi_ptr142
                0x1000807c        0x4 CMakeFiles/dev_hid_composite.dir/Users/jz/Desktop/Pico/pico-sdk/lib/tinyusb/hw/bsp/rp2040/family.c.obj
 *(.binary_info.*)
                0x10008080                        __binary_info_end = .

.rel.dyn        0x10008080        0x0
 .rel.iplt      0x10008080        0x0 /Applications/ArmGNUToolchain/13.2.Rel1/arm-none-eabi/bin/../lib/gcc/arm-none-eabi/13.2.1/thumb/v6-m/nofp/crtbegin.o
                0x10008080                        . = ALIGN (0x4)

.ram_vector_table
                0x20000000       0xc0
 *(.ram_vector_table)
 .ram_vector_table
                0x20000000       0xc0 CMakeFiles/dev_hid_composite.dir/Users/jz/Desktop/Pico/pico-sdk/src/rp2_common/pico_runtime/runtime.c.obj
                0x20000000                ram_vector_table

.data           0x200000c0      0xba0 load address 0x10008080
                0x200000c0                        __data_start__ = .
 *(vtable)
 *(.time_critical*)
 .time_critical.mutex_try_enter
                0x200000c0       0x46 CMakeFiles/dev_hid_composite.dir/Users/jz/Desktop/Pico/pico-sdk/src/common/pico_sync/mutex.c.obj
                0x200000c0                mutex_try_enter
 *fill*         0x20000106        0x2 
 .time_critical.mutex_enter_block_until
                0x20000108       0x8c CMakeFiles/dev_hid_composite.dir/Users/jz/Desktop/Pico/pico-sdk/src/common/pico_sync/mutex.c.obj
                0x20000108                mutex_enter_block_until
 .time_critical.mutex_try_enter_block_until
                0x20000194       0x34 CMakeFiles/dev_hid_composite.dir/Users/jz/Desktop/Pico/pico-sdk/src/common/pico_sync/mutex.c.obj
                0x20000194                mutex_try_enter_block_until
 .time_critical.mutex_enter_timeout_ms
                0x200001c8       0x1a CMakeFiles/dev_hid_composite.dir/Users/jz/Desktop/Pico/pico-sdk/src/common/pico_sync/mutex.c.obj
                0x200001c8                mutex_enter_timeout_ms
 *fill*         0x200001e2        0x2 
 .time_critical.mutex_exit
                0x200001e4       0x4c CMakeFiles/dev_hid_composite.dir/Users/jz/Desktop/Pico/pico-sdk/src/common/pico_sync/mutex.c.obj
                0x200001e4                mutex_exit
 .time_critical.flash_init_boot2_copyout
                0x20000230       0x30 CMakeFiles/dev_hid_composite.dir/Users/jz/Desktop/Pico/pico-sdk/src/rp2_common/hardware_flash/flash.c.obj
 .time_critical.flash_enable_xip_via_boot2
                0x20000260        0xc CMakeFiles/dev_hid_composite.dir/Users/jz/Desktop/Pico/pico-sdk/src/rp2_common/hardware_flash/flash.c.obj
 .time_critical.flash_cs_force
                0x2000026c       0x28 CMakeFiles/dev_hid_composite.dir/Users/jz/Desktop/Pico/pico-sdk/src/rp2_common/hardware_flash/flash.c.obj
 .time_critical.flash_do_cmd
                0x20000294       0xd8 CMakeFiles/dev_hid_composite.dir/Users/jz/Desktop/Pico/pico-sdk/src/rp2_common/hardware_flash/flash.c.obj
                0x20000294                flash_do_cmd
 .time_critical.reset_non_control_endpoints
                0x2000036c       0x40 CMakeFiles/dev_hid_composite.dir/Users/jz/Desktop/Pico/pico-sdk/lib/tinyusb/src/portable/raspberrypi/rp2040/dcd_rp2040.c.obj
 .time_critical.hw_handle_buff_status
                0x200003ac       0xa4 CMakeFiles/dev_hid_composite.dir/Users/jz/Desktop/Pico/pico-sdk/lib/tinyusb/src/portable/raspberrypi/rp2040/dcd_rp2040.c.obj
 .time_critical.dcd_rp2040_irq
                0x20000450      0x1b8 CMakeFiles/dev_hid_composite.dir/Users/jz/Desktop/Pico/pico-sdk/lib/tinyusb/src/portable/raspberrypi/rp2040/dcd_rp2040.c.obj
 .time_critical.e15_is_bulkin_ep
                0x20000608       0x2c CMakeFiles/dev_hid_composite.dir/Users/jz/Desktop/Pico/pico-sdk/lib/tinyusb/src/portable/raspberrypi/rp2040/rp2040_usb.c.obj
 .time_critical.e15_is_critical_frame_period
                0x20000634       0x30 CMakeFiles/dev_hid_composite.dir/Users/jz/Desktop/Pico/pico-sdk/lib/tinyusb/src/portable/raspberrypi/rp2040/rp2040_usb.c.obj
 .time_critical.prepare_ep_buffer
                0x20000664       0x6c CMakeFiles/dev_hid_composite.dir/Users/jz/Desktop/Pico/pico-sdk/lib/tinyusb/src/portable/raspberrypi/rp2040/rp2040_usb.c.obj
 .time_critical.sync_ep_buffer
                0x200006d0       0x7c CMakeFiles/dev_hid_composite.dir/Users/jz/Desktop/Pico/pico-sdk/lib/tinyusb/src/portable/raspberrypi/rp2040/rp2040_usb.c.obj
 .time_critical._hw_endpoint_xfer_sync
                0x2000074c       0x28 CMakeFiles/dev_hid_composite.dir/Users/jz/Desktop/Pico/pico-sdk/lib/tinyusb/src/portable/raspberrypi/rp2040/rp2040_usb.c.obj
 .time_critical.hw_endpoint_reset_transfer
                0x20000774        0xc CMakeFiles/dev_hid_composite.dir/Users/jz/Desktop/Pico/pico-sdk/lib/tinyusb/src/portable/raspberrypi/rp2040/rp2040_usb.c.obj
                0x20000774                hw_endpoint_reset_transfer
 .time_critical._hw_endpoint_buffer_control_update32
                0x20000780       0x58 CMakeFiles/dev_hid_composite.dir/Users/jz/Desktop/Pico/pico-sdk/lib/tinyusb/src/portable/raspberrypi/rp2040/rp2040_usb.c.obj
                0x20000780                _hw_endpoint_buffer_control_update32
 .time_critical.hw_endpoint_start_next_buffer
                0x200007d8       0x88 CMakeFiles/dev_hid_composite.dir/Users/jz/Desktop/Pico/pico-sdk/lib/tinyusb/src/portable/raspberrypi/rp2040/rp2040_usb.c.obj
                0x200007d8                hw_endpoint_start_next_buffer
 .time_critical.hw_endpoint_xfer_continue
                0x20000860       0x50 CMakeFiles/dev_hid_composite.dir/Users/jz/Desktop/Pico/pico-sdk/lib/tinyusb/src/portable/raspberrypi/rp2040/rp2040_usb.c.obj
                0x20000860                hw_endpoint_xfer_continue
 .time_critical.tinyusb
                0x200008b0      0x1ac CMakeFiles/dev_hid_composite.dir/Users/jz/Desktop/Pico/pico-sdk/lib/tinyusb/src/device/usbd.c.obj
                0x200008b0                dcd_event_handler
 .time_critical.get_bootsel_button
                0x20000a5c       0x60 CMakeFiles/dev_hid_composite.dir/Users/jz/Desktop/Pico/pico-sdk/lib/tinyusb/hw/bsp/rp2040/family.c.obj
                0x20000a5c                get_bootsel_button
 *(.text*)
 .text          0x20000abc        0x4 /Applications/ArmGNUToolchain/13.2.Rel1/arm-none-eabi/bin/../lib/gcc/arm-none-eabi/13.2.1/thumb/v6-m/nofp/libgcc.a(_dvmd_tls.o)
                0x20000abc                __aeabi_ldiv0
                0x20000abc                __aeabi_idiv0
 .text.__stub   0x20000ac0       0xa0 linker stubs
                0x20000b60                        . = ALIGN (0x4)
 *(.rodata*)
                0x20000b60                        . = ALIGN (0x4)
 *(.data*)
 .data.blink_interval_ms
                0x20000b60        0x4 CMakeFiles/dev_hid_composite.dir/main.c.obj
 .data.string_desc_arr
                0x20000b64       0x10 CMakeFiles/dev_hid_composite.dir/usb_descriptors.c.obj
                0x20000b64                string_desc_arr
 .data.striped_spin_lock_num
                0x20000b74        0x1 CMakeFiles/dev_hid_composite.dir/Users/jz/Desktop/Pico/pico-sdk/src/rp2_common/hardware_sync/sync.c.obj
 *fill*         0x20000b75        0x3 
 .data          0x20000b78       0x48 CMakeFiles/dev_hid_composite.dir/Users/jz/Desktop/Pico/pico-sdk/src/rp2_common/hardware_irq/irq_handler_chain.S.obj
                0x20000b78                irq_handler_chain_slots
                0x20000ba8                irq_handler_chain_first_slot
                0x20000bb2                irq_handler_chain_remove_tail
 .data.default_alarm_pool
                0x20000bc0       0x18 CMakeFiles/dev_hid_composite.dir/Users/jz/Desktop/Pico/pico-sdk/src/common/pico_time/time.c.obj
 .data.default_alarm_pool_heap
                0x20000bd8       0x10 CMakeFiles/dev_hid_composite.dir/Users/jz/Desktop/Pico/pico-sdk/src/common/pico_time/time.c.obj
 *fill*         0x20000be8        0x8 
 .data.aeabi_bits_funcs
                0x20000bf0       0x10 CMakeFiles/dev_hid_composite.dir/Users/jz/Desktop/Pico/pico-sdk/src/rp2_common/pico_bit_ops/bit_ops_aeabi.S.obj
                0x20000bf0                aeabi_bits_funcs
                0x20000c00                aeabi_bits_funcs_end
 .data.aeabi_mem_funcs
                0x20000c00       0x10 CMakeFiles/dev_hid_composite.dir/Users/jz/Desktop/Pico/pico-sdk/src/rp2_common/pico_mem_ops/mem_ops_aeabi.S.obj
                0x20000c00                aeabi_mem_funcs
                0x20000c10                aeabi_mem_funcs_end
 .data.ep_dir_string
                0x20000c10        0x8 CMakeFiles/dev_hid_composite.dir/Users/jz/Desktop/Pico/pico-sdk/lib/tinyusb/src/portable/raspberrypi/rp2040/rp2040_usb.c.obj
                0x20000c10                ep_dir_string
 .data._usbd_qdef
                0x20000c18       0x1c CMakeFiles/dev_hid_composite.dir/Users/jz/Desktop/Pico/pico-sdk/lib/tinyusb/src/device/usbd.c.obj
                0x20000c18                _usbd_qdef
 .data._usbd_rhport
                0x20000c34        0x1 CMakeFiles/dev_hid_composite.dir/Users/jz/Desktop/Pico/pico-sdk/lib/tinyusb/src/device/usbd.c.obj
 *fill*         0x20000c35        0x3 
 .data.i2c0_inst
                0x20000c38        0x8 CMakeFiles/dev_hid_composite.dir/Users/jz/Desktop/Pico/pico-sdk/src/rp2_common/hardware_i2c/i2c.c.obj
                0x20000c38                i2c0_inst
                0x20000c40                        . = ALIGN (0x4)
 *(.after_data.*)
                0x20000c40                        . = ALIGN (0x4)
                0x20000c40                        PROVIDE (__mutex_array_start = .)
 *(SORT_BY_NAME(.mutex_array.*))
 *(.mutex_array)
 .mutex_array   0x20000c40        0x8 CMakeFiles/dev_hid_composite.dir/Users/jz/Desktop/Pico/pico-sdk/src/rp2_common/pico_stdio/stdio.c.obj
                0x20000c48                        PROVIDE (__mutex_array_end = .)
                0x20000c48                        . = ALIGN (0x4)
                0x20000c48                        PROVIDE (__preinit_array_start = .)
 *(SORT_BY_NAME(.preinit_array.*))
 .preinit_array.00001
                0x20000c48        0x4 CMakeFiles/dev_hid_composite.dir/Users/jz/Desktop/Pico/pico-sdk/src/rp2_common/pico_mem_ops/mem_ops_aeabi.S.obj
 .preinit_array.00010
                0x20000c4c        0x4 CMakeFiles/dev_hid_composite.dir/Users/jz/Desktop/Pico/pico-sdk/src/rp2_common/pico_bit_ops/bit_ops_aeabi.S.obj
 .preinit_array.00020
                0x20000c50        0x4 CMakeFiles/dev_hid_composite.dir/Users/jz/Desktop/Pico/pico-sdk/src/rp2_common/pico_double/double_aeabi.S.obj
 .preinit_array.00020
                0x20000c54        0x4 CMakeFiles/dev_hid_composite.dir/Users/jz/Desktop/Pico/pico-sdk/src/rp2_common/pico_float/float_aeabi.S.obj
 *(.preinit_array)
                0x20000c58                        PROVIDE (__preinit_array_end = .)
                0x20000c58                        . = ALIGN (0x4)
                0x20000c58                        PROVIDE (__init_array_start = .)
 *(SORT_BY_NAME(.init_array.*))
 *(.init_array)
 .init_array    0x20000c58        0x4 /Applications/ArmGNUToolchain/13.2.Rel1/arm-none-eabi/bin/../lib/gcc/arm-none-eabi/13.2.1/thumb/v6-m/nofp/crtbegin.o
 .init_array    0x20000c5c        0x4 CMakeFiles/dev_hid_composite.dir/Users/jz/Desktop/Pico/pico-sdk/src/rp2_common/pico_unique_id/unique_id.c.obj
                0x20000c60                        PROVIDE (__init_array_end = .)
                0x20000c60                        . = ALIGN (0x4)
                [!provide]                        PROVIDE (__fini_array_start = .)
 *(SORT_BY_NAME(.fini_array.*))
 *(.fini_array)
                [!provide]                        PROVIDE (__fini_array_end = .)
 *(.jcr)
                0x20000c60                        . = ALIGN (0x4)
                0x20000c60                        __data_end__ = .
                0x10008080                        __etext = LOADADDR (.data)

.tm_clone_table